<!doctype html public "-//w3c//dtd html 4.0 transitional//en">
<html><head>
<title>Static Call Graph - [..\OBJ\RH-NEW.axf]</title></head>
<body><HR>
<H1>Static Call Graph for image ..\OBJ\RH-NEW.axf</H1><HR>
<BR><P>#&#060CALLGRAPH&#062# ARM Linker, 4.1 [Build 894]: Last Updated: Tue Jan 05 18:33:45 2016
<BR><P>
<H3>Maximum Stack Usage =        280 bytes + Unknown(Cycles, Untraceable Function Pointers)</H3><H3>
Call chain for Maximum Stack Depth:</H3>
main &rArr; datadeal &rArr; datadeal_digi &rArr; dig_clock_deal &rArr; dig_write &rArr; srs
<P>
<H3>
Mutually Recursive functions
</H3> <LI><a href="#[96]">settime</a>&nbsp;&nbsp;&nbsp;&rArr;&nbsp;&nbsp;&nbsp;<a href="#[bd]">date_switch</a><BR>
 <LI><a href="#[3a]">delay</a>&nbsp;&nbsp;&nbsp;&rArr;&nbsp;&nbsp;&nbsp;<a href="#[3a]">delay</a><BR>
 <LI><a href="#[3]">MemManage_Handler</a>&nbsp;&nbsp;&nbsp;&rArr;&nbsp;&nbsp;&nbsp;<a href="#[3]">MemManage_Handler</a><BR>
 <LI><a href="#[4]">BusFault_Handler</a>&nbsp;&nbsp;&nbsp;&rArr;&nbsp;&nbsp;&nbsp;<a href="#[4]">BusFault_Handler</a><BR>
 <LI><a href="#[5]">UsageFault_Handler</a>&nbsp;&nbsp;&nbsp;&rArr;&nbsp;&nbsp;&nbsp;<a href="#[5]">UsageFault_Handler</a><BR>
 <LI><a href="#[9a]">delay</a>&nbsp;&nbsp;&nbsp;&rArr;&nbsp;&nbsp;&nbsp;<a href="#[9a]">delay</a><BR>
 <LI><a href="#[1c]">ADC1_2_IRQHandler</a>&nbsp;&nbsp;&nbsp;&rArr;&nbsp;&nbsp;&nbsp;<a href="#[1c]">ADC1_2_IRQHandler</a><BR>
</UL>
<P>
<H3>
Function Pointers
</H3><UL>
 <LI><a href="#[1c]">ADC1_2_IRQHandler</a> from startup_stm32f10x_md.o(.text) referenced from startup_stm32f10x_md.o(RESET)
 <LI><a href="#[4]">BusFault_Handler</a> from stm32f10x_it.o(.text) referenced from startup_stm32f10x_md.o(RESET)
 <LI><a href="#[1f]">CAN1_RX1_IRQHandler</a> from startup_stm32f10x_md.o(.text) referenced from startup_stm32f10x_md.o(RESET)
 <LI><a href="#[20]">CAN1_SCE_IRQHandler</a> from startup_stm32f10x_md.o(.text) referenced from startup_stm32f10x_md.o(RESET)
 <LI><a href="#[15]">DMA1_Channel1_IRQHandler</a> from startup_stm32f10x_md.o(.text) referenced from startup_stm32f10x_md.o(RESET)
 <LI><a href="#[16]">DMA1_Channel2_IRQHandler</a> from startup_stm32f10x_md.o(.text) referenced from startup_stm32f10x_md.o(RESET)
 <LI><a href="#[17]">DMA1_Channel3_IRQHandler</a> from startup_stm32f10x_md.o(.text) referenced from startup_stm32f10x_md.o(RESET)
 <LI><a href="#[18]">DMA1_Channel4_IRQHandler</a> from startup_stm32f10x_md.o(.text) referenced from startup_stm32f10x_md.o(RESET)
 <LI><a href="#[19]">DMA1_Channel5_IRQHandler</a> from startup_stm32f10x_md.o(.text) referenced from startup_stm32f10x_md.o(RESET)
 <LI><a href="#[1a]">DMA1_Channel6_IRQHandler</a> from startup_stm32f10x_md.o(.text) referenced from startup_stm32f10x_md.o(RESET)
 <LI><a href="#[1b]">DMA1_Channel7_IRQHandler</a> from startup_stm32f10x_md.o(.text) referenced from startup_stm32f10x_md.o(RESET)
 <LI><a href="#[7]">DebugMon_Handler</a> from stm32f10x_it.o(.text) referenced from startup_stm32f10x_md.o(RESET)
 <LI><a href="#[10]">EXTI0_IRQHandler</a> from startup_stm32f10x_md.o(.text) referenced from startup_stm32f10x_md.o(RESET)
 <LI><a href="#[32]">EXTI15_10_IRQHandler</a> from led.o(.text) referenced from startup_stm32f10x_md.o(RESET)
 <LI><a href="#[11]">EXTI1_IRQHandler</a> from startup_stm32f10x_md.o(.text) referenced from startup_stm32f10x_md.o(RESET)
 <LI><a href="#[12]">EXTI2_IRQHandler</a> from startup_stm32f10x_md.o(.text) referenced from startup_stm32f10x_md.o(RESET)
 <LI><a href="#[13]">EXTI3_IRQHandler</a> from startup_stm32f10x_md.o(.text) referenced from startup_stm32f10x_md.o(RESET)
 <LI><a href="#[14]">EXTI4_IRQHandler</a> from startup_stm32f10x_md.o(.text) referenced from startup_stm32f10x_md.o(RESET)
 <LI><a href="#[21]">EXTI9_5_IRQHandler</a> from startup_stm32f10x_md.o(.text) referenced from startup_stm32f10x_md.o(RESET)
 <LI><a href="#[e]">FLASH_IRQHandler</a> from startup_stm32f10x_md.o(.text) referenced from startup_stm32f10x_md.o(RESET)
 <LI><a href="#[2]">HardFault_Handler</a> from stm32f10x_it.o(.text) referenced from startup_stm32f10x_md.o(RESET)
 <LI><a href="#[2a]">I2C1_ER_IRQHandler</a> from startup_stm32f10x_md.o(.text) referenced from startup_stm32f10x_md.o(RESET)
 <LI><a href="#[29]">I2C1_EV_IRQHandler</a> from startup_stm32f10x_md.o(.text) referenced from startup_stm32f10x_md.o(RESET)
 <LI><a href="#[2c]">I2C2_ER_IRQHandler</a> from startup_stm32f10x_md.o(.text) referenced from startup_stm32f10x_md.o(RESET)
 <LI><a href="#[2b]">I2C2_EV_IRQHandler</a> from startup_stm32f10x_md.o(.text) referenced from startup_stm32f10x_md.o(RESET)
 <LI><a href="#[3]">MemManage_Handler</a> from stm32f10x_it.o(.text) referenced from startup_stm32f10x_md.o(RESET)
 <LI><a href="#[1]">NMI_Handler</a> from stm32f10x_it.o(.text) referenced from startup_stm32f10x_md.o(RESET)
 <LI><a href="#[b]">PVD_IRQHandler</a> from main.o(.text) referenced from startup_stm32f10x_md.o(RESET)
 <LI><a href="#[8]">PendSV_Handler</a> from stm32f10x_it.o(.text) referenced from startup_stm32f10x_md.o(RESET)
 <LI><a href="#[f]">RCC_IRQHandler</a> from startup_stm32f10x_md.o(.text) referenced from startup_stm32f10x_md.o(RESET)
 <LI><a href="#[33]">RTCAlarm_IRQHandler</a> from startup_stm32f10x_md.o(.text) referenced from startup_stm32f10x_md.o(RESET)
 <LI><a href="#[d]">RTC_IRQHandler</a> from led.o(.text) referenced from startup_stm32f10x_md.o(RESET)
 <LI><a href="#[0]">Reset_Handler</a> from startup_stm32f10x_md.o(.text) referenced from startup_stm32f10x_md.o(RESET)
 <LI><a href="#[2d]">SPI1_IRQHandler</a> from startup_stm32f10x_md.o(.text) referenced from startup_stm32f10x_md.o(RESET)
 <LI><a href="#[2e]">SPI2_IRQHandler</a> from startup_stm32f10x_md.o(.text) referenced from startup_stm32f10x_md.o(RESET)
 <LI><a href="#[6]">SVC_Handler</a> from stm32f10x_it.o(.text) referenced from startup_stm32f10x_md.o(RESET)
 <LI><a href="#[9]">SysTick_Handler</a> from stm32f10x_it.o(.text) referenced from startup_stm32f10x_md.o(RESET)
 <LI><a href="#[c]">TAMPER_IRQHandler</a> from startup_stm32f10x_md.o(.text) referenced from startup_stm32f10x_md.o(RESET)
 <LI><a href="#[22]">TIM1_BRK_IRQHandler</a> from startup_stm32f10x_md.o(.text) referenced from startup_stm32f10x_md.o(RESET)
 <LI><a href="#[25]">TIM1_CC_IRQHandler</a> from startup_stm32f10x_md.o(.text) referenced from startup_stm32f10x_md.o(RESET)
 <LI><a href="#[24]">TIM1_TRG_COM_IRQHandler</a> from startup_stm32f10x_md.o(.text) referenced from startup_stm32f10x_md.o(RESET)
 <LI><a href="#[23]">TIM1_UP_IRQHandler</a> from wifi_init.o(.text) referenced from startup_stm32f10x_md.o(RESET)
 <LI><a href="#[26]">TIM2_IRQHandler</a> from led.o(.text) referenced from startup_stm32f10x_md.o(RESET)
 <LI><a href="#[27]">TIM3_IRQHandler</a> from led.o(.text) referenced from startup_stm32f10x_md.o(RESET)
 <LI><a href="#[28]">TIM4_IRQHandler</a> from led.o(.text) referenced from startup_stm32f10x_md.o(RESET)
 <LI><a href="#[2f]">USART1_IRQHandler</a> from led.o(.text) referenced from startup_stm32f10x_md.o(RESET)
 <LI><a href="#[30]">USART2_IRQHandler</a> from startup_stm32f10x_md.o(.text) referenced from startup_stm32f10x_md.o(RESET)
 <LI><a href="#[31]">USART3_IRQHandler</a> from startup_stm32f10x_md.o(.text) referenced from startup_stm32f10x_md.o(RESET)
 <LI><a href="#[34]">USBWakeUp_IRQHandler</a> from startup_stm32f10x_md.o(.text) referenced from startup_stm32f10x_md.o(RESET)
 <LI><a href="#[1d]">USB_HP_CAN1_TX_IRQHandler</a> from startup_stm32f10x_md.o(.text) referenced from startup_stm32f10x_md.o(RESET)
 <LI><a href="#[1e]">USB_LP_CAN1_RX0_IRQHandler</a> from startup_stm32f10x_md.o(.text) referenced from startup_stm32f10x_md.o(RESET)
 <LI><a href="#[5]">UsageFault_Handler</a> from stm32f10x_it.o(.text) referenced from startup_stm32f10x_md.o(RESET)
 <LI><a href="#[a]">WWDG_IRQHandler</a> from startup_stm32f10x_md.o(.text) referenced from startup_stm32f10x_md.o(RESET)
 <LI><a href="#[37]">__main</a> from entry.o(.ARM.Collect$$$$00000000) referenced from startup_stm32f10x_md.o(.text)
 <LI><a href="#[65]">defaultplay</a> from led.o(.text) referenced 2 times from led.o(.text)
 <LI><a href="#[36]">ledplay_denglong</a> from export.o(.text) referenced from led.o(.text)
 <LI><a href="#[35]">main</a> from main.o(.text) referenced from entry8.o(.ARM.Collect$$$$00000009)
</UL>
<P>
<H3>
Global Symbols
</H3>
<P><STRONG><a name="[37]"></a>__main</STRONG> (Thumb, 0 bytes, Stack size unknown bytes, entry.o(.ARM.Collect$$$$00000000))
<BR>[Address Reference Count : 1]<UL><LI> startup_stm32f10x_md.o(.text)
</UL>
<P><STRONG><a name="[c5]"></a>_main_stk</STRONG> (Thumb, 0 bytes, Stack size unknown bytes, entry2.o(.ARM.Collect$$$$00000001))

<P><STRONG><a name="[38]"></a>_main_scatterload</STRONG> (Thumb, 0 bytes, Stack size unknown bytes, entry5.o(.ARM.Collect$$$$00000004))
<BR><BR>[Calls]<UL><LI><a href="#[39]">&gt;&gt;</a>&nbsp;&nbsp;&nbsp;__scatterload
</UL>

<P><STRONG><a name="[c4]"></a>__main_after_scatterload</STRONG> (Thumb, 0 bytes, Stack size unknown bytes, entry5.o(.ARM.Collect$$$$00000004))
<BR><BR>[Called By]<UL><LI><a href="#[39]">&gt;&gt;</a>&nbsp;&nbsp;&nbsp;__scatterload
</UL>

<P><STRONG><a name="[c6]"></a>_main_clock</STRONG> (Thumb, 0 bytes, Stack size unknown bytes, entry7b.o(.ARM.Collect$$$$00000008))

<P><STRONG><a name="[c7]"></a>_main_init</STRONG> (Thumb, 0 bytes, Stack size unknown bytes, entry8.o(.ARM.Collect$$$$00000009))

<P><STRONG><a name="[b]"></a>PVD_IRQHandler</STRONG> (Thumb, 56 bytes, Stack size 0 bytes, main.o(.text))
<BR><BR>[Stack]<UL><LI>Max Depth = 20<LI>Call Chain = PVD_IRQHandler &rArr; LEDPowerLow
</UL>
<BR>[Calls]<UL><LI><a href="#[3c]">&gt;&gt;</a>&nbsp;&nbsp;&nbsp;__aeabi_memclr
<LI><a href="#[3b]">&gt;&gt;</a>&nbsp;&nbsp;&nbsp;SoftReset
<LI><a href="#[3d]">&gt;&gt;</a>&nbsp;&nbsp;&nbsp;LEDPowerLow
</UL>
<BR>[Address Reference Count : 1]<UL><LI> startup_stm32f10x_md.o(RESET)
</UL>
<P><STRONG><a name="[35]"></a>main</STRONG> (Thumb, 1088 bytes, Stack size 0 bytes, main.o(.text))
<BR><BR>[Stack]<UL><LI>Max Depth = 280<LI>Call Chain = main &rArr; datadeal &rArr; datadeal_digi &rArr; dig_clock_deal &rArr; dig_write &rArr; srs
</UL>
<BR>[Calls]<UL><LI><a href="#[3c]">&gt;&gt;</a>&nbsp;&nbsp;&nbsp;__aeabi_memclr
<LI><a href="#[44]">&gt;&gt;</a>&nbsp;&nbsp;&nbsp;uart_init
<LI><a href="#[4b]">&gt;&gt;</a>&nbsp;&nbsp;&nbsp;timer3_init
<LI><a href="#[4d]">&gt;&gt;</a>&nbsp;&nbsp;&nbsp;timer1_init
<LI><a href="#[5b]">&gt;&gt;</a>&nbsp;&nbsp;&nbsp;time_datadeal
<LI><a href="#[47]">&gt;&gt;</a>&nbsp;&nbsp;&nbsp;spi_init
<LI><a href="#[57]">&gt;&gt;</a>&nbsp;&nbsp;&nbsp;show_err
<LI><a href="#[4f]">&gt;&gt;</a>&nbsp;&nbsp;&nbsp;show
<LI><a href="#[46]">&gt;&gt;</a>&nbsp;&nbsp;&nbsp;send_string
<LI><a href="#[49]">&gt;&gt;</a>&nbsp;&nbsp;&nbsp;screen_init
<LI><a href="#[43]">&gt;&gt;</a>&nbsp;&nbsp;&nbsp;rtc_init
<LI><a href="#[59]">&gt;&gt;</a>&nbsp;&nbsp;&nbsp;program_deal
<LI><a href="#[4a]">&gt;&gt;</a>&nbsp;&nbsp;&nbsp;ledplay_denglongHei
<LI><a href="#[36]">&gt;&gt;</a>&nbsp;&nbsp;&nbsp;ledplay_denglong
<LI><a href="#[51]">&gt;&gt;</a>&nbsp;&nbsp;&nbsp;flash_read_write
<LI><a href="#[55]">&gt;&gt;</a>&nbsp;&nbsp;&nbsp;flash_read
<LI><a href="#[54]">&gt;&gt;</a>&nbsp;&nbsp;&nbsp;flash_chip_erase
<LI><a href="#[48]">&gt;&gt;</a>&nbsp;&nbsp;&nbsp;flash_check
<LI><a href="#[56]">&gt;&gt;</a>&nbsp;&nbsp;&nbsp;flash_byte_write
<LI><a href="#[50]">&gt;&gt;</a>&nbsp;&nbsp;&nbsp;exti_init
<LI><a href="#[5a]">&gt;&gt;</a>&nbsp;&nbsp;&nbsp;datadeal
<LI><a href="#[4c]">&gt;&gt;</a>&nbsp;&nbsp;&nbsp;clr_screen
<LI><a href="#[3b]">&gt;&gt;</a>&nbsp;&nbsp;&nbsp;SoftReset
<LI><a href="#[58]">&gt;&gt;</a>&nbsp;&nbsp;&nbsp;ShowRtcError
<LI><a href="#[3e]">&gt;&gt;</a>&nbsp;&nbsp;&nbsp;RCC_Configuration
<LI><a href="#[40]">&gt;&gt;</a>&nbsp;&nbsp;&nbsp;NVIC_Configuration
<LI><a href="#[42]">&gt;&gt;</a>&nbsp;&nbsp;&nbsp;IWDG_Init
<LI><a href="#[4e]">&gt;&gt;</a>&nbsp;&nbsp;&nbsp;IWDG_Feed
<LI><a href="#[45]">&gt;&gt;</a>&nbsp;&nbsp;&nbsp;Get_SerialNum
<LI><a href="#[3f]">&gt;&gt;</a>&nbsp;&nbsp;&nbsp;GPIO_Configuration
<LI><a href="#[52]">&gt;&gt;</a>&nbsp;&nbsp;&nbsp;FLASH_Unlock
<LI><a href="#[53]">&gt;&gt;</a>&nbsp;&nbsp;&nbsp;FLASH_ErasePage
<LI><a href="#[41]">&gt;&gt;</a>&nbsp;&nbsp;&nbsp;PowerManagerInit
<LI><a href="#[3a]">&gt;&gt;</a>&nbsp;&nbsp;&nbsp;delay
</UL>
<BR>[Address Reference Count : 1]<UL><LI> entry8.o(.ARM.Collect$$$$00000009)
</UL>
<P><STRONG><a name="[1]"></a>NMI_Handler</STRONG> (Thumb, 2 bytes, Stack size 0 bytes, stm32f10x_it.o(.text))
<BR>[Address Reference Count : 1]<UL><LI> startup_stm32f10x_md.o(RESET)
</UL>
<P><STRONG><a name="[2]"></a>HardFault_Handler</STRONG> (Thumb, 36 bytes, Stack size 8 bytes, stm32f10x_it.o(.text))
<BR><BR>[Stack]<UL><LI>Max Depth = 8<LI>Call Chain = HardFault_Handler
</UL>
<BR>[Calls]<UL><LI><a href="#[3b]">&gt;&gt;</a>&nbsp;&nbsp;&nbsp;SoftReset
</UL>
<BR>[Address Reference Count : 1]<UL><LI> startup_stm32f10x_md.o(RESET)
</UL>
<P><STRONG><a name="[3]"></a>MemManage_Handler</STRONG> (Thumb, 2 bytes, Stack size 0 bytes, stm32f10x_it.o(.text))
<BR><BR>[Calls]<UL><LI><a href="#[3]">&gt;&gt;</a>&nbsp;&nbsp;&nbsp;MemManage_Handler
</UL>
<BR>[Called By]<UL><LI><a href="#[3]">&gt;&gt;</a>&nbsp;&nbsp;&nbsp;MemManage_Handler
</UL>
<BR>[Address Reference Count : 1]<UL><LI> startup_stm32f10x_md.o(RESET)
</UL>
<P><STRONG><a name="[4]"></a>BusFault_Handler</STRONG> (Thumb, 2 bytes, Stack size 0 bytes, stm32f10x_it.o(.text))
<BR><BR>[Calls]<UL><LI><a href="#[4]">&gt;&gt;</a>&nbsp;&nbsp;&nbsp;BusFault_Handler
</UL>
<BR>[Called By]<UL><LI><a href="#[4]">&gt;&gt;</a>&nbsp;&nbsp;&nbsp;BusFault_Handler
</UL>
<BR>[Address Reference Count : 1]<UL><LI> startup_stm32f10x_md.o(RESET)
</UL>
<P><STRONG><a name="[5]"></a>UsageFault_Handler</STRONG> (Thumb, 2 bytes, Stack size 0 bytes, stm32f10x_it.o(.text))
<BR><BR>[Calls]<UL><LI><a href="#[5]">&gt;&gt;</a>&nbsp;&nbsp;&nbsp;UsageFault_Handler
</UL>
<BR>[Called By]<UL><LI><a href="#[5]">&gt;&gt;</a>&nbsp;&nbsp;&nbsp;UsageFault_Handler
</UL>
<BR>[Address Reference Count : 1]<UL><LI> startup_stm32f10x_md.o(RESET)
</UL>
<P><STRONG><a name="[6]"></a>SVC_Handler</STRONG> (Thumb, 2 bytes, Stack size 0 bytes, stm32f10x_it.o(.text))
<BR>[Address Reference Count : 1]<UL><LI> startup_stm32f10x_md.o(RESET)
</UL>
<P><STRONG><a name="[7]"></a>DebugMon_Handler</STRONG> (Thumb, 2 bytes, Stack size 0 bytes, stm32f10x_it.o(.text))
<BR>[Address Reference Count : 1]<UL><LI> startup_stm32f10x_md.o(RESET)
</UL>
<P><STRONG><a name="[8]"></a>PendSV_Handler</STRONG> (Thumb, 2 bytes, Stack size 0 bytes, stm32f10x_it.o(.text))
<BR>[Address Reference Count : 1]<UL><LI> startup_stm32f10x_md.o(RESET)
</UL>
<P><STRONG><a name="[9]"></a>SysTick_Handler</STRONG> (Thumb, 2 bytes, Stack size 0 bytes, stm32f10x_it.o(.text))
<BR>[Address Reference Count : 1]<UL><LI> startup_stm32f10x_md.o(RESET)
</UL>
<P><STRONG><a name="[3d]"></a>LEDPowerLow</STRONG> (Thumb, 66 bytes, Stack size 20 bytes, led.o(.text))
<BR><BR>[Stack]<UL><LI>Max Depth = 20<LI>Call Chain = LEDPowerLow
</UL>
<BR>[Called By]<UL><LI><a href="#[b]">&gt;&gt;</a>&nbsp;&nbsp;&nbsp;PVD_IRQHandler
</UL>

<P><STRONG><a name="[51]"></a>flash_read_write</STRONG> (Thumb, 102 bytes, Stack size 16 bytes, led.o(.text))
<BR><BR>[Stack]<UL><LI>Max Depth = 32<LI>Call Chain = flash_read_write &rArr; STMFLASH_WriteWord &rArr; STMFLASH_WaitDone
</UL>
<BR>[Calls]<UL><LI><a href="#[5c]">&gt;&gt;</a>&nbsp;&nbsp;&nbsp;STMFLASH_WriteWord
<LI><a href="#[52]">&gt;&gt;</a>&nbsp;&nbsp;&nbsp;FLASH_Unlock
<LI><a href="#[53]">&gt;&gt;</a>&nbsp;&nbsp;&nbsp;FLASH_ErasePage
</UL>
<BR>[Called By]<UL><LI><a href="#[23]">&gt;&gt;</a>&nbsp;&nbsp;&nbsp;TIM1_UP_IRQHandler
<LI><a href="#[ac]">&gt;&gt;</a>&nbsp;&nbsp;&nbsp;SET_ESP8266_WAKEY
<LI><a href="#[d]">&gt;&gt;</a>&nbsp;&nbsp;&nbsp;RTC_IRQHandler
<LI><a href="#[99]">&gt;&gt;</a>&nbsp;&nbsp;&nbsp;timer_bright_check
<LI><a href="#[98]">&gt;&gt;</a>&nbsp;&nbsp;&nbsp;time_sw
<LI><a href="#[2f]">&gt;&gt;</a>&nbsp;&nbsp;&nbsp;USART1_IRQHandler
<LI><a href="#[93]">&gt;&gt;</a>&nbsp;&nbsp;&nbsp;rcc_set
<LI><a href="#[92]">&gt;&gt;</a>&nbsp;&nbsp;&nbsp;timer_bright_set
<LI><a href="#[49]">&gt;&gt;</a>&nbsp;&nbsp;&nbsp;screen_init
<LI><a href="#[35]">&gt;&gt;</a>&nbsp;&nbsp;&nbsp;main
</UL>

<P><STRONG><a name="[58]"></a>ShowRtcError</STRONG> (Thumb, 120 bytes, Stack size 20 bytes, led.o(.text))
<BR><BR>[Stack]<UL><LI>Max Depth = 20<LI>Call Chain = ShowRtcError
</UL>
<BR>[Called By]<UL><LI><a href="#[35]">&gt;&gt;</a>&nbsp;&nbsp;&nbsp;main
</UL>

<P><STRONG><a name="[5d]"></a>ShowVersion</STRONG> (Thumb, 134 bytes, Stack size 8 bytes, led.o(.text), UNUSED)
<BR><BR>[Calls]<UL><LI><a href="#[5f]">&gt;&gt;</a>&nbsp;&nbsp;&nbsp;LEDShowModifyDate
<LI><a href="#[5e]">&gt;&gt;</a>&nbsp;&nbsp;&nbsp;LEDShowVersion
</UL>

<P><STRONG><a name="[4c]"></a>clr_screen</STRONG> (Thumb, 128 bytes, Stack size 32 bytes, led.o(.text))
<BR><BR>[Stack]<UL><LI>Max Depth = 32<LI>Call Chain = clr_screen
</UL>
<BR>[Calls]<UL><LI><a href="#[60]">&gt;&gt;</a>&nbsp;&nbsp;&nbsp;__aeabi_memclr4
</UL>
<BR>[Called By]<UL><LI><a href="#[2f]">&gt;&gt;</a>&nbsp;&nbsp;&nbsp;USART1_IRQHandler
<LI><a href="#[57]">&gt;&gt;</a>&nbsp;&nbsp;&nbsp;show_err
<LI><a href="#[35]">&gt;&gt;</a>&nbsp;&nbsp;&nbsp;main
</UL>

<P><STRONG><a name="[61]"></a>init_t4</STRONG> (Thumb, 118 bytes, Stack size 0 bytes, led.o(.text))
<BR><BR>[Calls]<UL><LI><a href="#[62]">&gt;&gt;</a>&nbsp;&nbsp;&nbsp;timer_init4
</UL>
<BR>[Called By]<UL><LI><a href="#[99]">&gt;&gt;</a>&nbsp;&nbsp;&nbsp;timer_bright_check
<LI><a href="#[49]">&gt;&gt;</a>&nbsp;&nbsp;&nbsp;screen_init
</UL>

<P><STRONG><a name="[65]"></a>defaultplay</STRONG> (Thumb, 2 bytes, Stack size 0 bytes, led.o(.text))
<BR>[Address Reference Count : 1]<UL><LI> led.o(.text)
</UL>
<P><STRONG><a name="[63]"></a>read_buf</STRONG> (Thumb, 100 bytes, Stack size 24 bytes, led.o(.text))
<BR><BR>[Stack]<UL><LI>Max Depth = 32<LI>Call Chain = read_buf &rArr; flash_read
</UL>
<BR>[Calls]<UL><LI><a href="#[64]">&gt;&gt;</a>&nbsp;&nbsp;&nbsp;send_byte
<LI><a href="#[55]">&gt;&gt;</a>&nbsp;&nbsp;&nbsp;flash_read
</UL>
<BR>[Called By]<UL><LI><a href="#[8a]">&gt;&gt;</a>&nbsp;&nbsp;&nbsp;time_count
<LI><a href="#[69]">&gt;&gt;</a>&nbsp;&nbsp;&nbsp;show_timers
<LI><a href="#[86]">&gt;&gt;</a>&nbsp;&nbsp;&nbsp;dig_clock_deal
<LI><a href="#[81]">&gt;&gt;</a>&nbsp;&nbsp;&nbsp;datadeal_sim
<LI><a href="#[68]">&gt;&gt;</a>&nbsp;&nbsp;&nbsp;area_deal
<LI><a href="#[67]">&gt;&gt;</a>&nbsp;&nbsp;&nbsp;info_init
<LI><a href="#[49]">&gt;&gt;</a>&nbsp;&nbsp;&nbsp;screen_init
<LI><a href="#[59]">&gt;&gt;</a>&nbsp;&nbsp;&nbsp;program_deal
</UL>

<P><STRONG><a name="[49]"></a>screen_init</STRONG> (Thumb, 600 bytes, Stack size 40 bytes, led.o(.text))
<BR><BR>[Stack]<UL><LI>Max Depth = 72<LI>Call Chain = screen_init &rArr; read_buf &rArr; flash_read
</UL>
<BR>[Calls]<UL><LI><a href="#[60]">&gt;&gt;</a>&nbsp;&nbsp;&nbsp;__aeabi_memclr4
<LI><a href="#[66]">&gt;&gt;</a>&nbsp;&nbsp;&nbsp;timer_init
<LI><a href="#[63]">&gt;&gt;</a>&nbsp;&nbsp;&nbsp;read_buf
<LI><a href="#[61]">&gt;&gt;</a>&nbsp;&nbsp;&nbsp;init_t4
<LI><a href="#[51]">&gt;&gt;</a>&nbsp;&nbsp;&nbsp;flash_read_write
<LI><a href="#[55]">&gt;&gt;</a>&nbsp;&nbsp;&nbsp;flash_read
</UL>
<BR>[Called By]<UL><LI><a href="#[35]">&gt;&gt;</a>&nbsp;&nbsp;&nbsp;main
</UL>

<P><STRONG><a name="[67]"></a>info_init</STRONG> (Thumb, 196 bytes, Stack size 16 bytes, led.o(.text))
<BR><BR>[Stack]<UL><LI>Max Depth = 48<LI>Call Chain = info_init &rArr; read_buf &rArr; flash_read
</UL>
<BR>[Calls]<UL><LI><a href="#[63]">&gt;&gt;</a>&nbsp;&nbsp;&nbsp;read_buf
</UL>
<BR>[Called By]<UL><LI><a href="#[88]">&gt;&gt;</a>&nbsp;&nbsp;&nbsp;pro_end
<LI><a href="#[68]">&gt;&gt;</a>&nbsp;&nbsp;&nbsp;area_deal
<LI><a href="#[5a]">&gt;&gt;</a>&nbsp;&nbsp;&nbsp;datadeal
</UL>

<P><STRONG><a name="[68]"></a>area_deal</STRONG> (Thumb, 298 bytes, Stack size 24 bytes, led.o(.text))
<BR><BR>[Stack]<UL><LI>Max Depth = 72<LI>Call Chain = area_deal &rArr; info_init &rArr; read_buf &rArr; flash_read
</UL>
<BR>[Calls]<UL><LI><a href="#[64]">&gt;&gt;</a>&nbsp;&nbsp;&nbsp;send_byte
<LI><a href="#[67]">&gt;&gt;</a>&nbsp;&nbsp;&nbsp;info_init
<LI><a href="#[63]">&gt;&gt;</a>&nbsp;&nbsp;&nbsp;read_buf
<LI><a href="#[55]">&gt;&gt;</a>&nbsp;&nbsp;&nbsp;flash_read
</UL>
<BR>[Called By]<UL><LI><a href="#[59]">&gt;&gt;</a>&nbsp;&nbsp;&nbsp;program_deal
</UL>

<P><STRONG><a name="[59]"></a>program_deal</STRONG> (Thumb, 408 bytes, Stack size 32 bytes, led.o(.text))
<BR><BR>[Stack]<UL><LI>Max Depth = 104<LI>Call Chain = program_deal &rArr; area_deal &rArr; info_init &rArr; read_buf &rArr; flash_read
</UL>
<BR>[Calls]<UL><LI><a href="#[60]">&gt;&gt;</a>&nbsp;&nbsp;&nbsp;__aeabi_memclr4
<LI><a href="#[69]">&gt;&gt;</a>&nbsp;&nbsp;&nbsp;show_timers
<LI><a href="#[64]">&gt;&gt;</a>&nbsp;&nbsp;&nbsp;send_byte
<LI><a href="#[68]">&gt;&gt;</a>&nbsp;&nbsp;&nbsp;area_deal
<LI><a href="#[63]">&gt;&gt;</a>&nbsp;&nbsp;&nbsp;read_buf
<LI><a href="#[55]">&gt;&gt;</a>&nbsp;&nbsp;&nbsp;flash_read
<LI><a href="#[4e]">&gt;&gt;</a>&nbsp;&nbsp;&nbsp;IWDG_Feed
</UL>
<BR>[Called By]<UL><LI><a href="#[35]">&gt;&gt;</a>&nbsp;&nbsp;&nbsp;main
</UL>

<P><STRONG><a name="[6a]"></a>srs</STRONG> (Thumb, 18 bytes, Stack size 8 bytes, led.o(.text))
<BR><BR>[Stack]<UL><LI>Max Depth = 8<LI>Call Chain = srs
</UL>
<BR>[Calls]<UL><LI><a href="#[64]">&gt;&gt;</a>&nbsp;&nbsp;&nbsp;send_byte
</UL>
<BR>[Called By]<UL><LI><a href="#[8c]">&gt;&gt;</a>&nbsp;&nbsp;&nbsp;hb_deal
<LI><a href="#[85]">&gt;&gt;</a>&nbsp;&nbsp;&nbsp;dig_write
<LI><a href="#[86]">&gt;&gt;</a>&nbsp;&nbsp;&nbsp;dig_clock_deal
<LI><a href="#[82]">&gt;&gt;</a>&nbsp;&nbsp;&nbsp;__dig_write
<LI><a href="#[81]">&gt;&gt;</a>&nbsp;&nbsp;&nbsp;datadeal_sim
<LI><a href="#[80]">&gt;&gt;</a>&nbsp;&nbsp;&nbsp;show_second
<LI><a href="#[7c]">&gt;&gt;</a>&nbsp;&nbsp;&nbsp;datadeal_move
<LI><a href="#[6c]">&gt;&gt;</a>&nbsp;&nbsp;&nbsp;still_display
<LI><a href="#[6b]">&gt;&gt;</a>&nbsp;&nbsp;&nbsp;write_hsel
</UL>

<P><STRONG><a name="[6b]"></a>write_hsel</STRONG> (Thumb, 124 bytes, Stack size 40 bytes, led.o(.text))
<BR><BR>[Stack]<UL><LI>Max Depth = 48<LI>Call Chain = write_hsel &rArr; srs
</UL>
<BR>[Calls]<UL><LI><a href="#[6a]">&gt;&gt;</a>&nbsp;&nbsp;&nbsp;srs
<LI><a href="#[55]">&gt;&gt;</a>&nbsp;&nbsp;&nbsp;flash_read
</UL>
<BR>[Called By]<UL><LI><a href="#[79]">&gt;&gt;</a>&nbsp;&nbsp;&nbsp;down_move
<LI><a href="#[78]">&gt;&gt;</a>&nbsp;&nbsp;&nbsp;up_move
<LI><a href="#[77]">&gt;&gt;</a>&nbsp;&nbsp;&nbsp;H_blinds
<LI><a href="#[72]">&gt;&gt;</a>&nbsp;&nbsp;&nbsp;closed_down_screen
<LI><a href="#[6d]">&gt;&gt;</a>&nbsp;&nbsp;&nbsp;pull_up_down_screen
</UL>

<P><STRONG><a name="[71]"></a>getbit</STRONG> (Thumb, 52 bytes, Stack size 0 bytes, led.o(.text))
<BR><BR>[Called By]<UL><LI><a href="#[7b]">&gt;&gt;</a>&nbsp;&nbsp;&nbsp;right_move
<LI><a href="#[7a]">&gt;&gt;</a>&nbsp;&nbsp;&nbsp;left_move
<LI><a href="#[76]">&gt;&gt;</a>&nbsp;&nbsp;&nbsp;V_blinds
<LI><a href="#[74]">&gt;&gt;</a>&nbsp;&nbsp;&nbsp;left_right_close
<LI><a href="#[6f]">&gt;&gt;</a>&nbsp;&nbsp;&nbsp;pull_left_right_screen
</UL>

<P><STRONG><a name="[6e]"></a>clr_buf</STRONG> (Thumb, 100 bytes, Stack size 36 bytes, led.o(.text))
<BR><BR>[Stack]<UL><LI>Max Depth = 36<LI>Call Chain = clr_buf
</UL>
<BR>[Called By]<UL><LI><a href="#[77]">&gt;&gt;</a>&nbsp;&nbsp;&nbsp;H_blinds
<LI><a href="#[76]">&gt;&gt;</a>&nbsp;&nbsp;&nbsp;V_blinds
<LI><a href="#[74]">&gt;&gt;</a>&nbsp;&nbsp;&nbsp;left_right_close
<LI><a href="#[72]">&gt;&gt;</a>&nbsp;&nbsp;&nbsp;closed_down_screen
<LI><a href="#[6f]">&gt;&gt;</a>&nbsp;&nbsp;&nbsp;pull_left_right_screen
<LI><a href="#[6d]">&gt;&gt;</a>&nbsp;&nbsp;&nbsp;pull_up_down_screen
</UL>

<P><STRONG><a name="[6c]"></a>still_display</STRONG> (Thumb, 240 bytes, Stack size 48 bytes, led.o(.text))
<BR><BR>[Stack]<UL><LI>Max Depth = 56<LI>Call Chain = still_display &rArr; srs
</UL>
<BR>[Calls]<UL><LI><a href="#[6a]">&gt;&gt;</a>&nbsp;&nbsp;&nbsp;srs
<LI><a href="#[55]">&gt;&gt;</a>&nbsp;&nbsp;&nbsp;flash_read
</UL>
<BR>[Called By]<UL><LI><a href="#[7d]">&gt;&gt;</a>&nbsp;&nbsp;&nbsp;datadeal_word
</UL>

<P><STRONG><a name="[6d]"></a>pull_up_down_screen</STRONG> (Thumb, 264 bytes, Stack size 32 bytes, led.o(.text))
<BR><BR>[Stack]<UL><LI>Max Depth = 80<LI>Call Chain = pull_up_down_screen &rArr; write_hsel &rArr; srs
</UL>
<BR>[Calls]<UL><LI><a href="#[6e]">&gt;&gt;</a>&nbsp;&nbsp;&nbsp;clr_buf
<LI><a href="#[6b]">&gt;&gt;</a>&nbsp;&nbsp;&nbsp;write_hsel
</UL>
<BR>[Called By]<UL><LI><a href="#[7d]">&gt;&gt;</a>&nbsp;&nbsp;&nbsp;datadeal_word
</UL>

<P><STRONG><a name="[70]"></a>clear</STRONG> (Thumb, 42 bytes, Stack size 16 bytes, led.o(.text))
<BR><BR>[Stack]<UL><LI>Max Depth = 16<LI>Call Chain = clear
</UL>
<BR>[Called By]<UL><LI><a href="#[6f]">&gt;&gt;</a>&nbsp;&nbsp;&nbsp;pull_left_right_screen
</UL>

<P><STRONG><a name="[6f]"></a>pull_left_right_screen</STRONG> (Thumb, 542 bytes, Stack size 64 bytes, led.o(.text))
<BR><BR>[Stack]<UL><LI>Max Depth = 100<LI>Call Chain = pull_left_right_screen &rArr; clr_buf
</UL>
<BR>[Calls]<UL><LI><a href="#[70]">&gt;&gt;</a>&nbsp;&nbsp;&nbsp;clear
<LI><a href="#[6e]">&gt;&gt;</a>&nbsp;&nbsp;&nbsp;clr_buf
<LI><a href="#[71]">&gt;&gt;</a>&nbsp;&nbsp;&nbsp;getbit
<LI><a href="#[55]">&gt;&gt;</a>&nbsp;&nbsp;&nbsp;flash_read
</UL>
<BR>[Called By]<UL><LI><a href="#[7d]">&gt;&gt;</a>&nbsp;&nbsp;&nbsp;datadeal_word
</UL>

<P><STRONG><a name="[72]"></a>closed_down_screen</STRONG> (Thumb, 180 bytes, Stack size 32 bytes, led.o(.text))
<BR><BR>[Stack]<UL><LI>Max Depth = 80<LI>Call Chain = closed_down_screen &rArr; write_hsel &rArr; srs
</UL>
<BR>[Calls]<UL><LI><a href="#[6e]">&gt;&gt;</a>&nbsp;&nbsp;&nbsp;clr_buf
<LI><a href="#[6b]">&gt;&gt;</a>&nbsp;&nbsp;&nbsp;write_hsel
</UL>
<BR>[Called By]<UL><LI><a href="#[7d]">&gt;&gt;</a>&nbsp;&nbsp;&nbsp;datadeal_word
<LI><a href="#[73]">&gt;&gt;</a>&nbsp;&nbsp;&nbsp;down_on_screen
</UL>

<P><STRONG><a name="[73]"></a>down_on_screen</STRONG> (Thumb, 18 bytes, Stack size 0 bytes, led.o(.text))
<BR><BR>[Stack]<UL><LI>Max Depth = 80<LI>Call Chain = down_on_screen &rArr; closed_down_screen &rArr; write_hsel &rArr; srs
</UL>
<BR>[Calls]<UL><LI><a href="#[72]">&gt;&gt;</a>&nbsp;&nbsp;&nbsp;closed_down_screen
</UL>
<BR>[Called By]<UL><LI><a href="#[7d]">&gt;&gt;</a>&nbsp;&nbsp;&nbsp;datadeal_word
</UL>

<P><STRONG><a name="[74]"></a>left_right_close</STRONG> (Thumb, 386 bytes, Stack size 56 bytes, led.o(.text))
<BR><BR>[Stack]<UL><LI>Max Depth = 92<LI>Call Chain = left_right_close &rArr; clr_buf
</UL>
<BR>[Calls]<UL><LI><a href="#[6e]">&gt;&gt;</a>&nbsp;&nbsp;&nbsp;clr_buf
<LI><a href="#[71]">&gt;&gt;</a>&nbsp;&nbsp;&nbsp;getbit
<LI><a href="#[55]">&gt;&gt;</a>&nbsp;&nbsp;&nbsp;flash_read
</UL>
<BR>[Called By]<UL><LI><a href="#[7d]">&gt;&gt;</a>&nbsp;&nbsp;&nbsp;datadeal_word
<LI><a href="#[75]">&gt;&gt;</a>&nbsp;&nbsp;&nbsp;left_right_open
</UL>

<P><STRONG><a name="[75]"></a>left_right_open</STRONG> (Thumb, 20 bytes, Stack size 0 bytes, led.o(.text))
<BR><BR>[Stack]<UL><LI>Max Depth = 92<LI>Call Chain = left_right_open &rArr; left_right_close &rArr; clr_buf
</UL>
<BR>[Calls]<UL><LI><a href="#[74]">&gt;&gt;</a>&nbsp;&nbsp;&nbsp;left_right_close
</UL>
<BR>[Called By]<UL><LI><a href="#[7d]">&gt;&gt;</a>&nbsp;&nbsp;&nbsp;datadeal_word
</UL>

<P><STRONG><a name="[76]"></a>V_blinds</STRONG> (Thumb, 306 bytes, Stack size 64 bytes, led.o(.text))
<BR><BR>[Stack]<UL><LI>Max Depth = 100<LI>Call Chain = V_blinds &rArr; clr_buf
</UL>
<BR>[Calls]<UL><LI><a href="#[6e]">&gt;&gt;</a>&nbsp;&nbsp;&nbsp;clr_buf
<LI><a href="#[71]">&gt;&gt;</a>&nbsp;&nbsp;&nbsp;getbit
<LI><a href="#[55]">&gt;&gt;</a>&nbsp;&nbsp;&nbsp;flash_read
</UL>
<BR>[Called By]<UL><LI><a href="#[7d]">&gt;&gt;</a>&nbsp;&nbsp;&nbsp;datadeal_word
</UL>

<P><STRONG><a name="[77]"></a>H_blinds</STRONG> (Thumb, 160 bytes, Stack size 32 bytes, led.o(.text))
<BR><BR>[Stack]<UL><LI>Max Depth = 80<LI>Call Chain = H_blinds &rArr; write_hsel &rArr; srs
</UL>
<BR>[Calls]<UL><LI><a href="#[6e]">&gt;&gt;</a>&nbsp;&nbsp;&nbsp;clr_buf
<LI><a href="#[6b]">&gt;&gt;</a>&nbsp;&nbsp;&nbsp;write_hsel
</UL>
<BR>[Called By]<UL><LI><a href="#[7d]">&gt;&gt;</a>&nbsp;&nbsp;&nbsp;datadeal_word
</UL>

<P><STRONG><a name="[78]"></a>up_move</STRONG> (Thumb, 770 bytes, Stack size 104 bytes, led.o(.text))
<BR><BR>[Stack]<UL><LI>Max Depth = 152<LI>Call Chain = up_move &rArr; write_hsel &rArr; srs
</UL>
<BR>[Calls]<UL><LI><a href="#[6b]">&gt;&gt;</a>&nbsp;&nbsp;&nbsp;write_hsel
</UL>
<BR>[Called By]<UL><LI><a href="#[7d]">&gt;&gt;</a>&nbsp;&nbsp;&nbsp;datadeal_word
</UL>

<P><STRONG><a name="[79]"></a>down_move</STRONG> (Thumb, 760 bytes, Stack size 128 bytes, led.o(.text))
<BR><BR>[Stack]<UL><LI>Max Depth = 176<LI>Call Chain = down_move &rArr; write_hsel &rArr; srs
</UL>
<BR>[Calls]<UL><LI><a href="#[6b]">&gt;&gt;</a>&nbsp;&nbsp;&nbsp;write_hsel
</UL>
<BR>[Called By]<UL><LI><a href="#[7d]">&gt;&gt;</a>&nbsp;&nbsp;&nbsp;datadeal_word
</UL>

<P><STRONG><a name="[7a]"></a>left_move</STRONG> (Thumb, 954 bytes, Stack size 112 bytes, led.o(.text))
<BR><BR>[Stack]<UL><LI>Max Depth = 120<LI>Call Chain = left_move &rArr; flash_read
</UL>
<BR>[Calls]<UL><LI><a href="#[71]">&gt;&gt;</a>&nbsp;&nbsp;&nbsp;getbit
<LI><a href="#[55]">&gt;&gt;</a>&nbsp;&nbsp;&nbsp;flash_read
</UL>
<BR>[Called By]<UL><LI><a href="#[7d]">&gt;&gt;</a>&nbsp;&nbsp;&nbsp;datadeal_word
</UL>

<P><STRONG><a name="[7b]"></a>right_move</STRONG> (Thumb, 972 bytes, Stack size 112 bytes, led.o(.text))
<BR><BR>[Stack]<UL><LI>Max Depth = 120<LI>Call Chain = right_move &rArr; flash_read
</UL>
<BR>[Calls]<UL><LI><a href="#[71]">&gt;&gt;</a>&nbsp;&nbsp;&nbsp;getbit
<LI><a href="#[55]">&gt;&gt;</a>&nbsp;&nbsp;&nbsp;flash_read
</UL>
<BR>[Called By]<UL><LI><a href="#[7d]">&gt;&gt;</a>&nbsp;&nbsp;&nbsp;datadeal_word
</UL>

<P><STRONG><a name="[7c]"></a>datadeal_move</STRONG> (Thumb, 246 bytes, Stack size 40 bytes, led.o(.text))
<BR><BR>[Stack]<UL><LI>Max Depth = 48<LI>Call Chain = datadeal_move &rArr; srs
</UL>
<BR>[Calls]<UL><LI><a href="#[6a]">&gt;&gt;</a>&nbsp;&nbsp;&nbsp;srs
<LI><a href="#[55]">&gt;&gt;</a>&nbsp;&nbsp;&nbsp;flash_read
</UL>
<BR>[Called By]<UL><LI><a href="#[7d]">&gt;&gt;</a>&nbsp;&nbsp;&nbsp;datadeal_word
<LI><a href="#[5a]">&gt;&gt;</a>&nbsp;&nbsp;&nbsp;datadeal
</UL>

<P><STRONG><a name="[7d]"></a>datadeal_word</STRONG> (Thumb, 234 bytes, Stack size 0 bytes, led.o(.text))
<BR><BR>[Stack]<UL><LI>Max Depth = 176<LI>Call Chain = datadeal_word &rArr; down_move &rArr; write_hsel &rArr; srs
</UL>
<BR>[Calls]<UL><LI><a href="#[7c]">&gt;&gt;</a>&nbsp;&nbsp;&nbsp;datadeal_move
<LI><a href="#[7b]">&gt;&gt;</a>&nbsp;&nbsp;&nbsp;right_move
<LI><a href="#[7a]">&gt;&gt;</a>&nbsp;&nbsp;&nbsp;left_move
<LI><a href="#[79]">&gt;&gt;</a>&nbsp;&nbsp;&nbsp;down_move
<LI><a href="#[78]">&gt;&gt;</a>&nbsp;&nbsp;&nbsp;up_move
<LI><a href="#[77]">&gt;&gt;</a>&nbsp;&nbsp;&nbsp;H_blinds
<LI><a href="#[76]">&gt;&gt;</a>&nbsp;&nbsp;&nbsp;V_blinds
<LI><a href="#[75]">&gt;&gt;</a>&nbsp;&nbsp;&nbsp;left_right_open
<LI><a href="#[74]">&gt;&gt;</a>&nbsp;&nbsp;&nbsp;left_right_close
<LI><a href="#[73]">&gt;&gt;</a>&nbsp;&nbsp;&nbsp;down_on_screen
<LI><a href="#[72]">&gt;&gt;</a>&nbsp;&nbsp;&nbsp;closed_down_screen
<LI><a href="#[6f]">&gt;&gt;</a>&nbsp;&nbsp;&nbsp;pull_left_right_screen
<LI><a href="#[6d]">&gt;&gt;</a>&nbsp;&nbsp;&nbsp;pull_up_down_screen
<LI><a href="#[6c]">&gt;&gt;</a>&nbsp;&nbsp;&nbsp;still_display
</UL>
<BR>[Called By]<UL><LI><a href="#[5a]">&gt;&gt;</a>&nbsp;&nbsp;&nbsp;datadeal
</UL>

<P><STRONG><a name="[7f]"></a>PutPixel</STRONG> (Thumb, 102 bytes, Stack size 24 bytes, led.o(.text))
<BR><BR>[Stack]<UL><LI>Max Depth = 24<LI>Call Chain = PutPixel
</UL>
<BR>[Called By]<UL><LI><a href="#[7e]">&gt;&gt;</a>&nbsp;&nbsp;&nbsp;printf_line
</UL>

<P><STRONG><a name="[7e]"></a>printf_line</STRONG> (Thumb, 398 bytes, Stack size 32 bytes, led.o(.text))
<BR><BR>[Stack]<UL><LI>Max Depth = 56<LI>Call Chain = printf_line &rArr; PutPixel
</UL>
<BR>[Calls]<UL><LI><a href="#[7f]">&gt;&gt;</a>&nbsp;&nbsp;&nbsp;PutPixel
</UL>
<BR>[Called By]<UL><LI><a href="#[80]">&gt;&gt;</a>&nbsp;&nbsp;&nbsp;show_second
</UL>

<P><STRONG><a name="[80]"></a>show_second</STRONG> (Thumb, 288 bytes, Stack size 40 bytes, led.o(.text))
<BR><BR>[Stack]<UL><LI>Max Depth = 96<LI>Call Chain = show_second &rArr; printf_line &rArr; PutPixel
</UL>
<BR>[Calls]<UL><LI><a href="#[7e]">&gt;&gt;</a>&nbsp;&nbsp;&nbsp;printf_line
<LI><a href="#[6a]">&gt;&gt;</a>&nbsp;&nbsp;&nbsp;srs
<LI><a href="#[55]">&gt;&gt;</a>&nbsp;&nbsp;&nbsp;flash_read
</UL>
<BR>[Called By]<UL><LI><a href="#[5a]">&gt;&gt;</a>&nbsp;&nbsp;&nbsp;datadeal
</UL>

<P><STRONG><a name="[81]"></a>datadeal_sim</STRONG> (Thumb, 1536 bytes, Stack size 56 bytes, led.o(.text))
<BR><BR>[Stack]<UL><LI>Max Depth = 104<LI>Call Chain = datadeal_sim &rArr; __dig_write &rArr; srs
</UL>
<BR>[Calls]<UL><LI><a href="#[60]">&gt;&gt;</a>&nbsp;&nbsp;&nbsp;__aeabi_memclr4
<LI><a href="#[83]">&gt;&gt;</a>&nbsp;&nbsp;&nbsp;asc_check
<LI><a href="#[82]">&gt;&gt;</a>&nbsp;&nbsp;&nbsp;__dig_write
<LI><a href="#[6a]">&gt;&gt;</a>&nbsp;&nbsp;&nbsp;srs
<LI><a href="#[63]">&gt;&gt;</a>&nbsp;&nbsp;&nbsp;read_buf
<LI><a href="#[55]">&gt;&gt;</a>&nbsp;&nbsp;&nbsp;flash_read
</UL>
<BR>[Called By]<UL><LI><a href="#[5a]">&gt;&gt;</a>&nbsp;&nbsp;&nbsp;datadeal
</UL>

<P><STRONG><a name="[84]"></a>datadeal_digi</STRONG> (Thumb, 228 bytes, Stack size 32 bytes, led.o(.text))
<BR><BR>[Stack]<UL><LI>Max Depth = 256<LI>Call Chain = datadeal_digi &rArr; dig_clock_deal &rArr; dig_write &rArr; srs
</UL>
<BR>[Calls]<UL><LI><a href="#[85]">&gt;&gt;</a>&nbsp;&nbsp;&nbsp;dig_write
<LI><a href="#[86]">&gt;&gt;</a>&nbsp;&nbsp;&nbsp;dig_clock_deal
</UL>
<BR>[Called By]<UL><LI><a href="#[5a]">&gt;&gt;</a>&nbsp;&nbsp;&nbsp;datadeal
</UL>

<P><STRONG><a name="[87]"></a>datn_deal</STRONG> (Thumb, 494 bytes, Stack size 48 bytes, led.o(.text))
<BR><BR>[Stack]<UL><LI>Max Depth = 144<LI>Call Chain = datn_deal &rArr; dig_write &rArr; srs
</UL>
<BR>[Calls]<UL><LI><a href="#[64]">&gt;&gt;</a>&nbsp;&nbsp;&nbsp;send_byte
<LI><a href="#[85]">&gt;&gt;</a>&nbsp;&nbsp;&nbsp;dig_write
<LI><a href="#[55]">&gt;&gt;</a>&nbsp;&nbsp;&nbsp;flash_read
</UL>
<BR>[Called By]<UL><LI><a href="#[5a]">&gt;&gt;</a>&nbsp;&nbsp;&nbsp;datadeal
</UL>

<P><STRONG><a name="[88]"></a>pro_end</STRONG> (Thumb, 144 bytes, Stack size 32 bytes, led.o(.text))
<BR><BR>[Stack]<UL><LI>Max Depth = 80<LI>Call Chain = pro_end &rArr; info_init &rArr; read_buf &rArr; flash_read
</UL>
<BR>[Calls]<UL><LI><a href="#[67]">&gt;&gt;</a>&nbsp;&nbsp;&nbsp;info_init
</UL>
<BR>[Called By]<UL><LI><a href="#[5a]">&gt;&gt;</a>&nbsp;&nbsp;&nbsp;datadeal
</UL>

<P><STRONG><a name="[89]"></a>sj</STRONG> (Thumb, 52 bytes, Stack size 16 bytes, led.o(.text))
<BR><BR>[Stack]<UL><LI>Max Depth = 16<LI>Call Chain = sj
</UL>
<BR>[Called By]<UL><LI><a href="#[5a]">&gt;&gt;</a>&nbsp;&nbsp;&nbsp;datadeal
</UL>

<P><STRONG><a name="[c8]"></a>info_delay</STRONG> (Thumb, 42 bytes, Stack size 0 bytes, led.o(.text), UNUSED)

<P><STRONG><a name="[5a]"></a>datadeal</STRONG> (Thumb, 618 bytes, Stack size 24 bytes, led.o(.text))
<BR><BR>[Stack]<UL><LI>Max Depth = 280<LI>Call Chain = datadeal &rArr; datadeal_digi &rArr; dig_clock_deal &rArr; dig_write &rArr; srs
</UL>
<BR>[Calls]<UL><LI><a href="#[8a]">&gt;&gt;</a>&nbsp;&nbsp;&nbsp;time_count
<LI><a href="#[8e]">&gt;&gt;</a>&nbsp;&nbsp;&nbsp;hb_move_deal
<LI><a href="#[8c]">&gt;&gt;</a>&nbsp;&nbsp;&nbsp;hb_deal
<LI><a href="#[86]">&gt;&gt;</a>&nbsp;&nbsp;&nbsp;dig_clock_deal
<LI><a href="#[8d]">&gt;&gt;</a>&nbsp;&nbsp;&nbsp;clear_hb
<LI><a href="#[8b]">&gt;&gt;</a>&nbsp;&nbsp;&nbsp;area_hb
<LI><a href="#[89]">&gt;&gt;</a>&nbsp;&nbsp;&nbsp;sj
<LI><a href="#[88]">&gt;&gt;</a>&nbsp;&nbsp;&nbsp;pro_end
<LI><a href="#[87]">&gt;&gt;</a>&nbsp;&nbsp;&nbsp;datn_deal
<LI><a href="#[84]">&gt;&gt;</a>&nbsp;&nbsp;&nbsp;datadeal_digi
<LI><a href="#[81]">&gt;&gt;</a>&nbsp;&nbsp;&nbsp;datadeal_sim
<LI><a href="#[80]">&gt;&gt;</a>&nbsp;&nbsp;&nbsp;show_second
<LI><a href="#[7d]">&gt;&gt;</a>&nbsp;&nbsp;&nbsp;datadeal_word
<LI><a href="#[7c]">&gt;&gt;</a>&nbsp;&nbsp;&nbsp;datadeal_move
<LI><a href="#[67]">&gt;&gt;</a>&nbsp;&nbsp;&nbsp;info_init
</UL>
<BR>[Called By]<UL><LI><a href="#[35]">&gt;&gt;</a>&nbsp;&nbsp;&nbsp;main
</UL>

<P><STRONG><a name="[90]"></a>fun_time_asc</STRONG> (Thumb, 204 bytes, Stack size 36 bytes, led.o(.text))
<BR><BR>[Stack]<UL><LI>Max Depth = 36<LI>Call Chain = fun_time_asc
</UL>
<BR>[Called By]<UL><LI><a href="#[5b]">&gt;&gt;</a>&nbsp;&nbsp;&nbsp;time_datadeal
</UL>

<P><STRONG><a name="[91]"></a>fun_time_zi</STRONG> (Thumb, 184 bytes, Stack size 36 bytes, led.o(.text))
<BR><BR>[Stack]<UL><LI>Max Depth = 36<LI>Call Chain = fun_time_zi
</UL>
<BR>[Called By]<UL><LI><a href="#[5b]">&gt;&gt;</a>&nbsp;&nbsp;&nbsp;time_datadeal
</UL>

<P><STRONG><a name="[5b]"></a>time_datadeal</STRONG> (Thumb, 482 bytes, Stack size 32 bytes, led.o(.text))
<BR><BR>[Stack]<UL><LI>Max Depth = 68<LI>Call Chain = time_datadeal &rArr; fun_time_zi
</UL>
<BR>[Calls]<UL><LI><a href="#[8f]">&gt;&gt;</a>&nbsp;&nbsp;&nbsp;gettime
<LI><a href="#[91]">&gt;&gt;</a>&nbsp;&nbsp;&nbsp;fun_time_zi
<LI><a href="#[90]">&gt;&gt;</a>&nbsp;&nbsp;&nbsp;fun_time_asc
</UL>
<BR>[Called By]<UL><LI><a href="#[35]">&gt;&gt;</a>&nbsp;&nbsp;&nbsp;main
</UL>

<P><STRONG><a name="[97]"></a>GetCnt</STRONG> (Thumb, 62 bytes, Stack size 0 bytes, led.o(.text))
<BR><BR>[Called By]<UL><LI><a href="#[be]">&gt;&gt;</a>&nbsp;&nbsp;&nbsp;ur2
<LI><a href="#[94]">&gt;&gt;</a>&nbsp;&nbsp;&nbsp;ur
<LI><a href="#[2f]">&gt;&gt;</a>&nbsp;&nbsp;&nbsp;USART1_IRQHandler
</UL>

<P><STRONG><a name="[92]"></a>timer_bright_set</STRONG> (Thumb, 56 bytes, Stack size 8 bytes, led.o(.text))
<BR><BR>[Stack]<UL><LI>Max Depth = 40<LI>Call Chain = timer_bright_set &rArr; flash_read_write &rArr; STMFLASH_WriteWord &rArr; STMFLASH_WaitDone
</UL>
<BR>[Calls]<UL><LI><a href="#[51]">&gt;&gt;</a>&nbsp;&nbsp;&nbsp;flash_read_write
</UL>
<BR>[Called By]<UL><LI><a href="#[2f]">&gt;&gt;</a>&nbsp;&nbsp;&nbsp;USART1_IRQHandler
</UL>

<P><STRONG><a name="[93]"></a>rcc_set</STRONG> (Thumb, 34 bytes, Stack size 8 bytes, led.o(.text))
<BR><BR>[Stack]<UL><LI>Max Depth = 40<LI>Call Chain = rcc_set &rArr; flash_read_write &rArr; STMFLASH_WriteWord &rArr; STMFLASH_WaitDone
</UL>
<BR>[Calls]<UL><LI><a href="#[51]">&gt;&gt;</a>&nbsp;&nbsp;&nbsp;flash_read_write
</UL>
<BR>[Called By]<UL><LI><a href="#[2f]">&gt;&gt;</a>&nbsp;&nbsp;&nbsp;USART1_IRQHandler
</UL>

<P><STRONG><a name="[2f]"></a>USART1_IRQHandler</STRONG> (Thumb, 1428 bytes, Stack size 48 bytes, led.o(.text))
<BR><BR>[Stack]<UL><LI>Max Depth = 88<LI>Call Chain = USART1_IRQHandler &rArr; settime &rArr;  date_switch (Cycle)
</UL>
<BR>[Calls]<UL><LI><a href="#[95]">&gt;&gt;</a>&nbsp;&nbsp;&nbsp;ut
<LI><a href="#[94]">&gt;&gt;</a>&nbsp;&nbsp;&nbsp;ur
<LI><a href="#[96]">&gt;&gt;</a>&nbsp;&nbsp;&nbsp;settime
<LI><a href="#[64]">&gt;&gt;</a>&nbsp;&nbsp;&nbsp;send_byte
<LI><a href="#[93]">&gt;&gt;</a>&nbsp;&nbsp;&nbsp;rcc_set
<LI><a href="#[92]">&gt;&gt;</a>&nbsp;&nbsp;&nbsp;timer_bright_set
<LI><a href="#[97]">&gt;&gt;</a>&nbsp;&nbsp;&nbsp;GetCnt
<LI><a href="#[4a]">&gt;&gt;</a>&nbsp;&nbsp;&nbsp;ledplay_denglongHei
<LI><a href="#[51]">&gt;&gt;</a>&nbsp;&nbsp;&nbsp;flash_read_write
<LI><a href="#[55]">&gt;&gt;</a>&nbsp;&nbsp;&nbsp;flash_read
<LI><a href="#[54]">&gt;&gt;</a>&nbsp;&nbsp;&nbsp;flash_chip_erase
<LI><a href="#[56]">&gt;&gt;</a>&nbsp;&nbsp;&nbsp;flash_byte_write
<LI><a href="#[4c]">&gt;&gt;</a>&nbsp;&nbsp;&nbsp;clr_screen
<LI><a href="#[3b]">&gt;&gt;</a>&nbsp;&nbsp;&nbsp;SoftReset
<LI><a href="#[4e]">&gt;&gt;</a>&nbsp;&nbsp;&nbsp;IWDG_Feed
</UL>
<BR>[Address Reference Count : 1]<UL><LI> startup_stm32f10x_md.o(RESET)
</UL>
<P><STRONG><a name="[26]"></a>TIM2_IRQHandler</STRONG> (Thumb, 28 bytes, Stack size 0 bytes, led.o(.text))
<BR>[Address Reference Count : 1]<UL><LI> startup_stm32f10x_md.o(RESET)
</UL>
<P><STRONG><a name="[28]"></a>TIM4_IRQHandler</STRONG> (Thumb, 68 bytes, Stack size 0 bytes, led.o(.text))
<BR>[Address Reference Count : 1]<UL><LI> startup_stm32f10x_md.o(RESET)
</UL>
<P><STRONG><a name="[27]"></a>TIM3_IRQHandler</STRONG> (Thumb, 226 bytes, Stack size 20 bytes, led.o(.text))
<BR><BR>[Stack]<UL><LI>Max Depth = 20<LI>Call Chain = TIM3_IRQHandler
</UL>
<BR>[Address Reference Count : 1]<UL><LI> startup_stm32f10x_md.o(RESET)
</UL>
<P><STRONG><a name="[98]"></a>time_sw</STRONG> (Thumb, 218 bytes, Stack size 24 bytes, led.o(.text))
<BR><BR>[Stack]<UL><LI>Max Depth = 56<LI>Call Chain = time_sw &rArr; flash_read_write &rArr; STMFLASH_WriteWord &rArr; STMFLASH_WaitDone
</UL>
<BR>[Calls]<UL><LI><a href="#[51]">&gt;&gt;</a>&nbsp;&nbsp;&nbsp;flash_read_write
</UL>
<BR>[Called By]<UL><LI><a href="#[d]">&gt;&gt;</a>&nbsp;&nbsp;&nbsp;RTC_IRQHandler
</UL>

<P><STRONG><a name="[99]"></a>timer_bright_check</STRONG> (Thumb, 152 bytes, Stack size 8 bytes, led.o(.text))
<BR><BR>[Stack]<UL><LI>Max Depth = 40<LI>Call Chain = timer_bright_check &rArr; flash_read_write &rArr; STMFLASH_WriteWord &rArr; STMFLASH_WaitDone
</UL>
<BR>[Calls]<UL><LI><a href="#[61]">&gt;&gt;</a>&nbsp;&nbsp;&nbsp;init_t4
<LI><a href="#[51]">&gt;&gt;</a>&nbsp;&nbsp;&nbsp;flash_read_write
</UL>
<BR>[Called By]<UL><LI><a href="#[d]">&gt;&gt;</a>&nbsp;&nbsp;&nbsp;RTC_IRQHandler
</UL>

<P><STRONG><a name="[d]"></a>RTC_IRQHandler</STRONG> (Thumb, 216 bytes, Stack size 32 bytes, led.o(.text))
<BR><BR>[Stack]<UL><LI>Max Depth = 88<LI>Call Chain = RTC_IRQHandler &rArr; time_sw &rArr; flash_read_write &rArr; STMFLASH_WriteWord &rArr; STMFLASH_WaitDone
</UL>
<BR>[Calls]<UL><LI><a href="#[99]">&gt;&gt;</a>&nbsp;&nbsp;&nbsp;timer_bright_check
<LI><a href="#[98]">&gt;&gt;</a>&nbsp;&nbsp;&nbsp;time_sw
<LI><a href="#[51]">&gt;&gt;</a>&nbsp;&nbsp;&nbsp;flash_read_write
<LI><a href="#[3b]">&gt;&gt;</a>&nbsp;&nbsp;&nbsp;SoftReset
</UL>
<BR>[Address Reference Count : 1]<UL><LI> startup_stm32f10x_md.o(RESET)
</UL>
<P><STRONG><a name="[32]"></a>EXTI15_10_IRQHandler</STRONG> (Thumb, 356 bytes, Stack size 40 bytes, led.o(.text))
<BR><BR>[Stack]<UL><LI>Max Depth = 40<LI>Call Chain = EXTI15_10_IRQHandler
</UL>
<BR>[Calls]<UL><LI><a href="#[60]">&gt;&gt;</a>&nbsp;&nbsp;&nbsp;__aeabi_memclr4
<LI><a href="#[9b]">&gt;&gt;</a>&nbsp;&nbsp;&nbsp;__aeabi_memset
<LI><a href="#[62]">&gt;&gt;</a>&nbsp;&nbsp;&nbsp;timer_init4
<LI><a href="#[66]">&gt;&gt;</a>&nbsp;&nbsp;&nbsp;timer_init
<LI><a href="#[9a]">&gt;&gt;</a>&nbsp;&nbsp;&nbsp;delay
<LI><a href="#[3b]">&gt;&gt;</a>&nbsp;&nbsp;&nbsp;SoftReset
</UL>
<BR>[Address Reference Count : 1]<UL><LI> startup_stm32f10x_md.o(RESET)
</UL>
<P><STRONG><a name="[4f]"></a>show</STRONG> (Thumb, 66 bytes, Stack size 32 bytes, led.o(.text))
<BR><BR>[Stack]<UL><LI>Max Depth = 32<LI>Call Chain = show
</UL>
<BR>[Called By]<UL><LI><a href="#[9c]">&gt;&gt;</a>&nbsp;&nbsp;&nbsp;show_info
<LI><a href="#[35]">&gt;&gt;</a>&nbsp;&nbsp;&nbsp;main
</UL>

<P><STRONG><a name="[9c]"></a>show_info</STRONG> (Thumb, 110 bytes, Stack size 12 bytes, led.o(.text))
<BR><BR>[Stack]<UL><LI>Max Depth = 44<LI>Call Chain = show_info &rArr; show
</UL>
<BR>[Calls]<UL><LI><a href="#[4f]">&gt;&gt;</a>&nbsp;&nbsp;&nbsp;show
</UL>
<BR>[Called By]<UL><LI><a href="#[57]">&gt;&gt;</a>&nbsp;&nbsp;&nbsp;show_err
</UL>

<P><STRONG><a name="[57]"></a>show_err</STRONG> (Thumb, 182 bytes, Stack size 128 bytes, led.o(.text))
<BR><BR>[Stack]<UL><LI>Max Depth = 172<LI>Call Chain = show_err &rArr; show_info &rArr; show
</UL>
<BR>[Calls]<UL><LI><a href="#[9d]">&gt;&gt;</a>&nbsp;&nbsp;&nbsp;__aeabi_memcpy
<LI><a href="#[9c]">&gt;&gt;</a>&nbsp;&nbsp;&nbsp;show_info
<LI><a href="#[4c]">&gt;&gt;</a>&nbsp;&nbsp;&nbsp;clr_screen
<LI><a href="#[4e]">&gt;&gt;</a>&nbsp;&nbsp;&nbsp;IWDG_Feed
</UL>
<BR>[Called By]<UL><LI><a href="#[35]">&gt;&gt;</a>&nbsp;&nbsp;&nbsp;main
</UL>

<P><STRONG><a name="[9e]"></a>sendtime</STRONG> (Thumb, 142 bytes, Stack size 16 bytes, led.o(.text))
<BR><BR>[Stack]<UL><LI>Max Depth = 16<LI>Call Chain = sendtime
</UL>
<BR>[Calls]<UL><LI><a href="#[95]">&gt;&gt;</a>&nbsp;&nbsp;&nbsp;ut
</UL>
<BR>[Called By]<UL><LI><a href="#[48]">&gt;&gt;</a>&nbsp;&nbsp;&nbsp;flash_check
</UL>

<P><STRONG><a name="[48]"></a>flash_check</STRONG> (Thumb, 136 bytes, Stack size 24 bytes, led.o(.text))
<BR><BR>[Stack]<UL><LI>Max Depth = 48<LI>Call Chain = flash_check &rArr; flash_sum &rArr; flash_read
</UL>
<BR>[Calls]<UL><LI><a href="#[9f]">&gt;&gt;</a>&nbsp;&nbsp;&nbsp;flash_sum
<LI><a href="#[9e]">&gt;&gt;</a>&nbsp;&nbsp;&nbsp;sendtime
<LI><a href="#[55]">&gt;&gt;</a>&nbsp;&nbsp;&nbsp;flash_read
</UL>
<BR>[Called By]<UL><LI><a href="#[35]">&gt;&gt;</a>&nbsp;&nbsp;&nbsp;main
</UL>

<P><STRONG><a name="[a1]"></a>HL_LC</STRONG> (Thumb, 28 bytes, Stack size 0 bytes, export.o(.text))
<BR><BR>[Called By]<UL><LI><a href="#[4a]">&gt;&gt;</a>&nbsp;&nbsp;&nbsp;ledplay_denglongHei
<LI><a href="#[36]">&gt;&gt;</a>&nbsp;&nbsp;&nbsp;ledplay_denglong
</UL>

<P><STRONG><a name="[a0]"></a>export_s32</STRONG> (Thumb, 212 bytes, Stack size 8 bytes, export.o(.text))
<BR><BR>[Stack]<UL><LI>Max Depth = 8<LI>Call Chain = export_s32
</UL>
<BR>[Called By]<UL><LI><a href="#[4a]">&gt;&gt;</a>&nbsp;&nbsp;&nbsp;ledplay_denglongHei
<LI><a href="#[36]">&gt;&gt;</a>&nbsp;&nbsp;&nbsp;ledplay_denglong
</UL>

<P><STRONG><a name="[36]"></a>ledplay_denglong</STRONG> (Thumb, 110 bytes, Stack size 32 bytes, export.o(.text))
<BR><BR>[Stack]<UL><LI>Max Depth = 40<LI>Call Chain = ledplay_denglong &rArr; export_s32
</UL>
<BR>[Calls]<UL><LI><a href="#[a0]">&gt;&gt;</a>&nbsp;&nbsp;&nbsp;export_s32
<LI><a href="#[a1]">&gt;&gt;</a>&nbsp;&nbsp;&nbsp;HL_LC
<LI><a href="#[a3]">&gt;&gt;</a>&nbsp;&nbsp;&nbsp;HL_LCB
<LI><a href="#[a2]">&gt;&gt;</a>&nbsp;&nbsp;&nbsp;HL_LCA
</UL>
<BR>[Called By]<UL><LI><a href="#[35]">&gt;&gt;</a>&nbsp;&nbsp;&nbsp;main
</UL>
<BR>[Address Reference Count : 1]<UL><LI> led.o(.text)
</UL>
<P><STRONG><a name="[4a]"></a>ledplay_denglongHei</STRONG> (Thumb, 100 bytes, Stack size 32 bytes, export.o(.text))
<BR><BR>[Stack]<UL><LI>Max Depth = 40<LI>Call Chain = ledplay_denglongHei &rArr; export_s32
</UL>
<BR>[Calls]<UL><LI><a href="#[a0]">&gt;&gt;</a>&nbsp;&nbsp;&nbsp;export_s32
<LI><a href="#[a1]">&gt;&gt;</a>&nbsp;&nbsp;&nbsp;HL_LC
<LI><a href="#[a3]">&gt;&gt;</a>&nbsp;&nbsp;&nbsp;HL_LCB
<LI><a href="#[a2]">&gt;&gt;</a>&nbsp;&nbsp;&nbsp;HL_LCA
</UL>
<BR>[Called By]<UL><LI><a href="#[2f]">&gt;&gt;</a>&nbsp;&nbsp;&nbsp;USART1_IRQHandler
<LI><a href="#[35]">&gt;&gt;</a>&nbsp;&nbsp;&nbsp;main
</UL>

<P><STRONG><a name="[a4]"></a>hb_way</STRONG> (Thumb, 150 bytes, Stack size 0 bytes, hb.o(.text))
<BR><BR>[Called By]<UL><LI><a href="#[8b]">&gt;&gt;</a>&nbsp;&nbsp;&nbsp;area_hb
</UL>

<P><STRONG><a name="[8b]"></a>area_hb</STRONG> (Thumb, 650 bytes, Stack size 84 bytes, hb.o(.text))
<BR><BR>[Stack]<UL><LI>Max Depth = 84<LI>Call Chain = area_hb
</UL>
<BR>[Calls]<UL><LI><a href="#[a4]">&gt;&gt;</a>&nbsp;&nbsp;&nbsp;hb_way
</UL>
<BR>[Called By]<UL><LI><a href="#[5a]">&gt;&gt;</a>&nbsp;&nbsp;&nbsp;datadeal
</UL>

<P><STRONG><a name="[8c]"></a>hb_deal</STRONG> (Thumb, 1240 bytes, Stack size 56 bytes, hb.o(.text))
<BR><BR>[Stack]<UL><LI>Max Depth = 64<LI>Call Chain = hb_deal &rArr; srs
</UL>
<BR>[Calls]<UL><LI><a href="#[6a]">&gt;&gt;</a>&nbsp;&nbsp;&nbsp;srs
<LI><a href="#[55]">&gt;&gt;</a>&nbsp;&nbsp;&nbsp;flash_read
</UL>
<BR>[Called By]<UL><LI><a href="#[5a]">&gt;&gt;</a>&nbsp;&nbsp;&nbsp;datadeal
</UL>

<P><STRONG><a name="[8e]"></a>hb_move_deal</STRONG> (Thumb, 1276 bytes, Stack size 104 bytes, hb.o(.text))
<BR><BR>[Stack]<UL><LI>Max Depth = 104<LI>Call Chain = hb_move_deal
</UL>
<BR>[Called By]<UL><LI><a href="#[5a]">&gt;&gt;</a>&nbsp;&nbsp;&nbsp;datadeal
</UL>

<P><STRONG><a name="[8d]"></a>clear_hb</STRONG> (Thumb, 202 bytes, Stack size 36 bytes, hb.o(.text))
<BR><BR>[Stack]<UL><LI>Max Depth = 36<LI>Call Chain = clear_hb
</UL>
<BR>[Called By]<UL><LI><a href="#[5a]">&gt;&gt;</a>&nbsp;&nbsp;&nbsp;datadeal
</UL>

<P><STRONG><a name="[a5]"></a>send_at_start</STRONG> (Thumb, 8 bytes, Stack size 0 bytes, wifi_init.o(.text), UNUSED)
<BR><BR>[Calls]<UL><LI><a href="#[46]">&gt;&gt;</a>&nbsp;&nbsp;&nbsp;send_string
</UL>

<P><STRONG><a name="[a6]"></a>send_at_WAKEY</STRONG> (Thumb, 64 bytes, Stack size 8 bytes, wifi_init.o(.text), UNUSED)
<BR><BR>[Calls]<UL><LI><a href="#[95]">&gt;&gt;</a>&nbsp;&nbsp;&nbsp;ut
<LI><a href="#[46]">&gt;&gt;</a>&nbsp;&nbsp;&nbsp;send_string
</UL>

<P><STRONG><a name="[a7]"></a>send_at_WAP</STRONG> (Thumb, 80 bytes, Stack size 8 bytes, wifi_init.o(.text), UNUSED)
<BR><BR>[Calls]<UL><LI><a href="#[46]">&gt;&gt;</a>&nbsp;&nbsp;&nbsp;send_string
</UL>

<P><STRONG><a name="[a8]"></a>send_at_reset</STRONG> (Thumb, 10 bytes, Stack size 0 bytes, wifi_init.o(.text), UNUSED)
<BR><BR>[Calls]<UL><LI><a href="#[46]">&gt;&gt;</a>&nbsp;&nbsp;&nbsp;send_string
</UL>

<P><STRONG><a name="[ad]"></a>buf_clr</STRONG> (Thumb, 22 bytes, Stack size 0 bytes, wifi_init.o(.text))
<BR><BR>[Called By]<UL><LI><a href="#[23]">&gt;&gt;</a>&nbsp;&nbsp;&nbsp;TIM1_UP_IRQHandler
</UL>

<P><STRONG><a name="[a9]"></a>get_mcu_id</STRONG> (Thumb, 98 bytes, Stack size 0 bytes, wifi_init.o(.text))
<BR><BR>[Called By]<UL><LI><a href="#[45]">&gt;&gt;</a>&nbsp;&nbsp;&nbsp;Get_SerialNum
</UL>

<P><STRONG><a name="[45]"></a>Get_SerialNum</STRONG> (Thumb, 330 bytes, Stack size 16 bytes, wifi_init.o(.text))
<BR><BR>[Stack]<UL><LI>Max Depth = 24<LI>Call Chain = Get_SerialNum &rArr; strncpy
</UL>
<BR>[Calls]<UL><LI><a href="#[aa]">&gt;&gt;</a>&nbsp;&nbsp;&nbsp;strcpy
<LI><a href="#[ab]">&gt;&gt;</a>&nbsp;&nbsp;&nbsp;strncpy
<LI><a href="#[a9]">&gt;&gt;</a>&nbsp;&nbsp;&nbsp;get_mcu_id
</UL>
<BR>[Called By]<UL><LI><a href="#[35]">&gt;&gt;</a>&nbsp;&nbsp;&nbsp;main
</UL>

<P><STRONG><a name="[ac]"></a>SET_ESP8266_WAKEY</STRONG> (Thumb, 586 bytes, Stack size 32 bytes, wifi_init.o(.text))
<BR><BR>[Stack]<UL><LI>Max Depth = 64<LI>Call Chain = SET_ESP8266_WAKEY &rArr; flash_read_write &rArr; STMFLASH_WriteWord &rArr; STMFLASH_WaitDone
</UL>
<BR>[Calls]<UL><LI><a href="#[46]">&gt;&gt;</a>&nbsp;&nbsp;&nbsp;send_string
<LI><a href="#[51]">&gt;&gt;</a>&nbsp;&nbsp;&nbsp;flash_read_write
</UL>
<BR>[Called By]<UL><LI><a href="#[23]">&gt;&gt;</a>&nbsp;&nbsp;&nbsp;TIM1_UP_IRQHandler
</UL>

<P><STRONG><a name="[ae]"></a>comper_str</STRONG> (Thumb, 34 bytes, Stack size 0 bytes, wifi_init.o(.text))
<BR><BR>[Called By]<UL><LI><a href="#[23]">&gt;&gt;</a>&nbsp;&nbsp;&nbsp;TIM1_UP_IRQHandler
</UL>

<P><STRONG><a name="[23]"></a>TIM1_UP_IRQHandler</STRONG> (Thumb, 312 bytes, Stack size 24 bytes, wifi_init.o(.text))
<BR><BR>[Stack]<UL><LI>Max Depth = 88<LI>Call Chain = TIM1_UP_IRQHandler &rArr; SET_ESP8266_WAKEY &rArr; flash_read_write &rArr; STMFLASH_WriteWord &rArr; STMFLASH_WaitDone
</UL>
<BR>[Calls]<UL><LI><a href="#[ae]">&gt;&gt;</a>&nbsp;&nbsp;&nbsp;comper_str
<LI><a href="#[ac]">&gt;&gt;</a>&nbsp;&nbsp;&nbsp;SET_ESP8266_WAKEY
<LI><a href="#[ad]">&gt;&gt;</a>&nbsp;&nbsp;&nbsp;buf_clr
<LI><a href="#[46]">&gt;&gt;</a>&nbsp;&nbsp;&nbsp;send_string
<LI><a href="#[51]">&gt;&gt;</a>&nbsp;&nbsp;&nbsp;flash_read_write
</UL>
<BR>[Address Reference Count : 1]<UL><LI> startup_stm32f10x_md.o(RESET)
</UL>
<P><STRONG><a name="[82]"></a>__dig_write</STRONG> (Thumb, 200 bytes, Stack size 40 bytes, clock.o(.text))
<BR><BR>[Stack]<UL><LI>Max Depth = 48<LI>Call Chain = __dig_write &rArr; srs
</UL>
<BR>[Calls]<UL><LI><a href="#[6a]">&gt;&gt;</a>&nbsp;&nbsp;&nbsp;srs
<LI><a href="#[55]">&gt;&gt;</a>&nbsp;&nbsp;&nbsp;flash_read
</UL>
<BR>[Called By]<UL><LI><a href="#[81]">&gt;&gt;</a>&nbsp;&nbsp;&nbsp;datadeal_sim
</UL>

<P><STRONG><a name="[85]"></a>dig_write</STRONG> (Thumb, 492 bytes, Stack size 88 bytes, clock.o(.text))
<BR><BR>[Stack]<UL><LI>Max Depth = 96<LI>Call Chain = dig_write &rArr; srs
</UL>
<BR>[Calls]<UL><LI><a href="#[6a]">&gt;&gt;</a>&nbsp;&nbsp;&nbsp;srs
<LI><a href="#[55]">&gt;&gt;</a>&nbsp;&nbsp;&nbsp;flash_read
</UL>
<BR>[Called By]<UL><LI><a href="#[8a]">&gt;&gt;</a>&nbsp;&nbsp;&nbsp;time_count
<LI><a href="#[86]">&gt;&gt;</a>&nbsp;&nbsp;&nbsp;dig_clock_deal
<LI><a href="#[87]">&gt;&gt;</a>&nbsp;&nbsp;&nbsp;datn_deal
<LI><a href="#[84]">&gt;&gt;</a>&nbsp;&nbsp;&nbsp;datadeal_digi
</UL>

<P><STRONG><a name="[83]"></a>asc_check</STRONG> (Thumb, 288 bytes, Stack size 12 bytes, clock.o(.text))
<BR><BR>[Stack]<UL><LI>Max Depth = 12<LI>Call Chain = asc_check
</UL>
<BR>[Called By]<UL><LI><a href="#[86]">&gt;&gt;</a>&nbsp;&nbsp;&nbsp;dig_clock_deal
<LI><a href="#[81]">&gt;&gt;</a>&nbsp;&nbsp;&nbsp;datadeal_sim
</UL>

<P><STRONG><a name="[86]"></a>dig_clock_deal</STRONG> (Thumb, 1460 bytes, Stack size 128 bytes, clock.o(.text))
<BR><BR>[Stack]<UL><LI>Max Depth = 224<LI>Call Chain = dig_clock_deal &rArr; dig_write &rArr; srs
</UL>
<BR>[Calls]<UL><LI><a href="#[85]">&gt;&gt;</a>&nbsp;&nbsp;&nbsp;dig_write
<LI><a href="#[83]">&gt;&gt;</a>&nbsp;&nbsp;&nbsp;asc_check
<LI><a href="#[6a]">&gt;&gt;</a>&nbsp;&nbsp;&nbsp;srs
<LI><a href="#[63]">&gt;&gt;</a>&nbsp;&nbsp;&nbsp;read_buf
<LI><a href="#[55]">&gt;&gt;</a>&nbsp;&nbsp;&nbsp;flash_read
</UL>
<BR>[Called By]<UL><LI><a href="#[84]">&gt;&gt;</a>&nbsp;&nbsp;&nbsp;datadeal_digi
<LI><a href="#[5a]">&gt;&gt;</a>&nbsp;&nbsp;&nbsp;datadeal
</UL>

<P><STRONG><a name="[8a]"></a>time_count</STRONG> (Thumb, 1220 bytes, Stack size 128 bytes, clock.o(.text))
<BR><BR>[Stack]<UL><LI>Max Depth = 224<LI>Call Chain = time_count &rArr; dig_write &rArr; srs
</UL>
<BR>[Calls]<UL><LI><a href="#[af]">&gt;&gt;</a>&nbsp;&nbsp;&nbsp;RTC_GetCounter
<LI><a href="#[96]">&gt;&gt;</a>&nbsp;&nbsp;&nbsp;settime
<LI><a href="#[85]">&gt;&gt;</a>&nbsp;&nbsp;&nbsp;dig_write
<LI><a href="#[63]">&gt;&gt;</a>&nbsp;&nbsp;&nbsp;read_buf
</UL>
<BR>[Called By]<UL><LI><a href="#[5a]">&gt;&gt;</a>&nbsp;&nbsp;&nbsp;datadeal
</UL>

<P><STRONG><a name="[69]"></a>show_timers</STRONG> (Thumb, 156 bytes, Stack size 16 bytes, clock.o(.text))
<BR><BR>[Stack]<UL><LI>Max Depth = 48<LI>Call Chain = show_timers &rArr; read_buf &rArr; flash_read
</UL>
<BR>[Calls]<UL><LI><a href="#[63]">&gt;&gt;</a>&nbsp;&nbsp;&nbsp;read_buf
</UL>
<BR>[Called By]<UL><LI><a href="#[59]">&gt;&gt;</a>&nbsp;&nbsp;&nbsp;program_deal
</UL>

<P><STRONG><a name="[55]"></a>flash_read</STRONG> (Thumb, 74 bytes, Stack size 8 bytes, flash.o(.text))
<BR><BR>[Stack]<UL><LI>Max Depth = 8<LI>Call Chain = flash_read
</UL>
<BR>[Calls]<UL><LI><a href="#[64]">&gt;&gt;</a>&nbsp;&nbsp;&nbsp;send_byte
</UL>
<BR>[Called By]<UL><LI><a href="#[8c]">&gt;&gt;</a>&nbsp;&nbsp;&nbsp;hb_deal
<LI><a href="#[9f]">&gt;&gt;</a>&nbsp;&nbsp;&nbsp;flash_sum
<LI><a href="#[85]">&gt;&gt;</a>&nbsp;&nbsp;&nbsp;dig_write
<LI><a href="#[86]">&gt;&gt;</a>&nbsp;&nbsp;&nbsp;dig_clock_deal
<LI><a href="#[82]">&gt;&gt;</a>&nbsp;&nbsp;&nbsp;__dig_write
<LI><a href="#[2f]">&gt;&gt;</a>&nbsp;&nbsp;&nbsp;USART1_IRQHandler
<LI><a href="#[87]">&gt;&gt;</a>&nbsp;&nbsp;&nbsp;datn_deal
<LI><a href="#[81]">&gt;&gt;</a>&nbsp;&nbsp;&nbsp;datadeal_sim
<LI><a href="#[80]">&gt;&gt;</a>&nbsp;&nbsp;&nbsp;show_second
<LI><a href="#[7c]">&gt;&gt;</a>&nbsp;&nbsp;&nbsp;datadeal_move
<LI><a href="#[7b]">&gt;&gt;</a>&nbsp;&nbsp;&nbsp;right_move
<LI><a href="#[7a]">&gt;&gt;</a>&nbsp;&nbsp;&nbsp;left_move
<LI><a href="#[76]">&gt;&gt;</a>&nbsp;&nbsp;&nbsp;V_blinds
<LI><a href="#[74]">&gt;&gt;</a>&nbsp;&nbsp;&nbsp;left_right_close
<LI><a href="#[6f]">&gt;&gt;</a>&nbsp;&nbsp;&nbsp;pull_left_right_screen
<LI><a href="#[6c]">&gt;&gt;</a>&nbsp;&nbsp;&nbsp;still_display
<LI><a href="#[6b]">&gt;&gt;</a>&nbsp;&nbsp;&nbsp;write_hsel
<LI><a href="#[68]">&gt;&gt;</a>&nbsp;&nbsp;&nbsp;area_deal
<LI><a href="#[63]">&gt;&gt;</a>&nbsp;&nbsp;&nbsp;read_buf
<LI><a href="#[49]">&gt;&gt;</a>&nbsp;&nbsp;&nbsp;screen_init
<LI><a href="#[59]">&gt;&gt;</a>&nbsp;&nbsp;&nbsp;program_deal
<LI><a href="#[48]">&gt;&gt;</a>&nbsp;&nbsp;&nbsp;flash_check
<LI><a href="#[35]">&gt;&gt;</a>&nbsp;&nbsp;&nbsp;main
</UL>

<P><STRONG><a name="[56]"></a>flash_byte_write</STRONG> (Thumb, 80 bytes, Stack size 16 bytes, flash.o(.text))
<BR><BR>[Stack]<UL><LI>Max Depth = 40<LI>Call Chain = flash_byte_write &rArr; FlashUnprotect &rArr; isBusy
</UL>
<BR>[Calls]<UL><LI><a href="#[b1]">&gt;&gt;</a>&nbsp;&nbsp;&nbsp;FlashUnprotect
<LI><a href="#[b0]">&gt;&gt;</a>&nbsp;&nbsp;&nbsp;isBusy
<LI><a href="#[64]">&gt;&gt;</a>&nbsp;&nbsp;&nbsp;send_byte
</UL>
<BR>[Called By]<UL><LI><a href="#[2f]">&gt;&gt;</a>&nbsp;&nbsp;&nbsp;USART1_IRQHandler
<LI><a href="#[35]">&gt;&gt;</a>&nbsp;&nbsp;&nbsp;main
</UL>

<P><STRONG><a name="[54]"></a>flash_chip_erase</STRONG> (Thumb, 34 bytes, Stack size 8 bytes, flash.o(.text))
<BR><BR>[Stack]<UL><LI>Max Depth = 32<LI>Call Chain = flash_chip_erase &rArr; FlashUnprotect &rArr; isBusy
</UL>
<BR>[Calls]<UL><LI><a href="#[b1]">&gt;&gt;</a>&nbsp;&nbsp;&nbsp;FlashUnprotect
<LI><a href="#[b0]">&gt;&gt;</a>&nbsp;&nbsp;&nbsp;isBusy
<LI><a href="#[64]">&gt;&gt;</a>&nbsp;&nbsp;&nbsp;send_byte
</UL>
<BR>[Called By]<UL><LI><a href="#[2f]">&gt;&gt;</a>&nbsp;&nbsp;&nbsp;USART1_IRQHandler
<LI><a href="#[35]">&gt;&gt;</a>&nbsp;&nbsp;&nbsp;main
</UL>

<P><STRONG><a name="[9f]"></a>flash_sum</STRONG> (Thumb, 34 bytes, Stack size 16 bytes, flash.o(.text))
<BR><BR>[Stack]<UL><LI>Max Depth = 24<LI>Call Chain = flash_sum &rArr; flash_read
</UL>
<BR>[Calls]<UL><LI><a href="#[64]">&gt;&gt;</a>&nbsp;&nbsp;&nbsp;send_byte
<LI><a href="#[55]">&gt;&gt;</a>&nbsp;&nbsp;&nbsp;flash_read
</UL>
<BR>[Called By]<UL><LI><a href="#[48]">&gt;&gt;</a>&nbsp;&nbsp;&nbsp;flash_check
</UL>

<P><STRONG><a name="[52]"></a>FLASH_Unlock</STRONG> (Thumb, 12 bytes, Stack size 0 bytes, flash.o(.text))
<BR><BR>[Called By]<UL><LI><a href="#[51]">&gt;&gt;</a>&nbsp;&nbsp;&nbsp;flash_read_write
<LI><a href="#[35]">&gt;&gt;</a>&nbsp;&nbsp;&nbsp;main
</UL>

<P><STRONG><a name="[c9]"></a>FLASH_Lock</STRONG> (Thumb, 12 bytes, Stack size 0 bytes, flash.o(.text), UNUSED)

<P><STRONG><a name="[b3]"></a>STMFLASH_GetStatus</STRONG> (Thumb, 32 bytes, Stack size 0 bytes, flash.o(.text))
<BR><BR>[Called By]<UL><LI><a href="#[b2]">&gt;&gt;</a>&nbsp;&nbsp;&nbsp;STMFLASH_WaitDone
</UL>

<P><STRONG><a name="[b2]"></a>STMFLASH_WaitDone</STRONG> (Thumb, 28 bytes, Stack size 4 bytes, flash.o(.text))
<BR><BR>[Stack]<UL><LI>Max Depth = 4<LI>Call Chain = STMFLASH_WaitDone
</UL>
<BR>[Calls]<UL><LI><a href="#[b3]">&gt;&gt;</a>&nbsp;&nbsp;&nbsp;STMFLASH_GetStatus
</UL>
<BR>[Called By]<UL><LI><a href="#[5c]">&gt;&gt;</a>&nbsp;&nbsp;&nbsp;STMFLASH_WriteWord
<LI><a href="#[53]">&gt;&gt;</a>&nbsp;&nbsp;&nbsp;FLASH_ErasePage
</UL>

<P><STRONG><a name="[53]"></a>FLASH_ErasePage</STRONG> (Thumb, 58 bytes, Stack size 12 bytes, flash.o(.text))
<BR><BR>[Stack]<UL><LI>Max Depth = 16<LI>Call Chain = FLASH_ErasePage &rArr; STMFLASH_WaitDone
</UL>
<BR>[Calls]<UL><LI><a href="#[b2]">&gt;&gt;</a>&nbsp;&nbsp;&nbsp;STMFLASH_WaitDone
</UL>
<BR>[Called By]<UL><LI><a href="#[51]">&gt;&gt;</a>&nbsp;&nbsp;&nbsp;flash_read_write
<LI><a href="#[35]">&gt;&gt;</a>&nbsp;&nbsp;&nbsp;main
</UL>

<P><STRONG><a name="[5c]"></a>STMFLASH_WriteWord</STRONG> (Thumb, 76 bytes, Stack size 12 bytes, flash.o(.text))
<BR><BR>[Stack]<UL><LI>Max Depth = 16<LI>Call Chain = STMFLASH_WriteWord &rArr; STMFLASH_WaitDone
</UL>
<BR>[Calls]<UL><LI><a href="#[b2]">&gt;&gt;</a>&nbsp;&nbsp;&nbsp;STMFLASH_WaitDone
</UL>
<BR>[Called By]<UL><LI><a href="#[51]">&gt;&gt;</a>&nbsp;&nbsp;&nbsp;flash_read_write
</UL>

<P><STRONG><a name="[3e]"></a>RCC_Configuration</STRONG> (Thumb, 502 bytes, Stack size 36 bytes, stmlib.o(.text))
<BR><BR>[Stack]<UL><LI>Max Depth = 36<LI>Call Chain = RCC_Configuration
</UL>
<BR>[Called By]<UL><LI><a href="#[35]">&gt;&gt;</a>&nbsp;&nbsp;&nbsp;main
</UL>

<P><STRONG><a name="[44]"></a>uart_init</STRONG> (Thumb, 100 bytes, Stack size 16 bytes, stmlib.o(.text))
<BR><BR>[Stack]<UL><LI>Max Depth = 36<LI>Call Chain = uart_init &rArr; __aeabi_frsub &rArr; __aeabi_fadd &rArr; _float_epilogue
</UL>
<BR>[Calls]<UL><LI><a href="#[b4]">&gt;&gt;</a>&nbsp;&nbsp;&nbsp;__aeabi_ui2f
<LI><a href="#[b7]">&gt;&gt;</a>&nbsp;&nbsp;&nbsp;__aeabi_frsub
<LI><a href="#[b5]">&gt;&gt;</a>&nbsp;&nbsp;&nbsp;__aeabi_fdiv
<LI><a href="#[b6]">&gt;&gt;</a>&nbsp;&nbsp;&nbsp;__aeabi_f2uiz
<LI><a href="#[b8]">&gt;&gt;</a>&nbsp;&nbsp;&nbsp;__ARM_scalbnf
</UL>
<BR>[Called By]<UL><LI><a href="#[35]">&gt;&gt;</a>&nbsp;&nbsp;&nbsp;main
</UL>

<P><STRONG><a name="[b9]"></a>uart2_init</STRONG> (Thumb, 102 bytes, Stack size 16 bytes, stmlib.o(.text), UNUSED)
<BR><BR>[Calls]<UL><LI><a href="#[b4]">&gt;&gt;</a>&nbsp;&nbsp;&nbsp;__aeabi_ui2f
<LI><a href="#[b7]">&gt;&gt;</a>&nbsp;&nbsp;&nbsp;__aeabi_frsub
<LI><a href="#[b5]">&gt;&gt;</a>&nbsp;&nbsp;&nbsp;__aeabi_fdiv
<LI><a href="#[b6]">&gt;&gt;</a>&nbsp;&nbsp;&nbsp;__aeabi_f2uiz
<LI><a href="#[b8]">&gt;&gt;</a>&nbsp;&nbsp;&nbsp;__ARM_scalbnf
</UL>

<P><STRONG><a name="[4d]"></a>timer1_init</STRONG> (Thumb, 86 bytes, Stack size 8 bytes, stmlib.o(.text))
<BR><BR>[Stack]<UL><LI>Max Depth = 8<LI>Call Chain = timer1_init
</UL>
<BR>[Called By]<UL><LI><a href="#[35]">&gt;&gt;</a>&nbsp;&nbsp;&nbsp;main
</UL>

<P><STRONG><a name="[66]"></a>timer_init</STRONG> (Thumb, 54 bytes, Stack size 0 bytes, stmlib.o(.text))
<BR><BR>[Called By]<UL><LI><a href="#[32]">&gt;&gt;</a>&nbsp;&nbsp;&nbsp;EXTI15_10_IRQHandler
<LI><a href="#[49]">&gt;&gt;</a>&nbsp;&nbsp;&nbsp;screen_init
</UL>

<P><STRONG><a name="[4b]"></a>timer3_init</STRONG> (Thumb, 80 bytes, Stack size 8 bytes, stmlib.o(.text))
<BR><BR>[Stack]<UL><LI>Max Depth = 8<LI>Call Chain = timer3_init
</UL>
<BR>[Called By]<UL><LI><a href="#[35]">&gt;&gt;</a>&nbsp;&nbsp;&nbsp;main
</UL>

<P><STRONG><a name="[62]"></a>timer_init4</STRONG> (Thumb, 64 bytes, Stack size 0 bytes, stmlib.o(.text))
<BR><BR>[Called By]<UL><LI><a href="#[32]">&gt;&gt;</a>&nbsp;&nbsp;&nbsp;EXTI15_10_IRQHandler
<LI><a href="#[61]">&gt;&gt;</a>&nbsp;&nbsp;&nbsp;init_t4
</UL>

<P><STRONG><a name="[ca]"></a>TIM4_Cmd</STRONG> (Thumb, 12 bytes, Stack size 0 bytes, stmlib.o(.text), UNUSED)

<P><STRONG><a name="[ba]"></a>MY_NVIC_Init</STRONG> (Thumb, 98 bytes, Stack size 0 bytes, stmlib.o(.text))
<BR><BR>[Called By]<UL><LI><a href="#[40]">&gt;&gt;</a>&nbsp;&nbsp;&nbsp;NVIC_Configuration
</UL>

<P><STRONG><a name="[40]"></a>NVIC_Configuration</STRONG> (Thumb, 100 bytes, Stack size 4 bytes, stmlib.o(.text))
<BR><BR>[Stack]<UL><LI>Max Depth = 4<LI>Call Chain = NVIC_Configuration
</UL>
<BR>[Calls]<UL><LI><a href="#[ba]">&gt;&gt;</a>&nbsp;&nbsp;&nbsp;MY_NVIC_Init
</UL>
<BR>[Called By]<UL><LI><a href="#[35]">&gt;&gt;</a>&nbsp;&nbsp;&nbsp;main
</UL>

<P><STRONG><a name="[3f]"></a>GPIO_Configuration</STRONG> (Thumb, 58 bytes, Stack size 0 bytes, stmlib.o(.text))
<BR><BR>[Called By]<UL><LI><a href="#[35]">&gt;&gt;</a>&nbsp;&nbsp;&nbsp;main
</UL>

<P><STRONG><a name="[47]"></a>spi_init</STRONG> (Thumb, 44 bytes, Stack size 0 bytes, stmlib.o(.text))
<BR><BR>[Called By]<UL><LI><a href="#[35]">&gt;&gt;</a>&nbsp;&nbsp;&nbsp;main
</UL>

<P><STRONG><a name="[64]"></a>send_byte</STRONG> (Thumb, 22 bytes, Stack size 0 bytes, stmlib.o(.text))
<BR><BR>[Called By]<UL><LI><a href="#[b1]">&gt;&gt;</a>&nbsp;&nbsp;&nbsp;FlashUnprotect
<LI><a href="#[b0]">&gt;&gt;</a>&nbsp;&nbsp;&nbsp;isBusy
<LI><a href="#[9f]">&gt;&gt;</a>&nbsp;&nbsp;&nbsp;flash_sum
<LI><a href="#[2f]">&gt;&gt;</a>&nbsp;&nbsp;&nbsp;USART1_IRQHandler
<LI><a href="#[87]">&gt;&gt;</a>&nbsp;&nbsp;&nbsp;datn_deal
<LI><a href="#[6a]">&gt;&gt;</a>&nbsp;&nbsp;&nbsp;srs
<LI><a href="#[68]">&gt;&gt;</a>&nbsp;&nbsp;&nbsp;area_deal
<LI><a href="#[63]">&gt;&gt;</a>&nbsp;&nbsp;&nbsp;read_buf
<LI><a href="#[59]">&gt;&gt;</a>&nbsp;&nbsp;&nbsp;program_deal
<LI><a href="#[55]">&gt;&gt;</a>&nbsp;&nbsp;&nbsp;flash_read
<LI><a href="#[54]">&gt;&gt;</a>&nbsp;&nbsp;&nbsp;flash_chip_erase
<LI><a href="#[56]">&gt;&gt;</a>&nbsp;&nbsp;&nbsp;flash_byte_write
</UL>

<P><STRONG><a name="[bb]"></a>Ex_NVIC_Config</STRONG> (Thumb, 84 bytes, Stack size 16 bytes, stmlib.o(.text))
<BR><BR>[Stack]<UL><LI>Max Depth = 16<LI>Call Chain = Ex_NVIC_Config
</UL>
<BR>[Called By]<UL><LI><a href="#[50]">&gt;&gt;</a>&nbsp;&nbsp;&nbsp;exti_init
</UL>

<P><STRONG><a name="[50]"></a>exti_init</STRONG> (Thumb, 34 bytes, Stack size 4 bytes, stmlib.o(.text))
<BR><BR>[Stack]<UL><LI>Max Depth = 20<LI>Call Chain = exti_init &rArr; Ex_NVIC_Config
</UL>
<BR>[Calls]<UL><LI><a href="#[bb]">&gt;&gt;</a>&nbsp;&nbsp;&nbsp;Ex_NVIC_Config
</UL>
<BR>[Called By]<UL><LI><a href="#[35]">&gt;&gt;</a>&nbsp;&nbsp;&nbsp;main
</UL>

<P><STRONG><a name="[af]"></a>RTC_GetCounter</STRONG> (Thumb, 26 bytes, Stack size 0 bytes, stmlib.o(.text))
<BR><BR>[Called By]<UL><LI><a href="#[bd]">&gt;&gt;</a>&nbsp;&nbsp;&nbsp;date_switch
<LI><a href="#[8a]">&gt;&gt;</a>&nbsp;&nbsp;&nbsp;time_count
<LI><a href="#[8f]">&gt;&gt;</a>&nbsp;&nbsp;&nbsp;gettime
</UL>

<P><STRONG><a name="[bc]"></a>RTC_SET</STRONG> (Thumb, 82 bytes, Stack size 0 bytes, stmlib.o(.text))
<BR><BR>[Called By]<UL><LI><a href="#[96]">&gt;&gt;</a>&nbsp;&nbsp;&nbsp;settime
<LI><a href="#[8f]">&gt;&gt;</a>&nbsp;&nbsp;&nbsp;gettime
<LI><a href="#[43]">&gt;&gt;</a>&nbsp;&nbsp;&nbsp;rtc_init
</UL>

<P><STRONG><a name="[8f]"></a>gettime</STRONG> (Thumb, 490 bytes, Stack size 24 bytes, stmlib.o(.text))
<BR><BR>[Stack]<UL><LI>Max Depth = 24<LI>Call Chain = gettime
</UL>
<BR>[Calls]<UL><LI><a href="#[bc]">&gt;&gt;</a>&nbsp;&nbsp;&nbsp;RTC_SET
<LI><a href="#[af]">&gt;&gt;</a>&nbsp;&nbsp;&nbsp;RTC_GetCounter
</UL>
<BR>[Called By]<UL><LI><a href="#[96]">&gt;&gt;</a>&nbsp;&nbsp;&nbsp;settime
<LI><a href="#[5b]">&gt;&gt;</a>&nbsp;&nbsp;&nbsp;time_datadeal
<LI><a href="#[43]">&gt;&gt;</a>&nbsp;&nbsp;&nbsp;rtc_init
</UL>

<P><STRONG><a name="[96]"></a>settime</STRONG> (Thumb, 306 bytes, Stack size 16 bytes, stmlib.o(.text))
<BR><BR>[Stack]<UL><LI>Max Depth = 40 + In Cycle
<LI>Call Chain = settime &rArr;  date_switch (Cycle)
</UL>
<BR>[Calls]<UL><LI><a href="#[bd]">&gt;&gt;</a>&nbsp;&nbsp;&nbsp;date_switch
<LI><a href="#[bc]">&gt;&gt;</a>&nbsp;&nbsp;&nbsp;RTC_SET
<LI><a href="#[8f]">&gt;&gt;</a>&nbsp;&nbsp;&nbsp;gettime
</UL>
<BR>[Called By]<UL><LI><a href="#[bd]">&gt;&gt;</a>&nbsp;&nbsp;&nbsp;date_switch
<LI><a href="#[8a]">&gt;&gt;</a>&nbsp;&nbsp;&nbsp;time_count
<LI><a href="#[2f]">&gt;&gt;</a>&nbsp;&nbsp;&nbsp;USART1_IRQHandler
</UL>

<P><STRONG><a name="[bd]"></a>date_switch</STRONG> (Thumb, 300 bytes, Stack size 24 bytes, stmlib.o(.text))
<BR><BR>[Stack]<UL><LI>Max Depth = 64<LI>Call Chain = date_switch &rArr; settime &rArr;  date_switch (Cycle)
</UL>
<BR>[Calls]<UL><LI><a href="#[9b]">&gt;&gt;</a>&nbsp;&nbsp;&nbsp;__aeabi_memset
<LI><a href="#[af]">&gt;&gt;</a>&nbsp;&nbsp;&nbsp;RTC_GetCounter
<LI><a href="#[96]">&gt;&gt;</a>&nbsp;&nbsp;&nbsp;settime
</UL>
<BR>[Called By]<UL><LI><a href="#[96]">&gt;&gt;</a>&nbsp;&nbsp;&nbsp;settime
<LI><a href="#[43]">&gt;&gt;</a>&nbsp;&nbsp;&nbsp;rtc_init
</UL>

<P><STRONG><a name="[43]"></a>rtc_init</STRONG> (Thumb, 424 bytes, Stack size 24 bytes, stmlib.o(.text))
<BR><BR>[Stack]<UL><LI>Max Depth = 88<LI>Call Chain = rtc_init &rArr; date_switch &rArr; settime &rArr;  date_switch (Cycle)
</UL>
<BR>[Calls]<UL><LI><a href="#[bd]">&gt;&gt;</a>&nbsp;&nbsp;&nbsp;date_switch
<LI><a href="#[bc]">&gt;&gt;</a>&nbsp;&nbsp;&nbsp;RTC_SET
<LI><a href="#[8f]">&gt;&gt;</a>&nbsp;&nbsp;&nbsp;gettime
</UL>
<BR>[Called By]<UL><LI><a href="#[35]">&gt;&gt;</a>&nbsp;&nbsp;&nbsp;main
</UL>

<P><STRONG><a name="[94]"></a>ur</STRONG> (Thumb, 32 bytes, Stack size 8 bytes, stmlib.o(.text))
<BR><BR>[Stack]<UL><LI>Max Depth = 8<LI>Call Chain = ur
</UL>
<BR>[Calls]<UL><LI><a href="#[97]">&gt;&gt;</a>&nbsp;&nbsp;&nbsp;GetCnt
</UL>
<BR>[Called By]<UL><LI><a href="#[2f]">&gt;&gt;</a>&nbsp;&nbsp;&nbsp;USART1_IRQHandler
</UL>

<P><STRONG><a name="[be]"></a>ur2</STRONG> (Thumb, 32 bytes, Stack size 8 bytes, stmlib.o(.text), UNUSED)
<BR><BR>[Calls]<UL><LI><a href="#[97]">&gt;&gt;</a>&nbsp;&nbsp;&nbsp;GetCnt
</UL>

<P><STRONG><a name="[95]"></a>ut</STRONG> (Thumb, 16 bytes, Stack size 0 bytes, stmlib.o(.text))
<BR><BR>[Called By]<UL><LI><a href="#[a6]">&gt;&gt;</a>&nbsp;&nbsp;&nbsp;send_at_WAKEY
<LI><a href="#[9e]">&gt;&gt;</a>&nbsp;&nbsp;&nbsp;sendtime
<LI><a href="#[2f]">&gt;&gt;</a>&nbsp;&nbsp;&nbsp;USART1_IRQHandler
<LI><a href="#[46]">&gt;&gt;</a>&nbsp;&nbsp;&nbsp;send_string
</UL>

<P><STRONG><a name="[cb]"></a>ut2</STRONG> (Thumb, 16 bytes, Stack size 0 bytes, stmlib.o(.text), UNUSED)

<P><STRONG><a name="[46]"></a>send_string</STRONG> (Thumb, 38 bytes, Stack size 8 bytes, stmlib.o(.text))
<BR><BR>[Stack]<UL><LI>Max Depth = 8<LI>Call Chain = send_string
</UL>
<BR>[Calls]<UL><LI><a href="#[95]">&gt;&gt;</a>&nbsp;&nbsp;&nbsp;ut
</UL>
<BR>[Called By]<UL><LI><a href="#[23]">&gt;&gt;</a>&nbsp;&nbsp;&nbsp;TIM1_UP_IRQHandler
<LI><a href="#[ac]">&gt;&gt;</a>&nbsp;&nbsp;&nbsp;SET_ESP8266_WAKEY
<LI><a href="#[a8]">&gt;&gt;</a>&nbsp;&nbsp;&nbsp;send_at_reset
<LI><a href="#[a7]">&gt;&gt;</a>&nbsp;&nbsp;&nbsp;send_at_WAP
<LI><a href="#[a6]">&gt;&gt;</a>&nbsp;&nbsp;&nbsp;send_at_WAKEY
<LI><a href="#[a5]">&gt;&gt;</a>&nbsp;&nbsp;&nbsp;send_at_start
<LI><a href="#[35]">&gt;&gt;</a>&nbsp;&nbsp;&nbsp;main
</UL>

<P><STRONG><a name="[42]"></a>IWDG_Init</STRONG> (Thumb, 24 bytes, Stack size 0 bytes, stmlib.o(.text))
<BR><BR>[Called By]<UL><LI><a href="#[35]">&gt;&gt;</a>&nbsp;&nbsp;&nbsp;main
</UL>

<P><STRONG><a name="[4e]"></a>IWDG_Feed</STRONG> (Thumb, 10 bytes, Stack size 0 bytes, stmlib.o(.text))
<BR><BR>[Called By]<UL><LI><a href="#[2f]">&gt;&gt;</a>&nbsp;&nbsp;&nbsp;USART1_IRQHandler
<LI><a href="#[57]">&gt;&gt;</a>&nbsp;&nbsp;&nbsp;show_err
<LI><a href="#[59]">&gt;&gt;</a>&nbsp;&nbsp;&nbsp;program_deal
<LI><a href="#[35]">&gt;&gt;</a>&nbsp;&nbsp;&nbsp;main
</UL>

<P><STRONG><a name="[3b]"></a>SoftReset</STRONG> (Thumb, 14 bytes, Stack size 0 bytes, stmlib.o(.text))
<BR><BR>[Called By]<UL><LI><a href="#[32]">&gt;&gt;</a>&nbsp;&nbsp;&nbsp;EXTI15_10_IRQHandler
<LI><a href="#[d]">&gt;&gt;</a>&nbsp;&nbsp;&nbsp;RTC_IRQHandler
<LI><a href="#[2f]">&gt;&gt;</a>&nbsp;&nbsp;&nbsp;USART1_IRQHandler
<LI><a href="#[2]">&gt;&gt;</a>&nbsp;&nbsp;&nbsp;HardFault_Handler
<LI><a href="#[35]">&gt;&gt;</a>&nbsp;&nbsp;&nbsp;main
<LI><a href="#[b]">&gt;&gt;</a>&nbsp;&nbsp;&nbsp;PVD_IRQHandler
</UL>

<P><STRONG><a name="[0]"></a>Reset_Handler</STRONG> (Thumb, 4 bytes, Stack size 0 bytes, startup_stm32f10x_md.o(.text))
<BR>[Address Reference Count : 1]<UL><LI> startup_stm32f10x_md.o(RESET)
</UL>
<P><STRONG><a name="[1c]"></a>ADC1_2_IRQHandler</STRONG> (Thumb, 0 bytes, Stack size 0 bytes, startup_stm32f10x_md.o(.text))
<BR><BR>[Calls]<UL><LI><a href="#[1c]">&gt;&gt;</a>&nbsp;&nbsp;&nbsp;ADC1_2_IRQHandler
</UL>
<BR>[Called By]<UL><LI><a href="#[1c]">&gt;&gt;</a>&nbsp;&nbsp;&nbsp;ADC1_2_IRQHandler
</UL>
<BR>[Address Reference Count : 1]<UL><LI> startup_stm32f10x_md.o(RESET)
</UL>
<P><STRONG><a name="[1f]"></a>CAN1_RX1_IRQHandler</STRONG> (Thumb, 0 bytes, Stack size 0 bytes, startup_stm32f10x_md.o(.text))
<BR>[Address Reference Count : 1]<UL><LI> startup_stm32f10x_md.o(RESET)
</UL>
<P><STRONG><a name="[20]"></a>CAN1_SCE_IRQHandler</STRONG> (Thumb, 0 bytes, Stack size 0 bytes, startup_stm32f10x_md.o(.text))
<BR>[Address Reference Count : 1]<UL><LI> startup_stm32f10x_md.o(RESET)
</UL>
<P><STRONG><a name="[15]"></a>DMA1_Channel1_IRQHandler</STRONG> (Thumb, 0 bytes, Stack size 0 bytes, startup_stm32f10x_md.o(.text))
<BR>[Address Reference Count : 1]<UL><LI> startup_stm32f10x_md.o(RESET)
</UL>
<P><STRONG><a name="[16]"></a>DMA1_Channel2_IRQHandler</STRONG> (Thumb, 0 bytes, Stack size 0 bytes, startup_stm32f10x_md.o(.text))
<BR>[Address Reference Count : 1]<UL><LI> startup_stm32f10x_md.o(RESET)
</UL>
<P><STRONG><a name="[17]"></a>DMA1_Channel3_IRQHandler</STRONG> (Thumb, 0 bytes, Stack size 0 bytes, startup_stm32f10x_md.o(.text))
<BR>[Address Reference Count : 1]<UL><LI> startup_stm32f10x_md.o(RESET)
</UL>
<P><STRONG><a name="[18]"></a>DMA1_Channel4_IRQHandler</STRONG> (Thumb, 0 bytes, Stack size 0 bytes, startup_stm32f10x_md.o(.text))
<BR>[Address Reference Count : 1]<UL><LI> startup_stm32f10x_md.o(RESET)
</UL>
<P><STRONG><a name="[19]"></a>DMA1_Channel5_IRQHandler</STRONG> (Thumb, 0 bytes, Stack size 0 bytes, startup_stm32f10x_md.o(.text))
<BR>[Address Reference Count : 1]<UL><LI> startup_stm32f10x_md.o(RESET)
</UL>
<P><STRONG><a name="[1a]"></a>DMA1_Channel6_IRQHandler</STRONG> (Thumb, 0 bytes, Stack size 0 bytes, startup_stm32f10x_md.o(.text))
<BR>[Address Reference Count : 1]<UL><LI> startup_stm32f10x_md.o(RESET)
</UL>
<P><STRONG><a name="[1b]"></a>DMA1_Channel7_IRQHandler</STRONG> (Thumb, 0 bytes, Stack size 0 bytes, startup_stm32f10x_md.o(.text))
<BR>[Address Reference Count : 1]<UL><LI> startup_stm32f10x_md.o(RESET)
</UL>
<P><STRONG><a name="[10]"></a>EXTI0_IRQHandler</STRONG> (Thumb, 0 bytes, Stack size 0 bytes, startup_stm32f10x_md.o(.text))
<BR>[Address Reference Count : 1]<UL><LI> startup_stm32f10x_md.o(RESET)
</UL>
<P><STRONG><a name="[11]"></a>EXTI1_IRQHandler</STRONG> (Thumb, 0 bytes, Stack size 0 bytes, startup_stm32f10x_md.o(.text))
<BR>[Address Reference Count : 1]<UL><LI> startup_stm32f10x_md.o(RESET)
</UL>
<P><STRONG><a name="[12]"></a>EXTI2_IRQHandler</STRONG> (Thumb, 0 bytes, Stack size 0 bytes, startup_stm32f10x_md.o(.text))
<BR>[Address Reference Count : 1]<UL><LI> startup_stm32f10x_md.o(RESET)
</UL>
<P><STRONG><a name="[13]"></a>EXTI3_IRQHandler</STRONG> (Thumb, 0 bytes, Stack size 0 bytes, startup_stm32f10x_md.o(.text))
<BR>[Address Reference Count : 1]<UL><LI> startup_stm32f10x_md.o(RESET)
</UL>
<P><STRONG><a name="[14]"></a>EXTI4_IRQHandler</STRONG> (Thumb, 0 bytes, Stack size 0 bytes, startup_stm32f10x_md.o(.text))
<BR>[Address Reference Count : 1]<UL><LI> startup_stm32f10x_md.o(RESET)
</UL>
<P><STRONG><a name="[21]"></a>EXTI9_5_IRQHandler</STRONG> (Thumb, 0 bytes, Stack size 0 bytes, startup_stm32f10x_md.o(.text))
<BR>[Address Reference Count : 1]<UL><LI> startup_stm32f10x_md.o(RESET)
</UL>
<P><STRONG><a name="[e]"></a>FLASH_IRQHandler</STRONG> (Thumb, 0 bytes, Stack size 0 bytes, startup_stm32f10x_md.o(.text))
<BR>[Address Reference Count : 1]<UL><LI> startup_stm32f10x_md.o(RESET)
</UL>
<P><STRONG><a name="[2a]"></a>I2C1_ER_IRQHandler</STRONG> (Thumb, 0 bytes, Stack size 0 bytes, startup_stm32f10x_md.o(.text))
<BR>[Address Reference Count : 1]<UL><LI> startup_stm32f10x_md.o(RESET)
</UL>
<P><STRONG><a name="[29]"></a>I2C1_EV_IRQHandler</STRONG> (Thumb, 0 bytes, Stack size 0 bytes, startup_stm32f10x_md.o(.text))
<BR>[Address Reference Count : 1]<UL><LI> startup_stm32f10x_md.o(RESET)
</UL>
<P><STRONG><a name="[2c]"></a>I2C2_ER_IRQHandler</STRONG> (Thumb, 0 bytes, Stack size 0 bytes, startup_stm32f10x_md.o(.text))
<BR>[Address Reference Count : 1]<UL><LI> startup_stm32f10x_md.o(RESET)
</UL>
<P><STRONG><a name="[2b]"></a>I2C2_EV_IRQHandler</STRONG> (Thumb, 0 bytes, Stack size 0 bytes, startup_stm32f10x_md.o(.text))
<BR>[Address Reference Count : 1]<UL><LI> startup_stm32f10x_md.o(RESET)
</UL>
<P><STRONG><a name="[f]"></a>RCC_IRQHandler</STRONG> (Thumb, 0 bytes, Stack size 0 bytes, startup_stm32f10x_md.o(.text))
<BR>[Address Reference Count : 1]<UL><LI> startup_stm32f10x_md.o(RESET)
</UL>
<P><STRONG><a name="[33]"></a>RTCAlarm_IRQHandler</STRONG> (Thumb, 0 bytes, Stack size 0 bytes, startup_stm32f10x_md.o(.text))
<BR>[Address Reference Count : 1]<UL><LI> startup_stm32f10x_md.o(RESET)
</UL>
<P><STRONG><a name="[2d]"></a>SPI1_IRQHandler</STRONG> (Thumb, 0 bytes, Stack size 0 bytes, startup_stm32f10x_md.o(.text))
<BR>[Address Reference Count : 1]<UL><LI> startup_stm32f10x_md.o(RESET)
</UL>
<P><STRONG><a name="[2e]"></a>SPI2_IRQHandler</STRONG> (Thumb, 0 bytes, Stack size 0 bytes, startup_stm32f10x_md.o(.text))
<BR>[Address Reference Count : 1]<UL><LI> startup_stm32f10x_md.o(RESET)
</UL>
<P><STRONG><a name="[c]"></a>TAMPER_IRQHandler</STRONG> (Thumb, 0 bytes, Stack size 0 bytes, startup_stm32f10x_md.o(.text))
<BR>[Address Reference Count : 1]<UL><LI> startup_stm32f10x_md.o(RESET)
</UL>
<P><STRONG><a name="[22]"></a>TIM1_BRK_IRQHandler</STRONG> (Thumb, 0 bytes, Stack size 0 bytes, startup_stm32f10x_md.o(.text))
<BR>[Address Reference Count : 1]<UL><LI> startup_stm32f10x_md.o(RESET)
</UL>
<P><STRONG><a name="[25]"></a>TIM1_CC_IRQHandler</STRONG> (Thumb, 0 bytes, Stack size 0 bytes, startup_stm32f10x_md.o(.text))
<BR>[Address Reference Count : 1]<UL><LI> startup_stm32f10x_md.o(RESET)
</UL>
<P><STRONG><a name="[24]"></a>TIM1_TRG_COM_IRQHandler</STRONG> (Thumb, 0 bytes, Stack size 0 bytes, startup_stm32f10x_md.o(.text))
<BR>[Address Reference Count : 1]<UL><LI> startup_stm32f10x_md.o(RESET)
</UL>
<P><STRONG><a name="[30]"></a>USART2_IRQHandler</STRONG> (Thumb, 0 bytes, Stack size 0 bytes, startup_stm32f10x_md.o(.text))
<BR>[Address Reference Count : 1]<UL><LI> startup_stm32f10x_md.o(RESET)
</UL>
<P><STRONG><a name="[31]"></a>USART3_IRQHandler</STRONG> (Thumb, 0 bytes, Stack size 0 bytes, startup_stm32f10x_md.o(.text))
<BR>[Address Reference Count : 1]<UL><LI> startup_stm32f10x_md.o(RESET)
</UL>
<P><STRONG><a name="[34]"></a>USBWakeUp_IRQHandler</STRONG> (Thumb, 0 bytes, Stack size 0 bytes, startup_stm32f10x_md.o(.text))
<BR>[Address Reference Count : 1]<UL><LI> startup_stm32f10x_md.o(RESET)
</UL>
<P><STRONG><a name="[1d]"></a>USB_HP_CAN1_TX_IRQHandler</STRONG> (Thumb, 0 bytes, Stack size 0 bytes, startup_stm32f10x_md.o(.text))
<BR>[Address Reference Count : 1]<UL><LI> startup_stm32f10x_md.o(RESET)
</UL>
<P><STRONG><a name="[1e]"></a>USB_LP_CAN1_RX0_IRQHandler</STRONG> (Thumb, 0 bytes, Stack size 0 bytes, startup_stm32f10x_md.o(.text))
<BR>[Address Reference Count : 1]<UL><LI> startup_stm32f10x_md.o(RESET)
</UL>
<P><STRONG><a name="[a]"></a>WWDG_IRQHandler</STRONG> (Thumb, 0 bytes, Stack size 0 bytes, startup_stm32f10x_md.o(.text))
<BR>[Address Reference Count : 1]<UL><LI> startup_stm32f10x_md.o(RESET)
</UL>
<P><STRONG><a name="[9d]"></a>__aeabi_memcpy</STRONG> (Thumb, 36 bytes, Stack size 0 bytes, memcpya.o(.text))
<BR><BR>[Called By]<UL><LI><a href="#[57]">&gt;&gt;</a>&nbsp;&nbsp;&nbsp;show_err
</UL>

<P><STRONG><a name="[cc]"></a>__aeabi_memcpy4</STRONG> (Thumb, 0 bytes, Stack size 0 bytes, memcpya.o(.text), UNUSED)

<P><STRONG><a name="[cd]"></a>__aeabi_memcpy8</STRONG> (Thumb, 0 bytes, Stack size 0 bytes, memcpya.o(.text), UNUSED)

<P><STRONG><a name="[9b]"></a>__aeabi_memset</STRONG> (Thumb, 14 bytes, Stack size 0 bytes, memseta.o(.text))
<BR><BR>[Called By]<UL><LI><a href="#[bf]">&gt;&gt;</a>&nbsp;&nbsp;&nbsp;_memset$wrapper
<LI><a href="#[3c]">&gt;&gt;</a>&nbsp;&nbsp;&nbsp;__aeabi_memclr
<LI><a href="#[bd]">&gt;&gt;</a>&nbsp;&nbsp;&nbsp;date_switch
<LI><a href="#[32]">&gt;&gt;</a>&nbsp;&nbsp;&nbsp;EXTI15_10_IRQHandler
</UL>

<P><STRONG><a name="[ce]"></a>__aeabi_memset4</STRONG> (Thumb, 0 bytes, Stack size 0 bytes, memseta.o(.text), UNUSED)

<P><STRONG><a name="[cf]"></a>__aeabi_memset8</STRONG> (Thumb, 0 bytes, Stack size 0 bytes, memseta.o(.text), UNUSED)

<P><STRONG><a name="[3c]"></a>__aeabi_memclr</STRONG> (Thumb, 4 bytes, Stack size 0 bytes, memseta.o(.text))
<BR><BR>[Calls]<UL><LI><a href="#[9b]">&gt;&gt;</a>&nbsp;&nbsp;&nbsp;__aeabi_memset
</UL>
<BR>[Called By]<UL><LI><a href="#[35]">&gt;&gt;</a>&nbsp;&nbsp;&nbsp;main
<LI><a href="#[b]">&gt;&gt;</a>&nbsp;&nbsp;&nbsp;PVD_IRQHandler
</UL>

<P><STRONG><a name="[60]"></a>__aeabi_memclr4</STRONG> (Thumb, 0 bytes, Stack size 0 bytes, memseta.o(.text))
<BR><BR>[Called By]<UL><LI><a href="#[32]">&gt;&gt;</a>&nbsp;&nbsp;&nbsp;EXTI15_10_IRQHandler
<LI><a href="#[81]">&gt;&gt;</a>&nbsp;&nbsp;&nbsp;datadeal_sim
<LI><a href="#[49]">&gt;&gt;</a>&nbsp;&nbsp;&nbsp;screen_init
<LI><a href="#[59]">&gt;&gt;</a>&nbsp;&nbsp;&nbsp;program_deal
<LI><a href="#[4c]">&gt;&gt;</a>&nbsp;&nbsp;&nbsp;clr_screen
</UL>

<P><STRONG><a name="[d0]"></a>__aeabi_memclr8</STRONG> (Thumb, 0 bytes, Stack size 0 bytes, memseta.o(.text), UNUSED)

<P><STRONG><a name="[bf]"></a>_memset$wrapper</STRONG> (Thumb, 20 bytes, Stack size 8 bytes, memseta.o(.text), UNUSED)
<BR><BR>[Calls]<UL><LI><a href="#[9b]">&gt;&gt;</a>&nbsp;&nbsp;&nbsp;__aeabi_memset
</UL>

<P><STRONG><a name="[ab]"></a>strncpy</STRONG> (Thumb, 24 bytes, Stack size 8 bytes, strncpy.o(.text))
<BR><BR>[Stack]<UL><LI>Max Depth = 8<LI>Call Chain = strncpy
</UL>
<BR>[Called By]<UL><LI><a href="#[45]">&gt;&gt;</a>&nbsp;&nbsp;&nbsp;Get_SerialNum
</UL>

<P><STRONG><a name="[aa]"></a>strcpy</STRONG> (Thumb, 18 bytes, Stack size 0 bytes, strcpy.o(.text))
<BR><BR>[Called By]<UL><LI><a href="#[45]">&gt;&gt;</a>&nbsp;&nbsp;&nbsp;Get_SerialNum
</UL>

<P><STRONG><a name="[c0]"></a>__aeabi_fadd</STRONG> (Thumb, 164 bytes, Stack size 16 bytes, fadd.o(.text))
<BR><BR>[Stack]<UL><LI>Max Depth = 20<LI>Call Chain = __aeabi_fadd &rArr; _float_epilogue
</UL>
<BR>[Calls]<UL><LI><a href="#[c2]">&gt;&gt;</a>&nbsp;&nbsp;&nbsp;_float_round
<LI><a href="#[c1]">&gt;&gt;</a>&nbsp;&nbsp;&nbsp;_float_epilogue
</UL>
<BR>[Called By]<UL><LI><a href="#[c3]">&gt;&gt;</a>&nbsp;&nbsp;&nbsp;__aeabi_fsub
<LI><a href="#[b7]">&gt;&gt;</a>&nbsp;&nbsp;&nbsp;__aeabi_frsub
</UL>

<P><STRONG><a name="[c3]"></a>__aeabi_fsub</STRONG> (Thumb, 6 bytes, Stack size 0 bytes, fadd.o(.text), UNUSED)
<BR><BR>[Calls]<UL><LI><a href="#[c0]">&gt;&gt;</a>&nbsp;&nbsp;&nbsp;__aeabi_fadd
</UL>

<P><STRONG><a name="[b7]"></a>__aeabi_frsub</STRONG> (Thumb, 6 bytes, Stack size 0 bytes, fadd.o(.text))
<BR><BR>[Stack]<UL><LI>Max Depth = 20<LI>Call Chain = __aeabi_frsub &rArr; __aeabi_fadd &rArr; _float_epilogue
</UL>
<BR>[Calls]<UL><LI><a href="#[c0]">&gt;&gt;</a>&nbsp;&nbsp;&nbsp;__aeabi_fadd
</UL>
<BR>[Called By]<UL><LI><a href="#[b9]">&gt;&gt;</a>&nbsp;&nbsp;&nbsp;uart2_init
<LI><a href="#[44]">&gt;&gt;</a>&nbsp;&nbsp;&nbsp;uart_init
</UL>

<P><STRONG><a name="[b5]"></a>__aeabi_fdiv</STRONG> (Thumb, 128 bytes, Stack size 8 bytes, fdiv.o(.text))
<BR><BR>[Stack]<UL><LI>Max Depth = 8<LI>Call Chain = __aeabi_fdiv
</UL>
<BR>[Calls]<UL><LI><a href="#[c2]">&gt;&gt;</a>&nbsp;&nbsp;&nbsp;_float_round
</UL>
<BR>[Called By]<UL><LI><a href="#[b9]">&gt;&gt;</a>&nbsp;&nbsp;&nbsp;uart2_init
<LI><a href="#[44]">&gt;&gt;</a>&nbsp;&nbsp;&nbsp;uart_init
</UL>

<P><STRONG><a name="[b8]"></a>__ARM_scalbnf</STRONG> (Thumb, 24 bytes, Stack size 0 bytes, fscalb.o(.text))
<BR><BR>[Called By]<UL><LI><a href="#[b9]">&gt;&gt;</a>&nbsp;&nbsp;&nbsp;uart2_init
<LI><a href="#[44]">&gt;&gt;</a>&nbsp;&nbsp;&nbsp;uart_init
</UL>

<P><STRONG><a name="[d1]"></a>scalbnf</STRONG> (Thumb, 0 bytes, Stack size 0 bytes, fscalb.o(.text), UNUSED)

<P><STRONG><a name="[b4]"></a>__aeabi_ui2f</STRONG> (Thumb, 10 bytes, Stack size 0 bytes, ffltui.o(.text))
<BR><BR>[Stack]<UL><LI>Max Depth = 4<LI>Call Chain = __aeabi_ui2f &rArr; _float_epilogue
</UL>
<BR>[Calls]<UL><LI><a href="#[c1]">&gt;&gt;</a>&nbsp;&nbsp;&nbsp;_float_epilogue
</UL>
<BR>[Called By]<UL><LI><a href="#[b9]">&gt;&gt;</a>&nbsp;&nbsp;&nbsp;uart2_init
<LI><a href="#[44]">&gt;&gt;</a>&nbsp;&nbsp;&nbsp;uart_init
</UL>

<P><STRONG><a name="[b6]"></a>__aeabi_f2uiz</STRONG> (Thumb, 40 bytes, Stack size 0 bytes, ffixui.o(.text))
<BR><BR>[Called By]<UL><LI><a href="#[b9]">&gt;&gt;</a>&nbsp;&nbsp;&nbsp;uart2_init
<LI><a href="#[44]">&gt;&gt;</a>&nbsp;&nbsp;&nbsp;uart_init
</UL>

<P><STRONG><a name="[d2]"></a>__I$use$fp</STRONG> (Thumb, 0 bytes, Stack size 0 bytes, iusefp.o(.text), UNUSED)

<P><STRONG><a name="[c2]"></a>_float_round</STRONG> (Thumb, 18 bytes, Stack size 0 bytes, fepilogue.o(.text))
<BR><BR>[Called By]<UL><LI><a href="#[c0]">&gt;&gt;</a>&nbsp;&nbsp;&nbsp;__aeabi_fadd
<LI><a href="#[b5]">&gt;&gt;</a>&nbsp;&nbsp;&nbsp;__aeabi_fdiv
</UL>

<P><STRONG><a name="[c1]"></a>_float_epilogue</STRONG> (Thumb, 90 bytes, Stack size 4 bytes, fepilogue.o(.text))
<BR><BR>[Stack]<UL><LI>Max Depth = 4<LI>Call Chain = _float_epilogue
</UL>
<BR>[Called By]<UL><LI><a href="#[c0]">&gt;&gt;</a>&nbsp;&nbsp;&nbsp;__aeabi_fadd
<LI><a href="#[b4]">&gt;&gt;</a>&nbsp;&nbsp;&nbsp;__aeabi_ui2f
</UL>

<P><STRONG><a name="[39]"></a>__scatterload</STRONG> (Thumb, 28 bytes, Stack size 0 bytes, init.o(.text))
<BR><BR>[Calls]<UL><LI><a href="#[c4]">&gt;&gt;</a>&nbsp;&nbsp;&nbsp;__main_after_scatterload
</UL>
<BR>[Called By]<UL><LI><a href="#[38]">&gt;&gt;</a>&nbsp;&nbsp;&nbsp;_main_scatterload
</UL>

<P><STRONG><a name="[d3]"></a>__scatterload_rt2</STRONG> (Thumb, 0 bytes, Stack size 0 bytes, init.o(.text), UNUSED)

<P><STRONG><a name="[d4]"></a>__decompress</STRONG> (Thumb, 0 bytes, Stack size unknown bytes, __dczerorl2.o(.text), UNUSED)

<P><STRONG><a name="[d5]"></a>__decompress1</STRONG> (Thumb, 92 bytes, Stack size unknown bytes, __dczerorl2.o(.text), UNUSED)

<P><STRONG><a name="[d6]"></a>__scatterload_copy</STRONG> (Thumb, 14 bytes, Stack size unknown bytes, handlers.o(i.__scatterload_copy), UNUSED)

<P><STRONG><a name="[d7]"></a>__scatterload_null</STRONG> (Thumb, 2 bytes, Stack size unknown bytes, handlers.o(i.__scatterload_null), UNUSED)

<P><STRONG><a name="[d8]"></a>__scatterload_zeroinit</STRONG> (Thumb, 14 bytes, Stack size unknown bytes, handlers.o(i.__scatterload_zeroinit), UNUSED)
<P>
<H3>
Local Symbols
</H3>
<P><STRONG><a name="[3a]"></a>delay</STRONG> (Thumb, 6 bytes, Stack size 0 bytes, main.o(.text))
<BR><BR>[Calls]<UL><LI><a href="#[3a]">&gt;&gt;</a>&nbsp;&nbsp;&nbsp;delay
</UL>
<BR>[Called By]<UL><LI><a href="#[35]">&gt;&gt;</a>&nbsp;&nbsp;&nbsp;main
<LI><a href="#[3a]">&gt;&gt;</a>&nbsp;&nbsp;&nbsp;delay
</UL>

<P><STRONG><a name="[41]"></a>PowerManagerInit</STRONG> (Thumb, 20 bytes, Stack size 0 bytes, main.o(.text))
<BR><BR>[Called By]<UL><LI><a href="#[35]">&gt;&gt;</a>&nbsp;&nbsp;&nbsp;main
</UL>

<P><STRONG><a name="[5e]"></a>LEDShowVersion</STRONG> (Thumb, 134 bytes, Stack size 32 bytes, led.o(.text), UNUSED)
<BR><BR>[Called By]<UL><LI><a href="#[5d]">&gt;&gt;</a>&nbsp;&nbsp;&nbsp;ShowVersion
</UL>

<P><STRONG><a name="[5f]"></a>LEDShowModifyDate</STRONG> (Thumb, 140 bytes, Stack size 32 bytes, led.o(.text), UNUSED)
<BR><BR>[Called By]<UL><LI><a href="#[5d]">&gt;&gt;</a>&nbsp;&nbsp;&nbsp;ShowVersion
</UL>

<P><STRONG><a name="[9a]"></a>delay</STRONG> (Thumb, 6 bytes, Stack size 0 bytes, led.o(.text))
<BR><BR>[Calls]<UL><LI><a href="#[9a]">&gt;&gt;</a>&nbsp;&nbsp;&nbsp;delay
</UL>
<BR>[Called By]<UL><LI><a href="#[32]">&gt;&gt;</a>&nbsp;&nbsp;&nbsp;EXTI15_10_IRQHandler
<LI><a href="#[9a]">&gt;&gt;</a>&nbsp;&nbsp;&nbsp;delay
</UL>

<P><STRONG><a name="[a2]"></a>HL_LCA</STRONG> (Thumb, 26 bytes, Stack size 0 bytes, export.o(.text))
<BR><BR>[Called By]<UL><LI><a href="#[4a]">&gt;&gt;</a>&nbsp;&nbsp;&nbsp;ledplay_denglongHei
<LI><a href="#[36]">&gt;&gt;</a>&nbsp;&nbsp;&nbsp;ledplay_denglong
</UL>

<P><STRONG><a name="[a3]"></a>HL_LCB</STRONG> (Thumb, 26 bytes, Stack size 0 bytes, export.o(.text))
<BR><BR>[Called By]<UL><LI><a href="#[4a]">&gt;&gt;</a>&nbsp;&nbsp;&nbsp;ledplay_denglongHei
<LI><a href="#[36]">&gt;&gt;</a>&nbsp;&nbsp;&nbsp;ledplay_denglong
</UL>

<P><STRONG><a name="[b0]"></a>isBusy</STRONG> (Thumb, 36 bytes, Stack size 8 bytes, flash.o(.text))
<BR><BR>[Stack]<UL><LI>Max Depth = 8<LI>Call Chain = isBusy
</UL>
<BR>[Calls]<UL><LI><a href="#[64]">&gt;&gt;</a>&nbsp;&nbsp;&nbsp;send_byte
</UL>
<BR>[Called By]<UL><LI><a href="#[b1]">&gt;&gt;</a>&nbsp;&nbsp;&nbsp;FlashUnprotect
<LI><a href="#[54]">&gt;&gt;</a>&nbsp;&nbsp;&nbsp;flash_chip_erase
<LI><a href="#[56]">&gt;&gt;</a>&nbsp;&nbsp;&nbsp;flash_byte_write
</UL>

<P><STRONG><a name="[b1]"></a>FlashUnprotect</STRONG> (Thumb, 76 bytes, Stack size 16 bytes, flash.o(.text))
<BR><BR>[Stack]<UL><LI>Max Depth = 24<LI>Call Chain = FlashUnprotect &rArr; isBusy
</UL>
<BR>[Calls]<UL><LI><a href="#[b0]">&gt;&gt;</a>&nbsp;&nbsp;&nbsp;isBusy
<LI><a href="#[64]">&gt;&gt;</a>&nbsp;&nbsp;&nbsp;send_byte
</UL>
<BR>[Called By]<UL><LI><a href="#[54]">&gt;&gt;</a>&nbsp;&nbsp;&nbsp;flash_chip_erase
<LI><a href="#[56]">&gt;&gt;</a>&nbsp;&nbsp;&nbsp;flash_byte_write
</UL>
<P>
<H3>
Undefined Global Symbols
</H3><HR></body></html>
