<html>
<body>
<pre>
<h1>µVision Build Log</h1>
<h2>Project:</h2>
D:\Desktop\Í·ÎÄ¼þ\RH-NEW(XGTD°æ)\RH-NEW\USER\XB-W2.uvproj
Project File Date:  01/04/2015

<h2>Output:</h2>
Rebuild target 'Target 1'
compiling main.c...
compiling stm32f10x_it.c...
compiling led.c...
compiling export.c...
export.c(257): warning:  #177-D: variable "usBright" was declared but never referenced
        unsigned short scr_len=SCREEN_LEN,usBright = 0;
export.c: 1 warning, 0 errors
compiling hb.c...
compiling wifi_init.c...
compiling CH374HFT.C...
compiling clock.c...
compiling flash.c...
compiling stmlib.c...
assembling startup_stm32f10x_md.s...
linking...
Program Size: Code=54914 RO-data=1762 RW-data=280 ZI-data=13528  
FromELF: creating hex file...
After Build - User command #1: C:\Keil\ARM\ARMCC\bin\fromelf.exe --bin -o ..\RH-NEW.bin  ..\OBJ\RH-NEW.axf
"..\OBJ\RH-NEW.axf" - 0 Error(s), 1 Warning(s).
</pre>
</body>
</html>
