ARM Linker, 5.03 [Build 24] [MDK-ARM Standard]

==============================================================================

Section Cross References

    main.o(.text) refers to stmlib.o(.text) for SoftReset
    main.o(.text) refers to memseta.o(.text) for __aeabi_memclr
    main.o(.text) refers to led.o(.text) for LEDPowerLow
    main.o(.text) refers to wifi_init.o(.text) for Get_SerialNum
    main.o(.text) refers to flash.o(.text) for FLASH_Unlock
    main.o(.text) refers to export.o(.text) for ledplay_denglongHei
    main.o(.text) refers to led.o(.bss) for leddata
    main.o(.text) refers to main.o(.data) for .data
    main.o(.text) refers to wifi_init.o(.data) for init_finish
    main.o(.text) refers to led.o(.data) for flashcheckerr
    main.o(.text) refers to rand.o(.text) for rand
    stm32f10x_it.o(.text) refers to stmlib.o(.text) for SoftReset
    led.o(.text) refers to flash.o(.text) for FLASH_Unlock
    led.o(.text) refers to export.o(.text) for ledplay_denglongHei
    led.o(.text) refers to memseta.o(.text) for __aeabi_memclr4
    led.o(.text) refers to stmlib.o(.text) for timer_init4
    led.o(.text) refers to led.o(.bss) for .bss
    led.o(.text) refers to led.o(.data) for .data
    led.o(.text) refers to led.o(.constdata) for .constdata
    led.o(.text) refers to export.o(.bss) for all_scall_face
    led.o(.text) refers to export.o(.data) for dis_length
    led.o(.text) refers to hb.o(.bss) for hb
    led.o(.text) refers to clock.o(.text) for show_timers
    led.o(.text) refers to clock.o(.data) for time32
    led.o(.text) refers to hb.o(.text) for area_hb
    led.o(.text) refers to main.o(.data) for pro_end1
    led.o(.text) refers to wifi_init.o(.data) for wifi_init_flag
    led.o(.text) refers to memcpya.o(.text) for __aeabi_memcpy
    led.o(.text) refers to stmlib.o(.constdata) for card_style
    led.o(.text) refers to stmlib.o(.bss) for cardNum
    export.o(.text) refers to led.o(.data) for screen_len
    export.o(.text) refers to led.o(.bss) for scr_info
    export.o(.text) refers to export.o(.data) for .data
    hb.o(.text) refers to flash.o(.text) for flash_read
    hb.o(.text) refers to led.o(.text) for srs
    hb.o(.text) refers to led.o(.data) for screen_len
    hb.o(.text) refers to hb.o(.data) for .data
    hb.o(.text) refers to hb.o(.bss) for .bss
    hb.o(.text) refers to led.o(.bss) for scr_info
    wifi_init.o(.text) refers to stmlib.o(.text) for send_string
    wifi_init.o(.text) refers to strcpy.o(.text) for strcpy
    wifi_init.o(.text) refers to strncpy.o(.text) for strncpy
    wifi_init.o(.text) refers to wifi_init.o(.data) for .data
    wifi_init.o(.text) refers to led.o(.data) for buf_num
    wifi_init.o(.text) refers to led.o(.bss) for usart_buf
    wifi_init.o(.text) refers to wifi_init.o(.bss) for .bss
    wifi_init.o(.text) refers to led.o(.text) for flash_read_write
    ch374hft.o(.text) refers to CH374MAI.O(.text) for CH374FileModify
    ch374hft.o(.text) refers to stmlib.o(.text) for send_byte
    ch374hft.o(.text) refers to strcpy.o(.text) for strcpy
    ch374hft.o(.text) refers to CH374BYT.O(.text) for CH374ByteRead
    ch374hft.o(.text) refers to flash.o(.text) for flash_chip_erase
    ch374hft.o(.text) refers to led.o(.text) for flash_read_write
    ch374hft.o(.text) refers to CH374SEC.O(.text) for CH374FileReadX
    ch374hft.o(.text) refers to ch374hft.o(.bss) for .bss
    ch374hft.o(.text) refers to ch374hft.o(.data) for .data
    ch374hft.o(.text) refers to CH374MAI.O(.data) for pDISK_BASE_BUF
    ch374hft.o(.text) refers to led.o(.data) for flash_addr
    ch374hft.o(.text) refers to led.o(.bss) for sim_buf_red
    ch374hft.o(.data) refers to led.o(.bss) for leddata
    clock.o(.text) refers to flash.o(.text) for flash_read
    clock.o(.text) refers to led.o(.text) for srs
    clock.o(.text) refers to led.o(.data) for flash_addr
    clock.o(.text) refers to led.o(.bss) for sim_buf_red
    clock.o(.text) refers to clock.o(.data) for .data
    clock.o(.text) refers to stmlib.o(.text) for settime
    flash.o(.text) refers to stmlib.o(.text) for send_byte
    flash.o(.text) refers to led.o(.data) for flash_addr
    stmlib.o(.text) refers to ffltui.o(.text) for __aeabi_ui2f
    stmlib.o(.text) refers to fdiv.o(.text) for __aeabi_fdiv
    stmlib.o(.text) refers to ffixui.o(.text) for __aeabi_f2uiz
    stmlib.o(.text) refers to fadd.o(.text) for __aeabi_frsub
    stmlib.o(.text) refers to fscalb.o(.text) for __ARM_scalbnf
    stmlib.o(.text) refers to stmlib.o(.data) for .data
    stmlib.o(.text) refers to main.o(.data) for rtc_error_flag
    stmlib.o(.text) refers to clock.o(.data) for time32
    stmlib.o(.text) refers to stmlib.o(.constdata) for .constdata
    stmlib.o(.text) refers to memseta.o(.text) for __aeabi_memset
    stmlib.o(.text) refers to led.o(.text) for GetCnt
    stmlib.o(.text) refers to led.o(.bss) for buf
    stmlib.o(.text) refers to led.o(.data) for datn16
    startup_stm32f10x_md.o(RESET) refers to startup_stm32f10x_md.o(STACK) for __initial_sp
    startup_stm32f10x_md.o(RESET) refers to startup_stm32f10x_md.o(.text) for Reset_Handler
    startup_stm32f10x_md.o(RESET) refers to stm32f10x_it.o(.text) for NMI_Handler
    startup_stm32f10x_md.o(RESET) refers to main.o(.text) for PVD_IRQHandler
    startup_stm32f10x_md.o(RESET) refers to led.o(.text) for RTC_IRQHandler
    startup_stm32f10x_md.o(RESET) refers to wifi_init.o(.text) for TIM1_UP_IRQHandler
    startup_stm32f10x_md.o(.text) refers to entry.o(.ARM.Collect$$$$00000000) for __main
    CH374MAI.O(.text) refers to ch374hft.o(.text) for CH374_READ_REGISTER
    CH374MAI.O(.text) refers to CH374MAI.O(.data) for CH374v19
    CH374MAI.O(.text) refers to ch374hft.o(.bss) for mBOC
    CH374MAI.O(.text) refers to ch374hft.o(.bss) for mCmdParam
    CH374SEC.O(.text) refers to CH374MAI.O(.text) for CH374s18
    CH374SEC.O(.text) refers to ch374hft.o(.text) for CH374_WRITE_REGISTER
    CH374SEC.O(.text) refers to ch374hft.o(.bss) for mCmdParam
    CH374SEC.O(.text) refers to CH374MAI.O(.data) for CH374v26
    CH374BYT.O(.text) refers to CH374MAI.O(.text) for CH374s05
    CH374BYT.O(.text) refers to CH374MAI.O(.data) for CH374DiskStatus
    CH374BYT.O(.text) refers to ch374hft.o(.bss) for mCmdParam
    entry.o(.ARM.Collect$$$$00000000) refers (Special) to entry10a.o(.ARM.Collect$$$$0000000D) for __rt_final_cpp
    entry.o(.ARM.Collect$$$$00000000) refers (Special) to entry11a.o(.ARM.Collect$$$$0000000F) for __rt_final_exit
    entry.o(.ARM.Collect$$$$00000000) refers (Special) to entry7b.o(.ARM.Collect$$$$00000008) for _main_clock
    entry.o(.ARM.Collect$$$$00000000) refers (Special) to entry8b.o(.ARM.Collect$$$$0000000A) for _main_cpp_init
    entry.o(.ARM.Collect$$$$00000000) refers (Special) to entry9a.o(.ARM.Collect$$$$0000000B) for _main_init
    entry.o(.ARM.Collect$$$$00000000) refers (Special) to entry5.o(.ARM.Collect$$$$00000004) for _main_scatterload
    entry.o(.ARM.Collect$$$$00000000) refers (Special) to entry2.o(.ARM.Collect$$$$00000001) for _main_stk
    rand.o(.text) refers to rand.o(.data) for .data
    fadd.o(.text) refers (Special) to iusefp.o(.text) for __I$use$fp
    fadd.o(.text) refers to fepilogue.o(.text) for _float_epilogue
    fdiv.o(.text) refers (Special) to iusefp.o(.text) for __I$use$fp
    fdiv.o(.text) refers to fepilogue.o(.text) for _float_round
    fscalb.o(.text) refers (Special) to iusefp.o(.text) for __I$use$fp
    ffltui.o(.text) refers (Special) to iusefp.o(.text) for __I$use$fp
    ffltui.o(.text) refers to fepilogue.o(.text) for _float_epilogue
    ffixui.o(.text) refers (Special) to iusefp.o(.text) for __I$use$fp
    entry2.o(.ARM.Collect$$$$00000001) refers to entry2.o(.ARM.Collect$$$$00002712) for __lit__00000000
    entry2.o(.ARM.Collect$$$$00002712) refers to startup_stm32f10x_md.o(STACK) for __initial_sp
    entry2.o(__vectab_stack_and_reset_area) refers to startup_stm32f10x_md.o(STACK) for __initial_sp
    entry2.o(__vectab_stack_and_reset_area) refers to entry.o(.ARM.Collect$$$$00000000) for __main
    entry5.o(.ARM.Collect$$$$00000004) refers to init.o(.text) for __scatterload
    entry9a.o(.ARM.Collect$$$$0000000B) refers to main.o(.text) for main
    entry9b.o(.ARM.Collect$$$$0000000C) refers to main.o(.text) for main
    init.o(.text) refers to entry5.o(.ARM.Collect$$$$00000004) for __main_after_scatterload


==============================================================================

Removing Unused input sections from the image.

    Removing led.o(.constdata), (96 bytes).
    Removing led.o(.constdata), (128 bytes).
    Removing led.o(.data), (1 bytes).
    Removing led.o(.data), (1 bytes).
    Removing led.o(.data), (1 bytes).
    Removing led.o(.data), (1 bytes).
    Removing export.o(.bss), (50 bytes).
    Removing export.o(.bss), (50 bytes).
    Removing export.o(.constdata), (8 bytes).
    Removing export.o(.constdata), (8 bytes).
    Removing export.o(.data), (1 bytes).
    Removing export.o(.data), (1 bytes).
    Removing export.o(.data), (1 bytes).
    Removing export.o(.data), (2 bytes).
    Removing export.o(.data), (16 bytes).
    Removing export.o(.data), (1 bytes).
    Removing export.o(.data), (1 bytes).
    Removing export.o(.data), (1 bytes).
    Removing export.o(.data), (1 bytes).
    Removing export.o(.data), (1 bytes).
    Removing export.o(.data), (4 bytes).
    Removing export.o(.data), (4 bytes).
    Removing wifi_init.o(.data), (9 bytes).
    Removing wifi_init.o(.data), (35 bytes).
    Removing wifi_init.o(.data), (9 bytes).
    Removing wifi_init.o(.data), (32 bytes).
    Removing wifi_init.o(.data), (20 bytes).
    Removing wifi_init.o(.data), (1 bytes).
    Removing wifi_init.o(.data), (1 bytes).
    Removing wifi_init.o(.data), (1 bytes).
    Removing wifi_init.o(.data), (6 bytes).
    Removing ch374hft.o(.text), (1724 bytes).
    Removing ch374hft.o(.bss), (32 bytes).
    Removing ch374hft.o(.bss), (20 bytes).
    Removing ch374hft.o(.data), (8 bytes).
    Removing ch374hft.o(.data), (2 bytes).
    Removing startup_stm32f10x_md.o(HEAP), (512 bytes).
    Removing CH374MAI.O(.text), (8252 bytes).
    Removing CH374MAI.O(.data), (93 bytes).
    Removing CH374SEC.O(.text), (1000 bytes).
    Removing CH374BYT.O(.text), (564 bytes).

41 unused section(s) (total 12699 bytes) removed from the image.

==============================================================================

Image Symbol Table

    Local Symbols

    Symbol Name                              Value     Ov Type        Size  Object(Section)

    ../clib/../cmprslib/zerorunl2.c          0x00000000   Number         0  __dczerorl2.o ABSOLUTE
    ../clib/microlib/init/entry.s            0x00000000   Number         0  entry8b.o ABSOLUTE
    ../clib/microlib/init/entry.s            0x00000000   Number         0  entry11a.o ABSOLUTE
    ../clib/microlib/init/entry.s            0x00000000   Number         0  entry8a.o ABSOLUTE
    ../clib/microlib/init/entry.s            0x00000000   Number         0  entry.o ABSOLUTE
    ../clib/microlib/init/entry.s            0x00000000   Number         0  entry9a.o ABSOLUTE
    ../clib/microlib/init/entry.s            0x00000000   Number         0  entry7b.o ABSOLUTE
    ../clib/microlib/init/entry.s            0x00000000   Number         0  entry2.o ABSOLUTE
    ../clib/microlib/init/entry.s            0x00000000   Number         0  entry5.o ABSOLUTE
    ../clib/microlib/init/entry.s            0x00000000   Number         0  entry9b.o ABSOLUTE
    ../clib/microlib/init/entry.s            0x00000000   Number         0  entry10b.o ABSOLUTE
    ../clib/microlib/init/entry.s            0x00000000   Number         0  entry11b.o ABSOLUTE
    ../clib/microlib/init/entry.s            0x00000000   Number         0  entry7a.o ABSOLUTE
    ../clib/microlib/init/entry.s            0x00000000   Number         0  entry10a.o ABSOLUTE
    ../clib/microlib/stdlib/rand.c           0x00000000   Number         0  rand.o ABSOLUTE
    ../clib/microlib/string/memcpy.c         0x00000000   Number         0  memcpya.o ABSOLUTE
    ../clib/microlib/string/memcpy.c         0x00000000   Number         0  memcpyb.o ABSOLUTE
    ../clib/microlib/string/memset.c         0x00000000   Number         0  memseta.o ABSOLUTE
    ../clib/microlib/string/strcpy.c         0x00000000   Number         0  strcpy.o ABSOLUTE
    ../clib/microlib/string/strncpy.c        0x00000000   Number         0  strncpy.o ABSOLUTE
    ../clib/microlib/stubs.s                 0x00000000   Number         0  iusefp.o ABSOLUTE
    ../fplib/microlib/fpadd.c                0x00000000   Number         0  fadd.o ABSOLUTE
    ../fplib/microlib/fpdiv.c                0x00000000   Number         0  fdiv.o ABSOLUTE
    ../fplib/microlib/fpepilogue.c           0x00000000   Number         0  fepilogue.o ABSOLUTE
    ../fplib/microlib/fpfix.c                0x00000000   Number         0  ffixui.o ABSOLUTE
    ../fplib/microlib/fpflt.c                0x00000000   Number         0  ffltui.o ABSOLUTE
    ../fplib/microlib/fpscalb.c              0x00000000   Number         0  fscalb.o ABSOLUTE
    ..\CORE\startup_stm32f10x_md.s           0x00000000   Number         0  startup_stm32f10x_md.o ABSOLUTE
    ..\SYSTEM\CH374HFT.C                     0x00000000   Number         0  ch374hft.o ABSOLUTE
    ..\SYSTEM\clock.c                        0x00000000   Number         0  clock.o ABSOLUTE
    ..\SYSTEM\flash.c                        0x00000000   Number         0  flash.o ABSOLUTE
    ..\SYSTEM\stmlib.c                       0x00000000   Number         0  stmlib.o ABSOLUTE
    CH374BYT.C                               0x00000000   Number         0  CH374BYT.O ABSOLUTE
    CH374MAI.C                               0x00000000   Number         0  CH374MAI.O ABSOLUTE
    CH374SEC.C                               0x00000000   Number         0  CH374SEC.O ABSOLUTE
    dc.s                                     0x00000000   Number         0  dc.o ABSOLUTE
    export.c                                 0x00000000   Number         0  export.o ABSOLUTE
    handlers.s                               0x00000000   Number         0  handlers.o ABSOLUTE
    hb.c                                     0x00000000   Number         0  hb.o ABSOLUTE
    init.s                                   0x00000000   Number         0  init.o ABSOLUTE
    led.c                                    0x00000000   Number         0  led.o ABSOLUTE
    main.c                                   0x00000000   Number         0  main.o ABSOLUTE
    stm32f10x_it.c                           0x00000000   Number         0  stm32f10x_it.o ABSOLUTE
    wifi_init.c                              0x00000000   Number         0  wifi_init.o ABSOLUTE
    RESET                                    0x08000000   Section      236  startup_stm32f10x_md.o(RESET)
    .ARM.Collect$$$$00000000                 0x080000ec   Section        0  entry.o(.ARM.Collect$$$$00000000)
    .ARM.Collect$$$$00000001                 0x080000ec   Section        4  entry2.o(.ARM.Collect$$$$00000001)
    .ARM.Collect$$$$00000004                 0x080000f0   Section        4  entry5.o(.ARM.Collect$$$$00000004)
    .ARM.Collect$$$$00000008                 0x080000f4   Section        0  entry7b.o(.ARM.Collect$$$$00000008)
    .ARM.Collect$$$$0000000A                 0x080000f4   Section        0  entry8b.o(.ARM.Collect$$$$0000000A)
    .ARM.Collect$$$$0000000B                 0x080000f4   Section        8  entry9a.o(.ARM.Collect$$$$0000000B)
    .ARM.Collect$$$$0000000D                 0x080000fc   Section        0  entry10a.o(.ARM.Collect$$$$0000000D)
    .ARM.Collect$$$$0000000F                 0x080000fc   Section        0  entry11a.o(.ARM.Collect$$$$0000000F)
    .ARM.Collect$$$$00002712                 0x080000fc   Section        4  entry2.o(.ARM.Collect$$$$00002712)
    __lit__00000000                          0x080000fc   Data           4  entry2.o(.ARM.Collect$$$$00002712)
    .text                                    0x08000100   Section        0  main.o(.text)
    delay                                    0x08000101   Thumb Code     6  main.o(.text)
    PowerManagerInit                         0x08000107   Thumb Code    20  main.o(.text)
    .text                                    0x08000af0   Section        0  stm32f10x_it.o(.text)
    .text                                    0x08000b28   Section        0  led.o(.text)
    LEDShowVersion                           0x08000c0d   Thumb Code   128  led.o(.text)
    LEDShowModifyDate                        0x08000c8d   Thumb Code   134  led.o(.text)
    delay                                    0x08004981   Thumb Code     6  led.o(.text)
    .text                                    0x08004d98   Section        0  export.o(.text)
    HL_LCA                                   0x08004db5   Thumb Code    26  export.o(.text)
    HL_LCB                                   0x08004dcf   Thumb Code    26  export.o(.text)
    .text                                    0x08004fbc   Section        0  hb.o(.text)
    .text                                    0x08005d70   Section        0  wifi_init.o(.text)
    .text                                    0x080063d8   Section        0  clock.o(.text)
    .text                                    0x080072cc   Section        0  flash.o(.text)
    isBusy                                   0x08007317   Thumb Code    36  flash.o(.text)
    FlashUnprotect                           0x0800733b   Thumb Code    76  flash.o(.text)
    .text                                    0x08007508   Section        0  stmlib.o(.text)
    .text                                    0x080081f0   Section       28  startup_stm32f10x_md.o(.text)
    .text                                    0x0800820c   Section        0  rand.o(.text)
    .text                                    0x08008230   Section        0  memcpya.o(.text)
    .text                                    0x08008254   Section        0  memseta.o(.text)
    .text                                    0x08008278   Section        0  strncpy.o(.text)
    .text                                    0x08008290   Section        0  strcpy.o(.text)
    .text                                    0x080082a2   Section        0  fadd.o(.text)
    .text                                    0x08008352   Section        0  fdiv.o(.text)
    .text                                    0x080083d2   Section        0  fscalb.o(.text)
    .text                                    0x080083ea   Section        0  ffltui.o(.text)
    .text                                    0x080083f4   Section        0  ffixui.o(.text)
    .text                                    0x0800841c   Section        0  fepilogue.o(.text)
    .text                                    0x0800841c   Section        0  iusefp.o(.text)
    .text                                    0x08008488   Section       36  init.o(.text)
    .text                                    0x080084ac   Section        0  __dczerorl2.o(.text)
    i.__scatterload_copy                     0x08008508   Section       14  handlers.o(i.__scatterload_copy)
    i.__scatterload_null                     0x08008516   Section        2  handlers.o(i.__scatterload_null)
    i.__scatterload_zeroinit                 0x08008518   Section       14  handlers.o(i.__scatterload_zeroinit)
    .constdata                               0x08008526   Section      832  led.o(.constdata)
    .constdata                               0x08008866   Section      214  stmlib.o(.constdata)
    .constdata                               0x0800893c   Section      352  stmlib.o(.constdata)
    .data                                    0x20000000   Section        8  main.o(.data)
    .data                                    0x20000008   Section     1292  led.o(.data)
    cnt                                      0x20000011   Data           1  led.o(.data)
    sw                                       0x20000012   Data           1  led.o(.data)
    temp                                     0x20000013   Data           1  led.o(.data)
    .data                                    0x20000514   Section        1  export.o(.data)
    .data                                    0x20000515   Section        1  export.o(.data)
    .data                                    0x20000516   Section        2  hb.o(.data)
    cnt_hb                                   0x20000516   Data           1  hb.o(.data)
    cs                                       0x20000517   Data           1  hb.o(.data)
    .data                                    0x20000518   Section       59  wifi_init.o(.data)
    num_error                                0x2000051f   Data           1  wifi_init.o(.data)
    error_flage                              0x20000520   Data           1  wifi_init.o(.data)
    enter_num                                0x20000521   Data           1  wifi_init.o(.data)
    .data                                    0x20000554   Section        8  clock.o(.data)
    .data                                    0x2000055c   Section        1  stmlib.o(.data)
    .data                                    0x20000560   Section        4  rand.o(.data)
    _rand_state                              0x20000560   Data           4  rand.o(.data)
    .bss                                     0x20000564   Section    11164  led.o(.bss)
    .bss                                     0x20003100   Section       12  export.o(.bss)
    .bss                                     0x2000310c   Section      296  hb.o(.bss)
    .bss                                     0x20003234   Section       13  wifi_init.o(.bss)
    .bss                                     0x20003241   Section       11  stmlib.o(.bss)
    STACK                                    0x20003250   Section     2048  startup_stm32f10x_md.o(STACK)

    Global Symbols

    Symbol Name                              Value     Ov Type        Size  Object(Section)

    BuildAttributes$$THM_ISAv4$P$D$K$B$S$PE$A:L22UL41UL21$X:L11$S22US41US21$IEEE1$IW$USESV6$~STKCKD$USESV7$~SHL$OTIME$ROPI$EBA8$MICROLIB$REQ8$PRES8$EABIv2 0x00000000   Number         0  anon$$obj.o ABSOLUTE
    __ARM_use_no_argv                        0x00000000   Number         0  main.o ABSOLUTE
    __cpp_initialize__aeabi_                  - Undefined Weak Reference
    __cxa_finalize                            - Undefined Weak Reference
    _clock_init                               - Undefined Weak Reference
    _microlib_exit                            - Undefined Weak Reference
    __Vectors_Size                           0x000000ec   Number         0  startup_stm32f10x_md.o ABSOLUTE
    __Vectors                                0x08000000   Data           4  startup_stm32f10x_md.o(RESET)
    __Vectors_End                            0x080000ec   Data           0  startup_stm32f10x_md.o(RESET)
    __main                                   0x080000ed   Thumb Code     0  entry.o(.ARM.Collect$$$$00000000)
    _main_stk                                0x080000ed   Thumb Code     0  entry2.o(.ARM.Collect$$$$00000001)
    _main_scatterload                        0x080000f1   Thumb Code     0  entry5.o(.ARM.Collect$$$$00000004)
    __main_after_scatterload                 0x080000f5   Thumb Code     0  entry5.o(.ARM.Collect$$$$00000004)
    _main_clock                              0x080000f5   Thumb Code     0  entry7b.o(.ARM.Collect$$$$00000008)
    _main_cpp_init                           0x080000f5   Thumb Code     0  entry8b.o(.ARM.Collect$$$$0000000A)
    _main_init                               0x080000f5   Thumb Code     0  entry9a.o(.ARM.Collect$$$$0000000B)
    __rt_final_cpp                           0x080000fd   Thumb Code     0  entry10a.o(.ARM.Collect$$$$0000000D)
    __rt_final_exit                          0x080000fd   Thumb Code     0  entry11a.o(.ARM.Collect$$$$0000000F)
    PVD_IRQHandler                           0x0800011b   Thumb Code    58  main.o(.text)
    main                                     0x08000155   Thumb Code  2450  main.o(.text)
    NMI_Handler                              0x08000af1   Thumb Code     2  stm32f10x_it.o(.text)
    HardFault_Handler                        0x08000af3   Thumb Code    36  stm32f10x_it.o(.text)
    MemManage_Handler                        0x08000b17   Thumb Code     2  stm32f10x_it.o(.text)
    BusFault_Handler                         0x08000b19   Thumb Code     2  stm32f10x_it.o(.text)
    UsageFault_Handler                       0x08000b1b   Thumb Code     2  stm32f10x_it.o(.text)
    SVC_Handler                              0x08000b1d   Thumb Code     2  stm32f10x_it.o(.text)
    DebugMon_Handler                         0x08000b1f   Thumb Code     2  stm32f10x_it.o(.text)
    PendSV_Handler                           0x08000b21   Thumb Code     2  stm32f10x_it.o(.text)
    SysTick_Handler                          0x08000b23   Thumb Code     2  stm32f10x_it.o(.text)
    LEDPowerLow                              0x08000b29   Thumb Code     8  led.o(.text)
    flash_read_write                         0x08000b31   Thumb Code   104  led.o(.text)
    ShowRtcError                             0x08000b99   Thumb Code   116  led.o(.text)
    ShowVersion                              0x08000d13   Thumb Code   134  led.o(.text)
    clr_screen                               0x08000d99   Thumb Code     6  led.o(.text)
    clear_disp_ram                           0x08000d9f   Thumb Code    16  led.o(.text)
    init_t4                                  0x08000daf   Thumb Code   118  led.o(.text)
    defaultplay                              0x08000e25   Thumb Code     2  led.o(.text)
    read_buf                                 0x08000e27   Thumb Code    50  led.o(.text)
    screen_init                              0x08000e59   Thumb Code   664  led.o(.text)
    info_init                                0x080010f1   Thumb Code   196  led.o(.text)
    area_deal                                0x080011b5   Thumb Code   268  led.o(.text)
    program_deal                             0x080012c1   Thumb Code   448  led.o(.text)
    srs                                      0x08001481   Thumb Code    16  led.o(.text)
    write_hsel                               0x08001491   Thumb Code   122  led.o(.text)
    getbit                                   0x0800150b   Thumb Code    52  led.o(.text)
    clr_buf                                  0x0800153f   Thumb Code    94  led.o(.text)
    still_display                            0x0800159d   Thumb Code   234  led.o(.text)
    pull_up_down_screen                      0x08001687   Thumb Code   228  led.o(.text)
    clear                                    0x0800176b   Thumb Code    40  led.o(.text)
    pull_left_right_screen                   0x08001793   Thumb Code   570  led.o(.text)
    closed_down_screen                       0x080019cd   Thumb Code   174  led.o(.text)
    down_on_screen                           0x08001a7b   Thumb Code    20  led.o(.text)
    left_right_close                         0x08001a8f   Thumb Code   370  led.o(.text)
    left_right_open                          0x08001c01   Thumb Code    22  led.o(.text)
    V_blinds                                 0x08001c17   Thumb Code   318  led.o(.text)
    H_blinds                                 0x08001d55   Thumb Code   156  led.o(.text)
    up_move                                  0x08001df1   Thumb Code   768  led.o(.text)
    down_move                                0x080020f1   Thumb Code   758  led.o(.text)
    left_move                                0x080023e7   Thumb Code   928  led.o(.text)
    right_move                               0x08002787   Thumb Code   972  led.o(.text)
    datadeal_move                            0x08002b53   Thumb Code   242  led.o(.text)
    datadeal_word                            0x08002c45   Thumb Code   242  led.o(.text)
    PutPixel                                 0x08002d37   Thumb Code    88  led.o(.text)
    printf_line                              0x08002d8f   Thumb Code   412  led.o(.text)
    show_second                              0x08002f2b   Thumb Code   290  led.o(.text)
    datadeal_sim                             0x0800304d   Thumb Code  1520  led.o(.text)
    datadeal_digi                            0x0800363d   Thumb Code   226  led.o(.text)
    datn_deal                                0x0800371f   Thumb Code   476  led.o(.text)
    pro_end                                  0x080038fb   Thumb Code   146  led.o(.text)
    sj                                       0x0800398d   Thumb Code    52  led.o(.text)
    info_delay                               0x080039c1   Thumb Code    42  led.o(.text)
    datadeal                                 0x080039eb   Thumb Code   626  led.o(.text)
    fun_time_asc                             0x08003c5d   Thumb Code   176  led.o(.text)
    fun_time_zi                              0x08003d0d   Thumb Code   158  led.o(.text)
    time_datadeal                            0x08003dab   Thumb Code   482  led.o(.text)
    GetCnt                                   0x08003f8d   Thumb Code    62  led.o(.text)
    timer_bright_set                         0x08003fcb   Thumb Code    56  led.o(.text)
    rcc_set                                  0x08004003   Thumb Code    34  led.o(.text)
    USART1_IRQHandler                        0x08004025   Thumb Code  1594  led.o(.text)
    TIM2_IRQHandler                          0x0800465f   Thumb Code    14  led.o(.text)
    TIM4_IRQHandler                          0x0800466d   Thumb Code    24  led.o(.text)
    TIM3_IRQHandler                          0x08004685   Thumb Code   226  led.o(.text)
    time_sw                                  0x08004767   Thumb Code   218  led.o(.text)
    timer_bright_check                       0x08004841   Thumb Code   104  led.o(.text)
    RTC_IRQHandler                           0x080048a9   Thumb Code   216  led.o(.text)
    EXTI15_10_IRQHandler                     0x08004987   Thumb Code   432  led.o(.text)
    show                                     0x08004b37   Thumb Code    64  led.o(.text)
    show_info                                0x08004b77   Thumb Code   108  led.o(.text)
    show_err                                 0x08004be3   Thumb Code   182  led.o(.text)
    sendtime                                 0x08004c99   Thumb Code    68  led.o(.text)
    flash_check                              0x08004cdd   Thumb Code   140  led.o(.text)
    HL_LC                                    0x08004d99   Thumb Code    28  export.o(.text)
    export_s32                               0x08004de9   Thumb Code   208  export.o(.text)
    ledplay_denglong                         0x08004eb9   Thumb Code   134  export.o(.text)
    ledplay_denglongHei                      0x08004f3f   Thumb Code   102  export.o(.text)
    hb_way                                   0x08004fbd   Thumb Code   152  hb.o(.text)
    area_hb                                  0x08005055   Thumb Code   616  hb.o(.text)
    hb_deal                                  0x080052bd   Thumb Code  1236  hb.o(.text)
    hb_move_deal                             0x08005791   Thumb Code  1276  hb.o(.text)
    clear_hb                                 0x08005c8d   Thumb Code   202  hb.o(.text)
    send_at_start                            0x08005d71   Thumb Code     8  wifi_init.o(.text)
    send_at_WAKEY                            0x08005d79   Thumb Code    66  wifi_init.o(.text)
    send_at_WAP                              0x08005dbb   Thumb Code    82  wifi_init.o(.text)
    send_at_reset                            0x08005e0d   Thumb Code    10  wifi_init.o(.text)
    buf_clr                                  0x08005e17   Thumb Code    22  wifi_init.o(.text)
    get_mcu_id                               0x08005e2d   Thumb Code    98  wifi_init.o(.text)
    Get_SerialNum                            0x08005e8f   Thumb Code   330  wifi_init.o(.text)
    SET_ESP8266_WAKEY                        0x08005fd9   Thumb Code   586  wifi_init.o(.text)
    comper_str                               0x08006223   Thumb Code    34  wifi_init.o(.text)
    TIM1_UP_IRQHandler                       0x08006245   Thumb Code   312  wifi_init.o(.text)
    __dig_write                              0x080063d9   Thumb Code   202  clock.o(.text)
    dig_write                                0x080064a3   Thumb Code   492  clock.o(.text)
    asc_check                                0x0800668f   Thumb Code   308  clock.o(.text)
    dig_clock_deal                           0x080067c3   Thumb Code  1458  clock.o(.text)
    time_count                               0x08006d75   Thumb Code  1192  clock.o(.text)
    show_timers                              0x0800721d   Thumb Code   158  clock.o(.text)
    flash_read                               0x080072cd   Thumb Code    74  flash.o(.text)
    flash_byte_write                         0x08007387   Thumb Code    78  flash.o(.text)
    flash_chip_erase                         0x080073d5   Thumb Code    34  flash.o(.text)
    flash_sum                                0x080073f7   Thumb Code    34  flash.o(.text)
    FLASH_Unlock                             0x08007419   Thumb Code    12  flash.o(.text)
    FLASH_Lock                               0x08007425   Thumb Code    12  flash.o(.text)
    STMFLASH_GetStatus                       0x08007431   Thumb Code    32  flash.o(.text)
    STMFLASH_WaitDone                        0x08007451   Thumb Code    28  flash.o(.text)
    FLASH_ErasePage                          0x0800746d   Thumb Code    58  flash.o(.text)
    STMFLASH_WriteWord                       0x080074a7   Thumb Code    76  flash.o(.text)
    RCC_Configuration                        0x08007509   Thumb Code   504  stmlib.o(.text)
    uart_init                                0x08007701   Thumb Code   106  stmlib.o(.text)
    uart2_init                               0x0800776b   Thumb Code   108  stmlib.o(.text)
    timer1_init                              0x080077d7   Thumb Code    86  stmlib.o(.text)
    timer_init                               0x0800782d   Thumb Code    54  stmlib.o(.text)
    timer3_init                              0x08007863   Thumb Code    80  stmlib.o(.text)
    timer_init4                              0x080078b3   Thumb Code    64  stmlib.o(.text)
    TIM4_Cmd                                 0x080078f3   Thumb Code    66  stmlib.o(.text)
    MY_NVIC_Init                             0x08007935   Thumb Code    38  stmlib.o(.text)
    NVIC_Configuration                       0x0800795b   Thumb Code    80  stmlib.o(.text)
    GPIO_Configuration                       0x080079ab   Thumb Code    58  stmlib.o(.text)
    spi_init                                 0x080079e5   Thumb Code    44  stmlib.o(.text)
    send_byte                                0x08007a11   Thumb Code    22  stmlib.o(.text)
    Ex_NVIC_Config                           0x08007a27   Thumb Code    84  stmlib.o(.text)
    exti_init                                0x08007a7b   Thumb Code    34  stmlib.o(.text)
    RTC_GetCounter                           0x08007a9d   Thumb Code    26  stmlib.o(.text)
    RTC_SET                                  0x08007ab7   Thumb Code    82  stmlib.o(.text)
    gettime                                  0x08007b09   Thumb Code   490  stmlib.o(.text)
    settime                                  0x08007cf3   Thumb Code   308  stmlib.o(.text)
    date_switch                              0x08007e27   Thumb Code   304  stmlib.o(.text)
    rtc_init                                 0x08007f57   Thumb Code   424  stmlib.o(.text)
    ur                                       0x080080ff   Thumb Code    32  stmlib.o(.text)
    ur2                                      0x0800811f   Thumb Code    32  stmlib.o(.text)
    ut                                       0x0800813f   Thumb Code    16  stmlib.o(.text)
    ut2                                      0x0800814f   Thumb Code    16  stmlib.o(.text)
    send_string                              0x0800815f   Thumb Code    38  stmlib.o(.text)
    IWDG_Init                                0x08008185   Thumb Code    24  stmlib.o(.text)
    IWDG_Feed                                0x0800819d   Thumb Code    10  stmlib.o(.text)
    SoftReset                                0x080081a7   Thumb Code    14  stmlib.o(.text)
    Reset_Handler                            0x080081f1   Thumb Code     4  startup_stm32f10x_md.o(.text)
    ADC1_2_IRQHandler                        0x08008207   Thumb Code     0  startup_stm32f10x_md.o(.text)
    CAN1_RX1_IRQHandler                      0x08008207   Thumb Code     0  startup_stm32f10x_md.o(.text)
    CAN1_SCE_IRQHandler                      0x08008207   Thumb Code     0  startup_stm32f10x_md.o(.text)
    DMA1_Channel1_IRQHandler                 0x08008207   Thumb Code     0  startup_stm32f10x_md.o(.text)
    DMA1_Channel2_IRQHandler                 0x08008207   Thumb Code     0  startup_stm32f10x_md.o(.text)
    DMA1_Channel3_IRQHandler                 0x08008207   Thumb Code     0  startup_stm32f10x_md.o(.text)
    DMA1_Channel4_IRQHandler                 0x08008207   Thumb Code     0  startup_stm32f10x_md.o(.text)
    DMA1_Channel5_IRQHandler                 0x08008207   Thumb Code     0  startup_stm32f10x_md.o(.text)
    DMA1_Channel6_IRQHandler                 0x08008207   Thumb Code     0  startup_stm32f10x_md.o(.text)
    DMA1_Channel7_IRQHandler                 0x08008207   Thumb Code     0  startup_stm32f10x_md.o(.text)
    EXTI0_IRQHandler                         0x08008207   Thumb Code     0  startup_stm32f10x_md.o(.text)
    EXTI1_IRQHandler                         0x08008207   Thumb Code     0  startup_stm32f10x_md.o(.text)
    EXTI2_IRQHandler                         0x08008207   Thumb Code     0  startup_stm32f10x_md.o(.text)
    EXTI3_IRQHandler                         0x08008207   Thumb Code     0  startup_stm32f10x_md.o(.text)
    EXTI4_IRQHandler                         0x08008207   Thumb Code     0  startup_stm32f10x_md.o(.text)
    EXTI9_5_IRQHandler                       0x08008207   Thumb Code     0  startup_stm32f10x_md.o(.text)
    FLASH_IRQHandler                         0x08008207   Thumb Code     0  startup_stm32f10x_md.o(.text)
    I2C1_ER_IRQHandler                       0x08008207   Thumb Code     0  startup_stm32f10x_md.o(.text)
    I2C1_EV_IRQHandler                       0x08008207   Thumb Code     0  startup_stm32f10x_md.o(.text)
    I2C2_ER_IRQHandler                       0x08008207   Thumb Code     0  startup_stm32f10x_md.o(.text)
    I2C2_EV_IRQHandler                       0x08008207   Thumb Code     0  startup_stm32f10x_md.o(.text)
    RCC_IRQHandler                           0x08008207   Thumb Code     0  startup_stm32f10x_md.o(.text)
    RTCAlarm_IRQHandler                      0x08008207   Thumb Code     0  startup_stm32f10x_md.o(.text)
    SPI1_IRQHandler                          0x08008207   Thumb Code     0  startup_stm32f10x_md.o(.text)
    SPI2_IRQHandler                          0x08008207   Thumb Code     0  startup_stm32f10x_md.o(.text)
    TAMPER_IRQHandler                        0x08008207   Thumb Code     0  startup_stm32f10x_md.o(.text)
    TIM1_BRK_IRQHandler                      0x08008207   Thumb Code     0  startup_stm32f10x_md.o(.text)
    TIM1_CC_IRQHandler                       0x08008207   Thumb Code     0  startup_stm32f10x_md.o(.text)
    TIM1_TRG_COM_IRQHandler                  0x08008207   Thumb Code     0  startup_stm32f10x_md.o(.text)
    USART2_IRQHandler                        0x08008207   Thumb Code     0  startup_stm32f10x_md.o(.text)
    USART3_IRQHandler                        0x08008207   Thumb Code     0  startup_stm32f10x_md.o(.text)
    USBWakeUp_IRQHandler                     0x08008207   Thumb Code     0  startup_stm32f10x_md.o(.text)
    USB_HP_CAN1_TX_IRQHandler                0x08008207   Thumb Code     0  startup_stm32f10x_md.o(.text)
    USB_LP_CAN1_RX0_IRQHandler               0x08008207   Thumb Code     0  startup_stm32f10x_md.o(.text)
    WWDG_IRQHandler                          0x08008207   Thumb Code     0  startup_stm32f10x_md.o(.text)
    rand                                     0x0800820d   Thumb Code    20  rand.o(.text)
    srand                                    0x08008221   Thumb Code     6  rand.o(.text)
    __aeabi_memcpy                           0x08008231   Thumb Code    36  memcpya.o(.text)
    __aeabi_memcpy4                          0x08008231   Thumb Code     0  memcpya.o(.text)
    __aeabi_memcpy8                          0x08008231   Thumb Code     0  memcpya.o(.text)
    __aeabi_memset                           0x08008255   Thumb Code    14  memseta.o(.text)
    __aeabi_memset4                          0x08008255   Thumb Code     0  memseta.o(.text)
    __aeabi_memset8                          0x08008255   Thumb Code     0  memseta.o(.text)
    __aeabi_memclr                           0x08008263   Thumb Code     4  memseta.o(.text)
    __aeabi_memclr4                          0x08008263   Thumb Code     0  memseta.o(.text)
    __aeabi_memclr8                          0x08008263   Thumb Code     0  memseta.o(.text)
    _memset$wrapper                          0x08008267   Thumb Code    18  memseta.o(.text)
    strncpy                                  0x08008279   Thumb Code    24  strncpy.o(.text)
    strcpy                                   0x08008291   Thumb Code    18  strcpy.o(.text)
    __aeabi_fadd                             0x080082a3   Thumb Code   164  fadd.o(.text)
    __aeabi_fsub                             0x08008347   Thumb Code     6  fadd.o(.text)
    __aeabi_frsub                            0x0800834d   Thumb Code     6  fadd.o(.text)
    __aeabi_fdiv                             0x08008353   Thumb Code   128  fdiv.o(.text)
    __ARM_scalbnf                            0x080083d3   Thumb Code    24  fscalb.o(.text)
    scalbnf                                  0x080083d3   Thumb Code     0  fscalb.o(.text)
    __aeabi_ui2f                             0x080083eb   Thumb Code    10  ffltui.o(.text)
    __aeabi_f2uiz                            0x080083f5   Thumb Code    40  ffixui.o(.text)
    __I$use$fp                               0x0800841d   Thumb Code     0  iusefp.o(.text)
    _float_round                             0x0800841d   Thumb Code    18  fepilogue.o(.text)
    _float_epilogue                          0x0800842f   Thumb Code    90  fepilogue.o(.text)
    __scatterload                            0x08008489   Thumb Code    28  init.o(.text)
    __scatterload_rt2                        0x08008489   Thumb Code     0  init.o(.text)
    __decompress                             0x080084ad   Thumb Code     0  __dczerorl2.o(.text)
    __decompress1                            0x080084ad   Thumb Code    92  __dczerorl2.o(.text)
    __scatterload_copy                       0x08008509   Thumb Code    14  handlers.o(i.__scatterload_copy)
    __scatterload_null                       0x08008517   Thumb Code     2  handlers.o(i.__scatterload_null)
    __scatterload_zeroinit                   0x08008519   Thumb Code    14  handlers.o(i.__scatterload_zeroinit)
    ucaShowVersion                           0x08008526   Data         192  led.o(.constdata)
    lenerr                                   0x080085e6   Data         128  led.o(.constdata)
    scanerr                                  0x08008666   Data         128  led.o(.constdata)
    proerr                                   0x080086e6   Data         128  led.o(.constdata)
    longerr                                  0x08008766   Data         128  led.o(.constdata)
    rtcerr                                   0x080087e6   Data         128  led.o(.constdata)
    year_date                                0x08008866   Data         153  stmlib.o(.constdata)
    date_table                               0x080088ff   Data          12  stmlib.o(.constdata)
    date_year                                0x0800890b   Data          49  stmlib.o(.constdata)
    card_style                               0x0800893c   Data         352  stmlib.o(.constdata)
    Region$$Table$$Base                      0x08008a9c   Number         0  anon$$obj.o(Region$$Table)
    Region$$Table$$Limit                     0x08008abc   Number         0  anon$$obj.o(Region$$Table)
    wait_wifi_tt                             0x20000000   Data           1  main.o(.data)
    time_flag                                0x20000001   Data           1  main.o(.data)
    pro_end1                                 0x20000002   Data           1  main.o(.data)
    rtc_error_flag                           0x20000004   Data           4  main.o(.data)
    flashcheckerr                            0x20000008   Data           1  led.o(.data)
    screeniniterr                            0x20000009   Data           1  led.o(.data)
    scan_play                                0x2000000a   Data           1  led.o(.data)
    area_c                                   0x2000000b   Data           1  led.o(.data)
    offset                                   0x2000000c   Data           1  led.o(.data)
    didi                                     0x2000000d   Data           1  led.o(.data)
    time_num                                 0x2000000e   Data           1  led.o(.data)
    K                                        0x2000000f   Data           1  led.o(.data)
    buf_num                                  0x20000010   Data           1  led.o(.data)
    offset_green                             0x20000014   Data           1  led.o(.data)
    pro_flag                                 0x20000015   Data           1  led.o(.data)
    area_num                                 0x20000016   Data           1  led.o(.data)
    bright                                   0x20000017   Data           1  led.o(.data)
    ticks                                    0x20000018   Data           1  led.o(.data)
    sec_flag                                 0x20000019   Data           1  led.o(.data)
    pro_num                                  0x2000001a   Data           1  led.o(.data)
    pro_c                                    0x2000001b   Data           1  led.o(.data)
    mm_set_en                                0x2000001c   Data           1  led.o(.data)
    __didi                                   0x2000001d   Data           1  led.o(.data)
    g_wShowVersionCnt                        0x2000001e   Data           2  led.o(.data)
    screen_len                               0x20000020   Data           2  led.o(.data)
    datn16                                   0x20000022   Data           2  led.o(.data)
    show_timer                               0x20000024   Data           2  led.o(.data)
    var                                      0x20000026   Data           2  led.o(.data)
    time_sj                                  0x20000028   Data           4  led.o(.data)
    led_play                                 0x2000002c   Data           4  led.o(.data)
    pArg                                     0x20000030   Data           4  led.o(.data)
    flash_addr                               0x20000034   Data           4  led.o(.data)
    pro_addr                                 0x20000038   Data           4  led.o(.data)
    year                                     0x2000003c   Data          60  led.o(.data)
    month                                    0x20000078   Data          60  led.o(.data)
    xing                                     0x200000b4   Data          60  led.o(.data)
    qi                                       0x200000f0   Data          60  led.o(.data)
    shi                                      0x2000012c   Data          60  led.o(.data)
    fen                                      0x20000168   Data          60  led.o(.data)
    miao                                     0x200001a4   Data          60  led.o(.data)
    shuzi                                    0x200001e0   Data         400  led.o(.data)
    xingqi                                   0x20000370   Data         420  led.o(.data)
    dis_length                               0x20000514   Data           1  export.o(.data)
    disp_nbytes                              0x20000515   Data           1  export.o(.data)
    timer1_flag                              0x20000518   Data           1  wifi_init.o(.data)
    sendflag                                 0x20000519   Data           1  wifi_init.o(.data)
    wifiinit                                 0x2000051a   Data           1  wifi_init.o(.data)
    config_tim                               0x2000051b   Data           1  wifi_init.o(.data)
    config_step                              0x2000051c   Data           1  wifi_init.o(.data)
    init_finish                              0x2000051d   Data           1  wifi_init.o(.data)
    channel_num                              0x2000051e   Data           1  wifi_init.o(.data)
    wifi_init_flag                           0x20000522   Data           1  wifi_init.o(.data)
    at_start                                 0x20000523   Data           3  wifi_init.o(.data)
    WiFi_AT_AT                               0x20000526   Data           3  wifi_init.o(.data)
    WiFi_AT_Z                                0x20000529   Data           5  wifi_init.o(.data)
    WiFi_WAP_CONFIG2                         0x2000052e   Data           6  wifi_init.o(.data)
    WiFi_AT_WAKEY                            0x20000534   Data          17  wifi_init.o(.data)
    WiFi_AT_WAP                              0x20000545   Data          14  wifi_init.o(.data)
    date32                                   0x20000554   Data           4  clock.o(.data)
    time32                                   0x20000558   Data           4  clock.o(.data)
    Frequency                                0x2000055c   Data           1  stmlib.o(.data)
    ledtime                                  0x20000564   Data          14  led.o(.bss)
    scr_info                                 0x20000574   Data          24  led.o(.bss)
    area                                     0x2000058c   Data         608  led.o(.bss)
    sim                                      0x200007ec   Data          36  led.o(.bss)
    leddata                                  0x20000810   Data        8192  led.o(.bss)
    buf                                      0x20002810   Data          40  led.o(.bss)
    sim_buf_red                              0x20002838   Data        1024  led.o(.bss)
    sim_buf_green                            0x20002c38   Data        1024  led.o(.bss)
    usart_buf                                0x20003038   Data         200  led.o(.bss)
    all_scall_face                           0x20003100   Data          12  export.o(.bss)
    hb_l                                     0x2000310c   Data          70  hb.o(.bss)
    hb_lgreen                                0x20003152   Data          70  hb.o(.bss)
    hb_r                                     0x20003198   Data          70  hb.o(.bss)
    hb_rgreen                                0x200031de   Data          70  hb.o(.bss)
    hb                                       0x20003224   Data          16  hb.o(.bss)
    ap_name                                  0x20003234   Data          13  wifi_init.o(.bss)
    cardNum                                  0x20003241   Data          11  stmlib.o(.bss)
    __initial_sp                             0x20003a50   Data           0  startup_stm32f10x_md.o(STACK)



==============================================================================

Memory Map of the image

  Image Entry point : 0x080000ed

  Load Region LR_IROM1 (Base: 0x08000000, Size: 0x00009020, Max: 0x00010000, ABSOLUTE, COMPRESSED[0x00008d30])

    Execution Region ER_IROM1 (Base: 0x08000000, Size: 0x00008abc, Max: 0x00010000, ABSOLUTE)

    Base Addr    Size         Type   Attr      Idx    E Section Name        Object

    0x08000000   0x000000ec   Data   RO          278    RESET               startup_stm32f10x_md.o
    0x080000ec   0x00000000   Code   RO          291  * .ARM.Collect$$$$00000000  mc_w.l(entry.o)
    0x080000ec   0x00000004   Code   RO          317    .ARM.Collect$$$$00000001  mc_w.l(entry2.o)
    0x080000f0   0x00000004   Code   RO          320    .ARM.Collect$$$$00000004  mc_w.l(entry5.o)
    0x080000f4   0x00000000   Code   RO          322    .ARM.Collect$$$$00000008  mc_w.l(entry7b.o)
    0x080000f4   0x00000000   Code   RO          324    .ARM.Collect$$$$0000000A  mc_w.l(entry8b.o)
    0x080000f4   0x00000008   Code   RO          325    .ARM.Collect$$$$0000000B  mc_w.l(entry9a.o)
    0x080000fc   0x00000000   Code   RO          327    .ARM.Collect$$$$0000000D  mc_w.l(entry10a.o)
    0x080000fc   0x00000000   Code   RO          329    .ARM.Collect$$$$0000000F  mc_w.l(entry11a.o)
    0x080000fc   0x00000004   Code   RO          318    .ARM.Collect$$$$00002712  mc_w.l(entry2.o)
    0x08000100   0x000009f0   Code   RO            1    .text               main.o
    0x08000af0   0x00000038   Code   RO           51    .text               stm32f10x_it.o
    0x08000b28   0x00004270   Code   RO           76    .text               led.o
    0x08004d98   0x00000224   Code   RO          100    .text               export.o
    0x08004fbc   0x00000db4   Code   RO          138    .text               hb.o
    0x08005d70   0x00000668   Code   RO          155    .text               wifi_init.o
    0x080063d8   0x00000ef4   Code   RO          221    .text               clock.o
    0x080072cc   0x0000023c   Code   RO          240    .text               flash.o
    0x08007508   0x00000ce8   Code   RO          253    .text               stmlib.o
    0x080081f0   0x0000001c   Code   RO          279    .text               startup_stm32f10x_md.o
    0x0800820c   0x00000024   Code   RO          294    .text               mc_w.l(rand.o)
    0x08008230   0x00000024   Code   RO          297    .text               mc_w.l(memcpya.o)
    0x08008254   0x00000024   Code   RO          299    .text               mc_w.l(memseta.o)
    0x08008278   0x00000018   Code   RO          301    .text               mc_w.l(strncpy.o)
    0x08008290   0x00000012   Code   RO          303    .text               mc_w.l(strcpy.o)
    0x080082a2   0x000000b0   Code   RO          307    .text               mf_w.l(fadd.o)
    0x08008352   0x00000080   Code   RO          309    .text               mf_w.l(fdiv.o)
    0x080083d2   0x00000018   Code   RO          311    .text               mf_w.l(fscalb.o)
    0x080083ea   0x0000000a   Code   RO          313    .text               mf_w.l(ffltui.o)
    0x080083f4   0x00000028   Code   RO          315    .text               mf_w.l(ffixui.o)
    0x0800841c   0x00000000   Code   RO          331    .text               mc_w.l(iusefp.o)
    0x0800841c   0x0000006c   Code   RO          332    .text               mf_w.l(fepilogue.o)
    0x08008488   0x00000024   Code   RO          334    .text               mc_w.l(init.o)
    0x080084ac   0x0000005c   Code   RO          344    .text               mc_w.l(__dczerorl2.o)
    0x08008508   0x0000000e   Code   RO          338    i.__scatterload_copy  mc_w.l(handlers.o)
    0x08008516   0x00000002   Code   RO          339    i.__scatterload_null  mc_w.l(handlers.o)
    0x08008518   0x0000000e   Code   RO          340    i.__scatterload_zeroinit  mc_w.l(handlers.o)
    0x08008526   0x00000340   Data   RO           78    .constdata          led.o
    0x08008866   0x000000d6   Data   RO          255    .constdata          stmlib.o
    0x0800893c   0x00000160   Data   RO          256    .constdata          stmlib.o
    0x08008a9c   0x00000020   Data   RO          336    Region$$Table       anon$$obj.o


    Execution Region RW_IRAM1 (Base: 0x20000000, Size: 0x00003a50, Max: 0x00005000, ABSOLUTE, COMPRESSED[0x00000274])

    Base Addr    Size         Type   Attr      Idx    E Section Name        Object

    0x20000000   0x00000008   Data   RW            2    .data               main.o
    0x20000008   0x0000050c   Data   RW           81    .data               led.o
    0x20000514   0x00000001   Data   RW          116    .data               export.o
    0x20000515   0x00000001   Data   RW          117    .data               export.o
    0x20000516   0x00000002   Data   RW          140    .data               hb.o
    0x20000518   0x0000003b   Data   RW          157    .data               wifi_init.o
    0x20000553   0x00000001   PAD
    0x20000554   0x00000008   Data   RW          222    .data               clock.o
    0x2000055c   0x00000001   Data   RW          257    .data               stmlib.o
    0x2000055d   0x00000003   PAD
    0x20000560   0x00000004   Data   RW          295    .data               mc_w.l(rand.o)
    0x20000564   0x00002b9c   Zero   RW           77    .bss                led.o
    0x20003100   0x0000000c   Zero   RW          101    .bss                export.o
    0x2000310c   0x00000128   Zero   RW          139    .bss                hb.o
    0x20003234   0x0000000d   Zero   RW          156    .bss                wifi_init.o
    0x20003241   0x0000000b   Zero   RW          254    .bss                stmlib.o
    0x2000324c   0x00000004   PAD
    0x20003250   0x00000800   Zero   RW          276    STACK               startup_stm32f10x_md.o


==============================================================================

Image component sizes


      Code (inc. data)   RO Data    RW Data    ZI Data      Debug   Object Name

         0          0          0          0          0       2004   ch374hft.o
      3828         94          0          8          0       7372   clock.o
       548         24          0          2         12       4119   export.o
       572         22          0          0          0       2933   flash.o
      3508         96          0          2        296       7066   hb.o
     17008        552        832       1292      11164      42693   led.o
      2544        122          0          8          0     213919   main.o
        28          4        236          0       2048        776   startup_stm32f10x_md.o
        56          4          0          0          0     202894   stm32f10x_it.o
      3304        222        566          1         11      24664   stmlib.o
      1640        224          0         59         13       5185   wifi_init.o

    ----------------------------------------------------------------------
     33036       1364       1666       1376      13548     513625   Object Totals
         0          0         32          0          0          0   (incl. Generated)
         0          0          0          4          4          0   (incl. Padding)

    ----------------------------------------------------------------------

      Code (inc. data)   RO Data    RW Data    ZI Data      Debug   Library Member Name

        92          0          0          0          0          0   __dczerorl2.o
         0          0          0          0          0          0   entry.o
         0          0          0          0          0          0   entry10a.o
         0          0          0          0          0          0   entry11a.o
         8          4          0          0          0          0   entry2.o
         4          0          0          0          0          0   entry5.o
         0          0          0          0          0          0   entry7b.o
         0          0          0          0          0          0   entry8b.o
         8          4          0          0          0          0   entry9a.o
        30          0          0          0          0          0   handlers.o
        36          8          0          0          0         68   init.o
         0          0          0          0          0          0   iusefp.o
        36          0          0          0          0         68   memcpya.o
        36          0          0          0          0        108   memseta.o
        36         10          0          4          0        136   rand.o
        18          0          0          0          0         68   strcpy.o
        24          0          0          0          0         76   strncpy.o
       176          0          0          0          0        140   fadd.o
       128          0          0          0          0         88   fdiv.o
       108          0          0          0          0        168   fepilogue.o
        40          0          0          0          0         68   ffixui.o
        10          0          0          0          0         68   ffltui.o
        24          0          0          0          0         68   fscalb.o

    ----------------------------------------------------------------------
       814         26          0          4          0       1124   Library Totals
         0          0          0          0          0          0   (incl. Padding)

    ----------------------------------------------------------------------

      Code (inc. data)   RO Data    RW Data    ZI Data      Debug   Library Name

       328         26          0          4          0        524   mc_w.l
       486          0          0          0          0        600   mf_w.l

    ----------------------------------------------------------------------
       814         26          0          4          0       1124   Library Totals

    ----------------------------------------------------------------------

==============================================================================


      Code (inc. data)   RO Data    RW Data    ZI Data      Debug   

     33850       1390       1666       1380      13548     513449   Grand Totals
     33850       1390       1666        628      13548     513449   ELF Image Totals (compressed)
     33850       1390       1666        628          0          0   ROM Totals

==============================================================================

    Total RO  Size (Code + RO Data)                35516 (  34.68kB)
    Total RW  Size (RW Data + ZI Data)             14928 (  14.58kB)
    Total ROM Size (Code + RO Data + RW Data)      36144 (  35.30kB)

==============================================================================

