ARM Linker, 5.02 [Build 28] [MDK-ARM Standard]

==============================================================================

Section Cross References

    main.o(.text) refers to stmlib.o(.text) for SoftReset
    main.o(.text) refers to memseta.o(.text) for __aeabi_memclr
    main.o(.text) refers to led.o(.text) for LEDPowerLow
    main.o(.text) refers to wifi_init.o(.text) for Get_SerialNum
    main.o(.text) refers to flash.o(.text) for FLASH_Unlock
    main.o(.text) refers to led.o(.bss) for leddata
    main.o(.text) refers to main.o(.data) for .data
    main.o(.text) refers to wifi_init.o(.data) for init_finish
    main.o(.text) refers to led.o(.data) for flashcheckerr
    main.o(.text) refers to export.o(.text) for ledplay_denglongHei
    main.o(.text) refers to rand.o(.text) for rand
    stm32f10x_it.o(.text) refers to stmlib.o(.text) for SoftReset
    led.o(.text) refers to flash.o(.text) for FLASH_Unlock
    led.o(.text) refers to export.o(.text) for ledplay_denglong
    led.o(.text) refers to memseta.o(.text) for __aeabi_memclr4
    led.o(.text) refers to stmlib.o(.text) for timer_init4
    led.o(.text) refers to led.o(.bss) for .bss
    led.o(.text) refers to led.o(.data) for .data
    led.o(.text) refers to led.o(.constdata) for .constdata
    led.o(.text) refers to export.o(.bss) for all_scall_face
    led.o(.text) refers to clock.o(.text) for show_timers
    led.o(.text) refers to export.o(.data) for dis_length
    led.o(.text) refers to hb.o(.bss) for hb
    led.o(.text) refers to clock.o(.data) for time32
    led.o(.text) refers to hb.o(.text) for area_hb
    led.o(.text) refers to main.o(.data) for pro_end1
    led.o(.text) refers to wifi_init.o(.data) for wifi_init_flag
    led.o(.text) refers to memcpya.o(.text) for __aeabi_memcpy
    led.o(.text) refers to stmlib.o(.constdata) for card_style
    led.o(.text) refers to stmlib.o(.bss) for cardNum
    export.o(.text) refers to led.o(.bss) for leddata
    hb.o(.text) refers to flash.o(.text) for flash_read
    hb.o(.text) refers to led.o(.text) for srs
    hb.o(.text) refers to led.o(.data) for screen_len
    hb.o(.text) refers to hb.o(.data) for .data
    hb.o(.text) refers to hb.o(.bss) for .bss
    hb.o(.text) refers to led.o(.bss) for scr_info
    wifi_init.o(.text) refers to stmlib.o(.text) for send_string
    wifi_init.o(.text) refers to strcpy.o(.text) for strcpy
    wifi_init.o(.text) refers to strncpy.o(.text) for strncpy
    wifi_init.o(.text) refers to wifi_init.o(.data) for .data
    wifi_init.o(.text) refers to led.o(.data) for buf_num
    wifi_init.o(.text) refers to led.o(.bss) for usart_buf
    wifi_init.o(.text) refers to wifi_init.o(.bss) for .bss
    wifi_init.o(.text) refers to led.o(.text) for flash_read_write
    ch374hft.o(.text) refers to CH374MAI.O(.text) for CH374FileModify
    ch374hft.o(.text) refers to stmlib.o(.text) for send_byte
    ch374hft.o(.text) refers to strcpy.o(.text) for strcpy
    ch374hft.o(.text) refers to CH374BYT.O(.text) for CH374ByteRead
    ch374hft.o(.text) refers to flash.o(.text) for flash_chip_erase
    ch374hft.o(.text) refers to led.o(.text) for flash_read_write
    ch374hft.o(.text) refers to CH374SEC.O(.text) for CH374FileReadX
    ch374hft.o(.text) refers to ch374hft.o(.bss) for .bss
    ch374hft.o(.text) refers to ch374hft.o(.data) for .data
    ch374hft.o(.text) refers to CH374MAI.O(.data) for pDISK_BASE_BUF
    ch374hft.o(.text) refers to led.o(.data) for flash_addr
    ch374hft.o(.text) refers to led.o(.bss) for sim_buf_red
    ch374hft.o(.data) refers to led.o(.bss) for leddata
    clock.o(.text) refers to flash.o(.text) for flash_read
    clock.o(.text) refers to led.o(.text) for srs
    clock.o(.text) refers to led.o(.data) for flash_addr
    clock.o(.text) refers to led.o(.bss) for sim_buf_red
    clock.o(.text) refers to clock.o(.data) for .data
    clock.o(.text) refers to stmlib.o(.text) for settime
    flash.o(.text) refers to stmlib.o(.text) for send_byte
    flash.o(.text) refers to led.o(.data) for flash_addr
    stmlib.o(.text) refers to ffltui.o(.text) for __aeabi_ui2f
    stmlib.o(.text) refers to fdiv.o(.text) for __aeabi_fdiv
    stmlib.o(.text) refers to ffixui.o(.text) for __aeabi_f2uiz
    stmlib.o(.text) refers to fadd.o(.text) for __aeabi_frsub
    stmlib.o(.text) refers to fscalb.o(.text) for __ARM_scalbnf
    stmlib.o(.text) refers to stmlib.o(.data) for .data
    stmlib.o(.text) refers to main.o(.data) for rtc_error_flag
    stmlib.o(.text) refers to clock.o(.data) for time32
    stmlib.o(.text) refers to stmlib.o(.constdata) for .constdata
    stmlib.o(.text) refers to memseta.o(.text) for __aeabi_memset
    stmlib.o(.text) refers to led.o(.text) for GetCnt
    stmlib.o(.text) refers to led.o(.bss) for buf
    stmlib.o(.text) refers to led.o(.data) for datn16
    startup_stm32f10x_md.o(RESET) refers to startup_stm32f10x_md.o(STACK) for __initial_sp
    startup_stm32f10x_md.o(RESET) refers to startup_stm32f10x_md.o(.text) for Reset_Handler
    startup_stm32f10x_md.o(RESET) refers to stm32f10x_it.o(.text) for NMI_Handler
    startup_stm32f10x_md.o(RESET) refers to main.o(.text) for PVD_IRQHandler
    startup_stm32f10x_md.o(RESET) refers to led.o(.text) for RTC_IRQHandler
    startup_stm32f10x_md.o(RESET) refers to wifi_init.o(.text) for TIM1_UP_IRQHandler
    startup_stm32f10x_md.o(.text) refers to entry.o(.ARM.Collect$$$$00000000) for __main
    CH374MAI.O(.text) refers to ch374hft.o(.text) for CH374_READ_REGISTER
    CH374MAI.O(.text) refers to CH374MAI.O(.data) for CH374v19
    CH374MAI.O(.text) refers to ch374hft.o(.bss) for mBOC
    CH374MAI.O(.text) refers to ch374hft.o(.bss) for mCmdParam
    CH374SEC.O(.text) refers to CH374MAI.O(.text) for CH374s18
    CH374SEC.O(.text) refers to ch374hft.o(.text) for CH374_WRITE_REGISTER
    CH374SEC.O(.text) refers to ch374hft.o(.bss) for mCmdParam
    CH374SEC.O(.text) refers to CH374MAI.O(.data) for CH374v26
    CH374BYT.O(.text) refers to CH374MAI.O(.text) for CH374s05
    CH374BYT.O(.text) refers to CH374MAI.O(.data) for CH374DiskStatus
    CH374BYT.O(.text) refers to ch374hft.o(.bss) for mCmdParam
    entry.o(.ARM.Collect$$$$00000000) refers (Special) to entry7b.o(.ARM.Collect$$$$00000008) for _main_clock
    entry.o(.ARM.Collect$$$$00000000) refers (Special) to entry8.o(.ARM.Collect$$$$00000009) for _main_init
    entry.o(.ARM.Collect$$$$00000000) refers (Special) to entry5.o(.ARM.Collect$$$$00000004) for _main_scatterload
    entry.o(.ARM.Collect$$$$00000000) refers (Special) to entry2.o(.ARM.Collect$$$$00000001) for _main_stk
    rand.o(.text) refers to rand.o(.data) for .data
    fadd.o(.text) refers (Special) to iusefp.o(.text) for __I$use$fp
    fadd.o(.text) refers to fepilogue.o(.text) for _float_epilogue
    fdiv.o(.text) refers (Special) to iusefp.o(.text) for __I$use$fp
    fdiv.o(.text) refers to fepilogue.o(.text) for _float_round
    fscalb.o(.text) refers (Special) to iusefp.o(.text) for __I$use$fp
    ffltui.o(.text) refers (Special) to iusefp.o(.text) for __I$use$fp
    ffltui.o(.text) refers to fepilogue.o(.text) for _float_epilogue
    ffixui.o(.text) refers (Special) to iusefp.o(.text) for __I$use$fp
    entry2.o(.ARM.Collect$$$$00000001) refers to entry2.o(.ARM.Collect$$$$00002712) for __lit__00000000
    entry2.o(.ARM.Collect$$$$00002712) refers to startup_stm32f10x_md.o(STACK) for __initial_sp
    entry2.o(__vectab_stack_and_reset_area) refers to startup_stm32f10x_md.o(STACK) for __initial_sp
    entry2.o(__vectab_stack_and_reset_area) refers to entry.o(.ARM.Collect$$$$00000000) for __main
    entry5.o(.ARM.Collect$$$$00000004) refers to init.o(.text) for __scatterload
    entry8.o(.ARM.Collect$$$$00000009) refers to main.o(.text) for main
    init.o(.text) refers to entry5.o(.ARM.Collect$$$$00000004) for __main_after_scatterload


==============================================================================

Removing Unused input sections from the image.

    Removing led.o(.constdata), (96 bytes).
    Removing led.o(.constdata), (128 bytes).
    Removing led.o(.data), (1 bytes).
    Removing led.o(.data), (1 bytes).
    Removing led.o(.data), (1 bytes).
    Removing led.o(.data), (1 bytes).
    Removing export.o(.bss), (50 bytes).
    Removing export.o(.bss), (50 bytes).
    Removing export.o(.constdata), (8 bytes).
    Removing export.o(.constdata), (8 bytes).
    Removing export.o(.data), (1 bytes).
    Removing export.o(.data), (1 bytes).
    Removing export.o(.data), (1 bytes).
    Removing export.o(.data), (2 bytes).
    Removing export.o(.data), (16 bytes).
    Removing export.o(.data), (1 bytes).
    Removing export.o(.data), (1 bytes).
    Removing export.o(.data), (1 bytes).
    Removing export.o(.data), (1 bytes).
    Removing export.o(.data), (1 bytes).
    Removing export.o(.data), (1 bytes).
    Removing export.o(.data), (4 bytes).
    Removing export.o(.data), (4 bytes).
    Removing wifi_init.o(.data), (9 bytes).
    Removing wifi_init.o(.data), (35 bytes).
    Removing wifi_init.o(.data), (9 bytes).
    Removing wifi_init.o(.data), (32 bytes).
    Removing wifi_init.o(.data), (20 bytes).
    Removing wifi_init.o(.data), (1 bytes).
    Removing wifi_init.o(.data), (1 bytes).
    Removing wifi_init.o(.data), (1 bytes).
    Removing wifi_init.o(.data), (6 bytes).
    Removing ch374hft.o(.text), (1728 bytes).
    Removing ch374hft.o(.bss), (32 bytes).
    Removing ch374hft.o(.bss), (20 bytes).
    Removing ch374hft.o(.data), (8 bytes).
    Removing ch374hft.o(.data), (2 bytes).
    Removing startup_stm32f10x_md.o(HEAP), (512 bytes).
    Removing CH374MAI.O(.text), (8252 bytes).
    Removing CH374MAI.O(.data), (93 bytes).
    Removing CH374SEC.O(.text), (1000 bytes).
    Removing CH374BYT.O(.text), (564 bytes).

42 unused section(s) (total 12704 bytes) removed from the image.

==============================================================================

Image Symbol Table

    Local Symbols

    Symbol Name                              Value     Ov Type        Size  Object(Section)

    ../clib/../cmprslib/zerorunl2.c          0x00000000   Number         0  __dczerorl2.o ABSOLUTE
    ../clib/microlib/init/entry.s            0x00000000   Number         0  entry.o ABSOLUTE
    ../clib/microlib/init/entry.s            0x00000000   Number         0  entry7b.o ABSOLUTE
    ../clib/microlib/init/entry.s            0x00000000   Number         0  entry7a.o ABSOLUTE
    ../clib/microlib/init/entry.s            0x00000000   Number         0  entry5.o ABSOLUTE
    ../clib/microlib/init/entry.s            0x00000000   Number         0  entry2.o ABSOLUTE
    ../clib/microlib/init/entry.s            0x00000000   Number         0  entry8.o ABSOLUTE
    ../clib/microlib/stdlib/rand.c           0x00000000   Number         0  rand.o ABSOLUTE
    ../clib/microlib/string/memcpy.c         0x00000000   Number         0  memcpyb.o ABSOLUTE
    ../clib/microlib/string/memcpy.c         0x00000000   Number         0  memcpya.o ABSOLUTE
    ../clib/microlib/string/memset.c         0x00000000   Number         0  memseta.o ABSOLUTE
    ../clib/microlib/string/strcpy.c         0x00000000   Number         0  strcpy.o ABSOLUTE
    ../clib/microlib/string/strncpy.c        0x00000000   Number         0  strncpy.o ABSOLUTE
    ../clib/microlib/stubs.s                 0x00000000   Number         0  iusefp.o ABSOLUTE
    ../fplib/microlib/fpadd.c                0x00000000   Number         0  fadd.o ABSOLUTE
    ../fplib/microlib/fpdiv.c                0x00000000   Number         0  fdiv.o ABSOLUTE
    ../fplib/microlib/fpepilogue.c           0x00000000   Number         0  fepilogue.o ABSOLUTE
    ../fplib/microlib/fpfix.c                0x00000000   Number         0  ffixui.o ABSOLUTE
    ../fplib/microlib/fpflt.c                0x00000000   Number         0  ffltui.o ABSOLUTE
    ../fplib/microlib/fpscalb.c              0x00000000   Number         0  fscalb.o ABSOLUTE
    ..\CORE\startup_stm32f10x_md.s           0x00000000   Number         0  startup_stm32f10x_md.o ABSOLUTE
    ..\SYSTEM\CH374HFT.C                     0x00000000   Number         0  ch374hft.o ABSOLUTE
    ..\SYSTEM\clock.c                        0x00000000   Number         0  clock.o ABSOLUTE
    ..\SYSTEM\flash.c                        0x00000000   Number         0  flash.o ABSOLUTE
    ..\SYSTEM\stmlib.c                       0x00000000   Number         0  stmlib.o ABSOLUTE
    CH374BYT.C                               0x00000000   Number         0  CH374BYT.O ABSOLUTE
    CH374MAI.C                               0x00000000   Number         0  CH374MAI.O ABSOLUTE
    CH374SEC.C                               0x00000000   Number         0  CH374SEC.O ABSOLUTE
    dc.s                                     0x00000000   Number         0  dc.o ABSOLUTE
    export.c                                 0x00000000   Number         0  export.o ABSOLUTE
    handlers.s                               0x00000000   Number         0  handlers.o ABSOLUTE
    hb.c                                     0x00000000   Number         0  hb.o ABSOLUTE
    init.s                                   0x00000000   Number         0  init.o ABSOLUTE
    led.c                                    0x00000000   Number         0  led.o ABSOLUTE
    main.c                                   0x00000000   Number         0  main.o ABSOLUTE
    stm32f10x_it.c                           0x00000000   Number         0  stm32f10x_it.o ABSOLUTE
    wifi_init.c                              0x00000000   Number         0  wifi_init.o ABSOLUTE
    RESET                                    0x08000000   Section      236  startup_stm32f10x_md.o(RESET)
    .ARM.Collect$$$$00000000                 0x080000ec   Section        0  entry.o(.ARM.Collect$$$$00000000)
    .ARM.Collect$$$$00000001                 0x080000ec   Section        4  entry2.o(.ARM.Collect$$$$00000001)
    .ARM.Collect$$$$00000004                 0x080000f0   Section        4  entry5.o(.ARM.Collect$$$$00000004)
    .ARM.Collect$$$$00000008                 0x080000f4   Section        0  entry7b.o(.ARM.Collect$$$$00000008)
    .ARM.Collect$$$$00000009                 0x080000f4   Section        8  entry8.o(.ARM.Collect$$$$00000009)
    .ARM.Collect$$$$00002712                 0x080000fc   Section        4  entry2.o(.ARM.Collect$$$$00002712)
    __lit__00000000                          0x080000fc   Data           4  entry2.o(.ARM.Collect$$$$00002712)
    .text                                    0x08000100   Section        0  main.o(.text)
    delay                                    0x08000101   Thumb Code     6  main.o(.text)
    PowerManagerInit                         0x08000107   Thumb Code    20  main.o(.text)
    .text                                    0x08000ea8   Section        0  stm32f10x_it.o(.text)
    .text                                    0x08000ee0   Section        0  led.o(.text)
    delay                                    0x08000ee9   Thumb Code     6  led.o(.text)
    LEDShowVersion                           0x08000fcb   Thumb Code   134  led.o(.text)
    .text                                    0x08004f60   Section        0  export.o(.text)
    DT_SCK                                   0x08004fa1   Thumb Code    26  export.o(.text)
    DT_LT                                    0x08004fbb   Thumb Code    26  export.o(.text)
    .text                                    0x080050fc   Section        0  hb.o(.text)
    .text                                    0x08005edc   Section        0  wifi_init.o(.text)
    .text                                    0x08006544   Section        0  clock.o(.text)
    .text                                    0x08007448   Section        0  flash.o(.text)
    isBusy                                   0x08007493   Thumb Code    36  flash.o(.text)
    FlashUnprotect                           0x080074b7   Thumb Code    76  flash.o(.text)
    .text                                    0x08007684   Section        0  stmlib.o(.text)
    .text                                    0x08008370   Section       28  startup_stm32f10x_md.o(.text)
    .text                                    0x0800838c   Section        0  rand.o(.text)
    .text                                    0x080083b0   Section        0  memcpya.o(.text)
    .text                                    0x080083d4   Section        0  memseta.o(.text)
    .text                                    0x080083f8   Section        0  strncpy.o(.text)
    .text                                    0x08008410   Section        0  strcpy.o(.text)
    .text                                    0x08008422   Section        0  fadd.o(.text)
    .text                                    0x080084d2   Section        0  fdiv.o(.text)
    .text                                    0x08008552   Section        0  fscalb.o(.text)
    .text                                    0x0800856a   Section        0  ffltui.o(.text)
    .text                                    0x08008574   Section        0  ffixui.o(.text)
    .text                                    0x0800859c   Section        0  fepilogue.o(.text)
    .text                                    0x0800859c   Section        0  iusefp.o(.text)
    .text                                    0x08008608   Section       36  init.o(.text)
    .text                                    0x0800862c   Section        0  __dczerorl2.o(.text)
    i.__scatterload_copy                     0x08008688   Section       14  handlers.o(i.__scatterload_copy)
    i.__scatterload_null                     0x08008696   Section        2  handlers.o(i.__scatterload_null)
    i.__scatterload_zeroinit                 0x08008698   Section       14  handlers.o(i.__scatterload_zeroinit)
    .constdata                               0x080086a6   Section      832  led.o(.constdata)
    .constdata                               0x080089e6   Section      214  stmlib.o(.constdata)
    .constdata                               0x08008abc   Section      352  stmlib.o(.constdata)
    .data                                    0x20000000   Section        8  main.o(.data)
    .data                                    0x20000008   Section     1296  led.o(.data)
    cnt                                      0x20000011   Data           1  led.o(.data)
    sw                                       0x20000012   Data           1  led.o(.data)
    temp                                     0x20000013   Data           1  led.o(.data)
    .data                                    0x20000518   Section        1  export.o(.data)
    .data                                    0x20000519   Section        2  hb.o(.data)
    cnt_hb                                   0x20000519   Data           1  hb.o(.data)
    cs                                       0x2000051a   Data           1  hb.o(.data)
    .data                                    0x2000051b   Section       59  wifi_init.o(.data)
    num_error                                0x20000522   Data           1  wifi_init.o(.data)
    error_flage                              0x20000523   Data           1  wifi_init.o(.data)
    enter_num                                0x20000524   Data           1  wifi_init.o(.data)
    .data                                    0x20000558   Section        8  clock.o(.data)
    .data                                    0x20000560   Section        1  stmlib.o(.data)
    .data                                    0x20000564   Section        4  rand.o(.data)
    _rand_state                              0x20000564   Data           4  rand.o(.data)
    .bss                                     0x20000568   Section    11164  led.o(.bss)
    .bss                                     0x20003104   Section       12  export.o(.bss)
    .bss                                     0x20003110   Section      296  hb.o(.bss)
    .bss                                     0x20003238   Section       13  wifi_init.o(.bss)
    .bss                                     0x20003245   Section       11  stmlib.o(.bss)
    STACK                                    0x20003250   Section     2048  startup_stm32f10x_md.o(STACK)

    Global Symbols

    Symbol Name                              Value     Ov Type        Size  Object(Section)

    BuildAttributes$$THM_ISAv4$P$D$K$B$S$PE$A:L22UL41UL21$X:L11$S22US41US21$IEEE1$IW$USESV6$~STKCKD$USESV7$~SHL$OTIME$ROPI$EBA8$MICROLIB$REQ8$PRES8$EABIv2 0x00000000   Number         0  anon$$obj.o ABSOLUTE
    __ARM_use_no_argv                        0x00000000   Number         0  main.o ABSOLUTE
    _clock_init                               - Undefined Weak Reference
    __Vectors_Size                           0x000000ec   Number         0  startup_stm32f10x_md.o ABSOLUTE
    __Vectors                                0x08000000   Data           4  startup_stm32f10x_md.o(RESET)
    __Vectors_End                            0x080000ec   Data           0  startup_stm32f10x_md.o(RESET)
    __main                                   0x080000ed   Thumb Code     0  entry.o(.ARM.Collect$$$$00000000)
    _main_stk                                0x080000ed   Thumb Code     0  entry2.o(.ARM.Collect$$$$00000001)
    _main_scatterload                        0x080000f1   Thumb Code     0  entry5.o(.ARM.Collect$$$$00000004)
    __main_after_scatterload                 0x080000f5   Thumb Code     0  entry5.o(.ARM.Collect$$$$00000004)
    _main_clock                              0x080000f5   Thumb Code     0  entry7b.o(.ARM.Collect$$$$00000008)
    _main_init                               0x080000f5   Thumb Code     0  entry8.o(.ARM.Collect$$$$00000009)
    PVD_IRQHandler                           0x0800011b   Thumb Code    58  main.o(.text)
    main                                     0x08000155   Thumb Code  3392  main.o(.text)
    NMI_Handler                              0x08000ea9   Thumb Code     2  stm32f10x_it.o(.text)
    HardFault_Handler                        0x08000eab   Thumb Code    36  stm32f10x_it.o(.text)
    MemManage_Handler                        0x08000ecf   Thumb Code     2  stm32f10x_it.o(.text)
    BusFault_Handler                         0x08000ed1   Thumb Code     2  stm32f10x_it.o(.text)
    UsageFault_Handler                       0x08000ed3   Thumb Code     2  stm32f10x_it.o(.text)
    SVC_Handler                              0x08000ed5   Thumb Code     2  stm32f10x_it.o(.text)
    DebugMon_Handler                         0x08000ed7   Thumb Code     2  stm32f10x_it.o(.text)
    PendSV_Handler                           0x08000ed9   Thumb Code     2  stm32f10x_it.o(.text)
    SysTick_Handler                          0x08000edb   Thumb Code     2  stm32f10x_it.o(.text)
    LEDPowerLow                              0x08000ee1   Thumb Code     8  led.o(.text)
    flash_read_write                         0x08000eef   Thumb Code   104  led.o(.text)
    ShowRtcError                             0x08000f57   Thumb Code   116  led.o(.text)
    ShowVersion                              0x08001051   Thumb Code    60  led.o(.text)
    clr_screen                               0x0800108d   Thumb Code     6  led.o(.text)
    clear_disp_ram                           0x08001093   Thumb Code    16  led.o(.text)
    init_t4                                  0x080010a3   Thumb Code   118  led.o(.text)
    defaultplay                              0x08001119   Thumb Code     2  led.o(.text)
    read_buf                                 0x0800111b   Thumb Code    50  led.o(.text)
    screen_init                              0x0800114d   Thumb Code   228  led.o(.text)
    info_init                                0x08001231   Thumb Code   246  led.o(.text)
    area_deal                                0x08001327   Thumb Code   268  led.o(.text)
    program_deal                             0x08001433   Thumb Code   410  led.o(.text)
    srs                                      0x080015cd   Thumb Code    18  led.o(.text)
    write_hsel                               0x080015df   Thumb Code   126  led.o(.text)
    getbit                                   0x0800165d   Thumb Code    52  led.o(.text)
    clr_buf                                  0x08001691   Thumb Code    96  led.o(.text)
    still_display                            0x080016f1   Thumb Code   278  led.o(.text)
    pull_up_down_screen                      0x08001807   Thumb Code   234  led.o(.text)
    clear                                    0x080018f1   Thumb Code    40  led.o(.text)
    pull_left_right_screen                   0x08001919   Thumb Code   544  led.o(.text)
    closed_down_screen                       0x08001b39   Thumb Code   194  led.o(.text)
    down_on_screen                           0x08001bfb   Thumb Code    20  led.o(.text)
    left_right_close                         0x08001c0f   Thumb Code   370  led.o(.text)
    left_right_open                          0x08001d81   Thumb Code    22  led.o(.text)
    V_blinds                                 0x08001d97   Thumb Code   304  led.o(.text)
    H_blinds                                 0x08001ec7   Thumb Code   162  led.o(.text)
    up_move                                  0x08001f69   Thumb Code   766  led.o(.text)
    down_move                                0x08002267   Thumb Code   748  led.o(.text)
    left_move                                0x08002553   Thumb Code   914  led.o(.text)
    right_move                               0x080028e5   Thumb Code   970  led.o(.text)
    datadeal_move                            0x08002caf   Thumb Code   248  led.o(.text)
    datadeal_word                            0x08002da7   Thumb Code   242  led.o(.text)
    PutPixel                                 0x08002e99   Thumb Code    88  led.o(.text)
    printf_line                              0x08002ef1   Thumb Code   400  led.o(.text)
    show_second                              0x08003081   Thumb Code   336  led.o(.text)
    datadeal_sim                             0x080031d1   Thumb Code  1524  led.o(.text)
    datadeal_digi                            0x080037c5   Thumb Code   230  led.o(.text)
    datn_deal                                0x080038ab   Thumb Code   484  led.o(.text)
    pro_end                                  0x08003a8f   Thumb Code   146  led.o(.text)
    sj                                       0x08003b21   Thumb Code    52  led.o(.text)
    info_delay                               0x08003b55   Thumb Code    42  led.o(.text)
    datadeal                                 0x08003b7f   Thumb Code   626  led.o(.text)
    fun_time_asc                             0x08003df1   Thumb Code   176  led.o(.text)
    fun_time_zi                              0x08003ea1   Thumb Code   158  led.o(.text)
    time_datadeal                            0x08003f3f   Thumb Code   482  led.o(.text)
    GetCnt                                   0x08004121   Thumb Code    62  led.o(.text)
    timer_bright_set                         0x0800415f   Thumb Code    56  led.o(.text)
    rcc_set                                  0x08004197   Thumb Code    34  led.o(.text)
    USART1_IRQHandler                        0x080041b9   Thumb Code  1652  led.o(.text)
    TIM2_IRQHandler                          0x0800482d   Thumb Code    14  led.o(.text)
    TIM4_IRQHandler                          0x0800483b   Thumb Code    24  led.o(.text)
    TIM3_IRQHandler                          0x08004853   Thumb Code   226  led.o(.text)
    time_sw                                  0x08004935   Thumb Code   218  led.o(.text)
    timer_bright_check                       0x08004a0f   Thumb Code   104  led.o(.text)
    RTC_IRQHandler                           0x08004a77   Thumb Code   280  led.o(.text)
    EXTI15_10_IRQHandler                     0x08004b8f   Thumb Code   358  led.o(.text)
    show                                     0x08004cf5   Thumb Code    62  led.o(.text)
    show_info                                0x08004d33   Thumb Code   108  led.o(.text)
    show_err                                 0x08004d9f   Thumb Code   182  led.o(.text)
    sendtime                                 0x08004e55   Thumb Code    68  led.o(.text)
    flash_check                              0x08004e99   Thumb Code   140  led.o(.text)
    delay_nop                                0x08004f61   Thumb Code    10  export.o(.text)
    FP_SCK                                   0x08004f6b   Thumb Code    26  export.o(.text)
    FP_LT                                    0x08004f85   Thumb Code    28  export.o(.text)
    send_dis_data_12_32                      0x08004fd5   Thumb Code   130  export.o(.text)
    ledplay_denglong                         0x08005057   Thumb Code    98  export.o(.text)
    ledplay_denglongHei                      0x080050b9   Thumb Code    50  export.o(.text)
    hb_way                                   0x080050fd   Thumb Code   152  hb.o(.text)
    area_hb                                  0x08005195   Thumb Code   690  hb.o(.text)
    hb_deal                                  0x08005447   Thumb Code  1204  hb.o(.text)
    hb_move_deal                             0x080058fb   Thumb Code  1280  hb.o(.text)
    clear_hb                                 0x08005dfb   Thumb Code   202  hb.o(.text)
    send_at_start                            0x08005edd   Thumb Code     8  wifi_init.o(.text)
    send_at_WAKEY                            0x08005ee5   Thumb Code    66  wifi_init.o(.text)
    send_at_WAP                              0x08005f27   Thumb Code    82  wifi_init.o(.text)
    send_at_reset                            0x08005f79   Thumb Code    10  wifi_init.o(.text)
    buf_clr                                  0x08005f83   Thumb Code    22  wifi_init.o(.text)
    get_mcu_id                               0x08005f99   Thumb Code    98  wifi_init.o(.text)
    Get_SerialNum                            0x08005ffb   Thumb Code   330  wifi_init.o(.text)
    SET_ESP8266_WAKEY                        0x08006145   Thumb Code   586  wifi_init.o(.text)
    comper_str                               0x0800638f   Thumb Code    34  wifi_init.o(.text)
    TIM1_UP_IRQHandler                       0x080063b1   Thumb Code   312  wifi_init.o(.text)
    __dig_write                              0x08006545   Thumb Code   208  clock.o(.text)
    dig_write                                0x08006615   Thumb Code   500  clock.o(.text)
    asc_check                                0x08006809   Thumb Code   310  clock.o(.text)
    dig_clock_deal                           0x0800693f   Thumb Code  1460  clock.o(.text)
    time_count                               0x08006ef3   Thumb Code  1192  clock.o(.text)
    show_timers                              0x0800739b   Thumb Code   158  clock.o(.text)
    flash_read                               0x08007449   Thumb Code    74  flash.o(.text)
    flash_byte_write                         0x08007503   Thumb Code    78  flash.o(.text)
    flash_chip_erase                         0x08007551   Thumb Code    34  flash.o(.text)
    flash_sum                                0x08007573   Thumb Code    34  flash.o(.text)
    FLASH_Unlock                             0x08007595   Thumb Code    12  flash.o(.text)
    FLASH_Lock                               0x080075a1   Thumb Code    12  flash.o(.text)
    STMFLASH_GetStatus                       0x080075ad   Thumb Code    32  flash.o(.text)
    STMFLASH_WaitDone                        0x080075cd   Thumb Code    28  flash.o(.text)
    FLASH_ErasePage                          0x080075e9   Thumb Code    58  flash.o(.text)
    STMFLASH_WriteWord                       0x08007623   Thumb Code    76  flash.o(.text)
    RCC_Configuration                        0x08007685   Thumb Code   506  stmlib.o(.text)
    uart_init                                0x0800787f   Thumb Code   106  stmlib.o(.text)
    uart2_init                               0x080078e9   Thumb Code   108  stmlib.o(.text)
    timer1_init                              0x08007955   Thumb Code    86  stmlib.o(.text)
    timer_init                               0x080079ab   Thumb Code    54  stmlib.o(.text)
    timer3_init                              0x080079e1   Thumb Code    80  stmlib.o(.text)
    timer_init4                              0x08007a31   Thumb Code   116  stmlib.o(.text)
    TIM4_Cmd                                 0x08007aa5   Thumb Code    12  stmlib.o(.text)
    MY_NVIC_Init                             0x08007ab1   Thumb Code    38  stmlib.o(.text)
    NVIC_Configuration                       0x08007ad7   Thumb Code    80  stmlib.o(.text)
    GPIO_Configuration                       0x08007b27   Thumb Code    58  stmlib.o(.text)
    spi_init                                 0x08007b61   Thumb Code    44  stmlib.o(.text)
    send_byte                                0x08007b8d   Thumb Code    22  stmlib.o(.text)
    Ex_NVIC_Config                           0x08007ba3   Thumb Code    84  stmlib.o(.text)
    exti_init                                0x08007bf7   Thumb Code    34  stmlib.o(.text)
    RTC_GetCounter                           0x08007c19   Thumb Code    26  stmlib.o(.text)
    RTC_SET                                  0x08007c33   Thumb Code    82  stmlib.o(.text)
    gettime                                  0x08007c85   Thumb Code   490  stmlib.o(.text)
    settime                                  0x08007e6f   Thumb Code   312  stmlib.o(.text)
    date_switch                              0x08007fa7   Thumb Code   304  stmlib.o(.text)
    rtc_init                                 0x080080d7   Thumb Code   424  stmlib.o(.text)
    ur                                       0x0800827f   Thumb Code    32  stmlib.o(.text)
    ur2                                      0x0800829f   Thumb Code    32  stmlib.o(.text)
    ut                                       0x080082bf   Thumb Code    16  stmlib.o(.text)
    ut2                                      0x080082cf   Thumb Code    16  stmlib.o(.text)
    send_string                              0x080082df   Thumb Code    38  stmlib.o(.text)
    IWDG_Init                                0x08008305   Thumb Code    24  stmlib.o(.text)
    IWDG_Feed                                0x0800831d   Thumb Code    10  stmlib.o(.text)
    SoftReset                                0x08008327   Thumb Code    14  stmlib.o(.text)
    Reset_Handler                            0x08008371   Thumb Code     4  startup_stm32f10x_md.o(.text)
    ADC1_2_IRQHandler                        0x08008387   Thumb Code     0  startup_stm32f10x_md.o(.text)
    CAN1_RX1_IRQHandler                      0x08008387   Thumb Code     0  startup_stm32f10x_md.o(.text)
    CAN1_SCE_IRQHandler                      0x08008387   Thumb Code     0  startup_stm32f10x_md.o(.text)
    DMA1_Channel1_IRQHandler                 0x08008387   Thumb Code     0  startup_stm32f10x_md.o(.text)
    DMA1_Channel2_IRQHandler                 0x08008387   Thumb Code     0  startup_stm32f10x_md.o(.text)
    DMA1_Channel3_IRQHandler                 0x08008387   Thumb Code     0  startup_stm32f10x_md.o(.text)
    DMA1_Channel4_IRQHandler                 0x08008387   Thumb Code     0  startup_stm32f10x_md.o(.text)
    DMA1_Channel5_IRQHandler                 0x08008387   Thumb Code     0  startup_stm32f10x_md.o(.text)
    DMA1_Channel6_IRQHandler                 0x08008387   Thumb Code     0  startup_stm32f10x_md.o(.text)
    DMA1_Channel7_IRQHandler                 0x08008387   Thumb Code     0  startup_stm32f10x_md.o(.text)
    EXTI0_IRQHandler                         0x08008387   Thumb Code     0  startup_stm32f10x_md.o(.text)
    EXTI1_IRQHandler                         0x08008387   Thumb Code     0  startup_stm32f10x_md.o(.text)
    EXTI2_IRQHandler                         0x08008387   Thumb Code     0  startup_stm32f10x_md.o(.text)
    EXTI3_IRQHandler                         0x08008387   Thumb Code     0  startup_stm32f10x_md.o(.text)
    EXTI4_IRQHandler                         0x08008387   Thumb Code     0  startup_stm32f10x_md.o(.text)
    EXTI9_5_IRQHandler                       0x08008387   Thumb Code     0  startup_stm32f10x_md.o(.text)
    FLASH_IRQHandler                         0x08008387   Thumb Code     0  startup_stm32f10x_md.o(.text)
    I2C1_ER_IRQHandler                       0x08008387   Thumb Code     0  startup_stm32f10x_md.o(.text)
    I2C1_EV_IRQHandler                       0x08008387   Thumb Code     0  startup_stm32f10x_md.o(.text)
    I2C2_ER_IRQHandler                       0x08008387   Thumb Code     0  startup_stm32f10x_md.o(.text)
    I2C2_EV_IRQHandler                       0x08008387   Thumb Code     0  startup_stm32f10x_md.o(.text)
    RCC_IRQHandler                           0x08008387   Thumb Code     0  startup_stm32f10x_md.o(.text)
    RTCAlarm_IRQHandler                      0x08008387   Thumb Code     0  startup_stm32f10x_md.o(.text)
    SPI1_IRQHandler                          0x08008387   Thumb Code     0  startup_stm32f10x_md.o(.text)
    SPI2_IRQHandler                          0x08008387   Thumb Code     0  startup_stm32f10x_md.o(.text)
    TAMPER_IRQHandler                        0x08008387   Thumb Code     0  startup_stm32f10x_md.o(.text)
    TIM1_BRK_IRQHandler                      0x08008387   Thumb Code     0  startup_stm32f10x_md.o(.text)
    TIM1_CC_IRQHandler                       0x08008387   Thumb Code     0  startup_stm32f10x_md.o(.text)
    TIM1_TRG_COM_IRQHandler                  0x08008387   Thumb Code     0  startup_stm32f10x_md.o(.text)
    USART2_IRQHandler                        0x08008387   Thumb Code     0  startup_stm32f10x_md.o(.text)
    USART3_IRQHandler                        0x08008387   Thumb Code     0  startup_stm32f10x_md.o(.text)
    USBWakeUp_IRQHandler                     0x08008387   Thumb Code     0  startup_stm32f10x_md.o(.text)
    USB_HP_CAN1_TX_IRQHandler                0x08008387   Thumb Code     0  startup_stm32f10x_md.o(.text)
    USB_LP_CAN1_RX0_IRQHandler               0x08008387   Thumb Code     0  startup_stm32f10x_md.o(.text)
    WWDG_IRQHandler                          0x08008387   Thumb Code     0  startup_stm32f10x_md.o(.text)
    rand                                     0x0800838d   Thumb Code    20  rand.o(.text)
    srand                                    0x080083a1   Thumb Code     6  rand.o(.text)
    __aeabi_memcpy                           0x080083b1   Thumb Code    36  memcpya.o(.text)
    __aeabi_memcpy4                          0x080083b1   Thumb Code     0  memcpya.o(.text)
    __aeabi_memcpy8                          0x080083b1   Thumb Code     0  memcpya.o(.text)
    __aeabi_memset                           0x080083d5   Thumb Code    14  memseta.o(.text)
    __aeabi_memset4                          0x080083d5   Thumb Code     0  memseta.o(.text)
    __aeabi_memset8                          0x080083d5   Thumb Code     0  memseta.o(.text)
    __aeabi_memclr                           0x080083e3   Thumb Code     4  memseta.o(.text)
    __aeabi_memclr4                          0x080083e3   Thumb Code     0  memseta.o(.text)
    __aeabi_memclr8                          0x080083e3   Thumb Code     0  memseta.o(.text)
    _memset$wrapper                          0x080083e7   Thumb Code    18  memseta.o(.text)
    strncpy                                  0x080083f9   Thumb Code    24  strncpy.o(.text)
    strcpy                                   0x08008411   Thumb Code    18  strcpy.o(.text)
    __aeabi_fadd                             0x08008423   Thumb Code   164  fadd.o(.text)
    __aeabi_fsub                             0x080084c7   Thumb Code     6  fadd.o(.text)
    __aeabi_frsub                            0x080084cd   Thumb Code     6  fadd.o(.text)
    __aeabi_fdiv                             0x080084d3   Thumb Code   128  fdiv.o(.text)
    __ARM_scalbnf                            0x08008553   Thumb Code    24  fscalb.o(.text)
    scalbnf                                  0x08008553   Thumb Code     0  fscalb.o(.text)
    __aeabi_ui2f                             0x0800856b   Thumb Code    10  ffltui.o(.text)
    __aeabi_f2uiz                            0x08008575   Thumb Code    40  ffixui.o(.text)
    __I$use$fp                               0x0800859d   Thumb Code     0  iusefp.o(.text)
    _float_round                             0x0800859d   Thumb Code    18  fepilogue.o(.text)
    _float_epilogue                          0x080085af   Thumb Code    90  fepilogue.o(.text)
    __scatterload                            0x08008609   Thumb Code    28  init.o(.text)
    __scatterload_rt2                        0x08008609   Thumb Code     0  init.o(.text)
    __decompress                             0x0800862d   Thumb Code     0  __dczerorl2.o(.text)
    __decompress1                            0x0800862d   Thumb Code    92  __dczerorl2.o(.text)
    __scatterload_copy                       0x08008689   Thumb Code    14  handlers.o(i.__scatterload_copy)
    __scatterload_null                       0x08008697   Thumb Code     2  handlers.o(i.__scatterload_null)
    __scatterload_zeroinit                   0x08008699   Thumb Code    14  handlers.o(i.__scatterload_zeroinit)
    ucaShowVersion                           0x080086a6   Data         192  led.o(.constdata)
    lenerr                                   0x08008766   Data         128  led.o(.constdata)
    scanerr                                  0x080087e6   Data         128  led.o(.constdata)
    proerr                                   0x08008866   Data         128  led.o(.constdata)
    longerr                                  0x080088e6   Data         128  led.o(.constdata)
    rtcerr                                   0x08008966   Data         128  led.o(.constdata)
    year_date                                0x080089e6   Data         153  stmlib.o(.constdata)
    date_table                               0x08008a7f   Data          12  stmlib.o(.constdata)
    date_year                                0x08008a8b   Data          49  stmlib.o(.constdata)
    card_style                               0x08008abc   Data         352  stmlib.o(.constdata)
    Region$$Table$$Base                      0x08008c1c   Number         0  anon$$obj.o(Region$$Table)
    Region$$Table$$Limit                     0x08008c3c   Number         0  anon$$obj.o(Region$$Table)
    wait_wifi_tt                             0x20000000   Data           1  main.o(.data)
    time_flag                                0x20000001   Data           1  main.o(.data)
    pro_end1                                 0x20000002   Data           1  main.o(.data)
    rtc_error_flag                           0x20000004   Data           4  main.o(.data)
    flashcheckerr                            0x20000008   Data           1  led.o(.data)
    screeniniterr                            0x20000009   Data           1  led.o(.data)
    scan_play                                0x2000000a   Data           1  led.o(.data)
    area_c                                   0x2000000b   Data           1  led.o(.data)
    offset                                   0x2000000c   Data           1  led.o(.data)
    didi                                     0x2000000d   Data           1  led.o(.data)
    time_num                                 0x2000000e   Data           1  led.o(.data)
    K                                        0x2000000f   Data           1  led.o(.data)
    buf_num                                  0x20000010   Data           1  led.o(.data)
    offset_green                             0x20000014   Data           1  led.o(.data)
    pro_flag                                 0x20000015   Data           1  led.o(.data)
    area_num                                 0x20000016   Data           1  led.o(.data)
    bright                                   0x20000017   Data           1  led.o(.data)
    ticks                                    0x20000018   Data           1  led.o(.data)
    sec_flag                                 0x20000019   Data           1  led.o(.data)
    pro_num                                  0x2000001a   Data           1  led.o(.data)
    pro_c                                    0x2000001b   Data           1  led.o(.data)
    mm_set_en                                0x2000001c   Data           1  led.o(.data)
    scr_onoff                                0x2000001d   Data           1  led.o(.data)
    __didi                                   0x2000001e   Data           1  led.o(.data)
    g_wShowVersionCnt                        0x20000020   Data           2  led.o(.data)
    screen_len                               0x20000022   Data           2  led.o(.data)
    datn16                                   0x20000024   Data           2  led.o(.data)
    show_timer                               0x20000026   Data           2  led.o(.data)
    var                                      0x20000028   Data           2  led.o(.data)
    time_sj                                  0x2000002c   Data           4  led.o(.data)
    led_play                                 0x20000030   Data           4  led.o(.data)
    pArg                                     0x20000034   Data           4  led.o(.data)
    flash_addr                               0x20000038   Data           4  led.o(.data)
    pro_addr                                 0x2000003c   Data           4  led.o(.data)
    year                                     0x20000040   Data          60  led.o(.data)
    month                                    0x2000007c   Data          60  led.o(.data)
    xing                                     0x200000b8   Data          60  led.o(.data)
    qi                                       0x200000f4   Data          60  led.o(.data)
    shi                                      0x20000130   Data          60  led.o(.data)
    fen                                      0x2000016c   Data          60  led.o(.data)
    miao                                     0x200001a8   Data          60  led.o(.data)
    shuzi                                    0x200001e4   Data         400  led.o(.data)
    xingqi                                   0x20000374   Data         420  led.o(.data)
    dis_length                               0x20000518   Data           1  export.o(.data)
    timer1_flag                              0x2000051b   Data           1  wifi_init.o(.data)
    sendflag                                 0x2000051c   Data           1  wifi_init.o(.data)
    wifiinit                                 0x2000051d   Data           1  wifi_init.o(.data)
    config_tim                               0x2000051e   Data           1  wifi_init.o(.data)
    config_step                              0x2000051f   Data           1  wifi_init.o(.data)
    init_finish                              0x20000520   Data           1  wifi_init.o(.data)
    channel_num                              0x20000521   Data           1  wifi_init.o(.data)
    wifi_init_flag                           0x20000525   Data           1  wifi_init.o(.data)
    at_start                                 0x20000526   Data           3  wifi_init.o(.data)
    WiFi_AT_AT                               0x20000529   Data           3  wifi_init.o(.data)
    WiFi_AT_Z                                0x2000052c   Data           5  wifi_init.o(.data)
    WiFi_WAP_CONFIG2                         0x20000531   Data           6  wifi_init.o(.data)
    WiFi_AT_WAKEY                            0x20000537   Data          17  wifi_init.o(.data)
    WiFi_AT_WAP                              0x20000548   Data          14  wifi_init.o(.data)
    date32                                   0x20000558   Data           4  clock.o(.data)
    time32                                   0x2000055c   Data           4  clock.o(.data)
    Frequency                                0x20000560   Data           1  stmlib.o(.data)
    ledtime                                  0x20000568   Data          14  led.o(.bss)
    scr_info                                 0x20000578   Data          24  led.o(.bss)
    area                                     0x20000590   Data         608  led.o(.bss)
    sim                                      0x200007f0   Data          36  led.o(.bss)
    leddata                                  0x20000814   Data        8192  led.o(.bss)
    buf                                      0x20002814   Data          40  led.o(.bss)
    sim_buf_red                              0x2000283c   Data        1024  led.o(.bss)
    sim_buf_green                            0x20002c3c   Data        1024  led.o(.bss)
    usart_buf                                0x2000303c   Data         200  led.o(.bss)
    all_scall_face                           0x20003104   Data          12  export.o(.bss)
    hb_l                                     0x20003110   Data          70  hb.o(.bss)
    hb_lgreen                                0x20003156   Data          70  hb.o(.bss)
    hb_r                                     0x2000319c   Data          70  hb.o(.bss)
    hb_rgreen                                0x200031e2   Data          70  hb.o(.bss)
    hb                                       0x20003228   Data          16  hb.o(.bss)
    ap_name                                  0x20003238   Data          13  wifi_init.o(.bss)
    cardNum                                  0x20003245   Data          11  stmlib.o(.bss)
    __initial_sp                             0x20003a50   Data           0  startup_stm32f10x_md.o(STACK)



==============================================================================

Memory Map of the image

  Image Entry point : 0x080000ed

  Load Region LR_IROM1 (Base: 0x08000000, Size: 0x000091a4, Max: 0x00010000, ABSOLUTE, COMPRESSED[0x00008eb0])

    Execution Region ER_IROM1 (Base: 0x08000000, Size: 0x00008c3c, Max: 0x00010000, ABSOLUTE)

    Base Addr    Size         Type   Attr      Idx    E Section Name        Object

    0x08000000   0x000000ec   Data   RO          291    RESET               startup_stm32f10x_md.o
    0x080000ec   0x00000000   Code   RO          304  * .ARM.Collect$$$$00000000  mc_w.l(entry.o)
    0x080000ec   0x00000004   Code   RO          330    .ARM.Collect$$$$00000001  mc_w.l(entry2.o)
    0x080000f0   0x00000004   Code   RO          333    .ARM.Collect$$$$00000004  mc_w.l(entry5.o)
    0x080000f4   0x00000000   Code   RO          335    .ARM.Collect$$$$00000008  mc_w.l(entry7b.o)
    0x080000f4   0x00000008   Code   RO          336    .ARM.Collect$$$$00000009  mc_w.l(entry8.o)
    0x080000fc   0x00000004   Code   RO          331    .ARM.Collect$$$$00002712  mc_w.l(entry2.o)
    0x08000100   0x00000da8   Code   RO            1    .text               main.o
    0x08000ea8   0x00000038   Code   RO           51    .text               stm32f10x_it.o
    0x08000ee0   0x00004080   Code   RO           79    .text               led.o
    0x08004f60   0x0000019c   Code   RO          103    .text               export.o
    0x080050fc   0x00000de0   Code   RO          144    .text               hb.o
    0x08005edc   0x00000668   Code   RO          161    .text               wifi_init.o
    0x08006544   0x00000f04   Code   RO          227    .text               clock.o
    0x08007448   0x0000023c   Code   RO          246    .text               flash.o
    0x08007684   0x00000cec   Code   RO          266    .text               stmlib.o
    0x08008370   0x0000001c   Code   RO          292    .text               startup_stm32f10x_md.o
    0x0800838c   0x00000024   Code   RO          307    .text               mc_w.l(rand.o)
    0x080083b0   0x00000024   Code   RO          310    .text               mc_w.l(memcpya.o)
    0x080083d4   0x00000024   Code   RO          312    .text               mc_w.l(memseta.o)
    0x080083f8   0x00000018   Code   RO          314    .text               mc_w.l(strncpy.o)
    0x08008410   0x00000012   Code   RO          316    .text               mc_w.l(strcpy.o)
    0x08008422   0x000000b0   Code   RO          320    .text               mf_w.l(fadd.o)
    0x080084d2   0x00000080   Code   RO          322    .text               mf_w.l(fdiv.o)
    0x08008552   0x00000018   Code   RO          324    .text               mf_w.l(fscalb.o)
    0x0800856a   0x0000000a   Code   RO          326    .text               mf_w.l(ffltui.o)
    0x08008574   0x00000028   Code   RO          328    .text               mf_w.l(ffixui.o)
    0x0800859c   0x00000000   Code   RO          337    .text               mc_w.l(iusefp.o)
    0x0800859c   0x0000006c   Code   RO          338    .text               mf_w.l(fepilogue.o)
    0x08008608   0x00000024   Code   RO          340    .text               mc_w.l(init.o)
    0x0800862c   0x0000005c   Code   RO          350    .text               mc_w.l(__dczerorl2.o)
    0x08008688   0x0000000e   Code   RO          344    i.__scatterload_copy  mc_w.l(handlers.o)
    0x08008696   0x00000002   Code   RO          345    i.__scatterload_null  mc_w.l(handlers.o)
    0x08008698   0x0000000e   Code   RO          346    i.__scatterload_zeroinit  mc_w.l(handlers.o)
    0x080086a6   0x00000340   Data   RO           81    .constdata          led.o
    0x080089e6   0x000000d6   Data   RO          268    .constdata          stmlib.o
    0x08008abc   0x00000160   Data   RO          269    .constdata          stmlib.o
    0x08008c1c   0x00000020   Data   RO          342    Region$$Table       anon$$obj.o


    Execution Region RW_IRAM1 (Base: 0x20000000, Size: 0x00003a50, Max: 0x00005000, ABSOLUTE, COMPRESSED[0x00000274])

    Base Addr    Size         Type   Attr      Idx    E Section Name        Object

    0x20000000   0x00000008   Data   RW            2    .data               main.o
    0x20000008   0x00000510   Data   RW           84    .data               led.o
    0x20000518   0x00000001   Data   RW          119    .data               export.o
    0x20000519   0x00000002   Data   RW          146    .data               hb.o
    0x2000051b   0x0000003b   Data   RW          163    .data               wifi_init.o
    0x20000556   0x00000002   PAD
    0x20000558   0x00000008   Data   RW          228    .data               clock.o
    0x20000560   0x00000001   Data   RW          270    .data               stmlib.o
    0x20000561   0x00000003   PAD
    0x20000564   0x00000004   Data   RW          308    .data               mc_w.l(rand.o)
    0x20000568   0x00002b9c   Zero   RW           80    .bss                led.o
    0x20003104   0x0000000c   Zero   RW          104    .bss                export.o
    0x20003110   0x00000128   Zero   RW          145    .bss                hb.o
    0x20003238   0x0000000d   Zero   RW          162    .bss                wifi_init.o
    0x20003245   0x0000000b   Zero   RW          267    .bss                stmlib.o
    0x20003250   0x00000800   Zero   RW          289    STACK               startup_stm32f10x_md.o


==============================================================================

Image component sizes


      Code (inc. data)   RO Data    RW Data    ZI Data      Debug   Object Name

         0          0          0          0          0       2028   ch374hft.o
      3844         94          0          8          0       7432   clock.o
       412         18          0          1         12       4661   export.o
       572         22          0          0          0     204581   flash.o
      3552         98          0          2        296       7086   hb.o
     16512        556        832       1296      11164      42219   led.o
      3496        144          0          8          0     215363   main.o
        28          4        236          0       2048        788   startup_stm32f10x_md.o
        56          4          0          0          0     202918   stm32f10x_it.o
      3308        224        566          1         11      24756   stmlib.o
      1640        224          0         59         13       5245   wifi_init.o

    ----------------------------------------------------------------------
     33420       1388       1666       1380      13544     717077   Object Totals
         0          0         32          0          0          0   (incl. Generated)
         0          0          0          5          0          0   (incl. Padding)

    ----------------------------------------------------------------------

      Code (inc. data)   RO Data    RW Data    ZI Data      Debug   Library Member Name

        92          0          0          0          0          0   __dczerorl2.o
         0          0          0          0          0          0   entry.o
         8          4          0          0          0          0   entry2.o
         4          0          0          0          0          0   entry5.o
         0          0          0          0          0          0   entry7b.o
         8          4          0          0          0          0   entry8.o
        30          0          0          0          0          0   handlers.o
        36          8          0          0          0         68   init.o
         0          0          0          0          0          0   iusefp.o
        36          0          0          0          0         68   memcpya.o
        36          0          0          0          0        108   memseta.o
        36         10          0          4          0        136   rand.o
        18          0          0          0          0         68   strcpy.o
        24          0          0          0          0         76   strncpy.o
       176          0          0          0          0        140   fadd.o
       128          0          0          0          0         88   fdiv.o
       108          0          0          0          0        168   fepilogue.o
        40          0          0          0          0         68   ffixui.o
        10          0          0          0          0         68   ffltui.o
        24          0          0          0          0         68   fscalb.o

    ----------------------------------------------------------------------
       814         26          0          4          0       1124   Library Totals
         0          0          0          0          0          0   (incl. Padding)

    ----------------------------------------------------------------------

      Code (inc. data)   RO Data    RW Data    ZI Data      Debug   Library Name

       328         26          0          4          0        524   mc_w.l
       486          0          0          0          0        600   mf_w.l

    ----------------------------------------------------------------------
       814         26          0          4          0       1124   Library Totals

    ----------------------------------------------------------------------

==============================================================================


      Code (inc. data)   RO Data    RW Data    ZI Data      Debug   

     34234       1414       1666       1384      13544     716901   Grand Totals
     34234       1414       1666        628      13544     716901   ELF Image Totals (compressed)
     34234       1414       1666        628          0          0   ROM Totals

==============================================================================

    Total RO  Size (Code + RO Data)                35900 (  35.06kB)
    Total RW  Size (RW Data + ZI Data)             14928 (  14.58kB)
    Total ROM Size (Code + RO Data + RW Data)      36528 (  35.67kB)

==============================================================================

